Archive member included to satisfy reference by file (symbol)

c:/progra~2/gnutoo~1/62017-~1/bin/../lib/gcc/arm-none-eabi/6.3.1/thumb/v6-m\libgcc.a(_dvmd_tls.o)
                              CMakeFiles/repl.dir/C_/Users/pico/pico-sdk/src/rp2_common/pico_divider/divider.S.obj (__aeabi_idiv0)
c:/progra~2/gnutoo~1/62017-~1/bin/../lib/gcc/arm-none-eabi/6.3.1/../../../../arm-none-eabi/lib/thumb/v6-m\libc.a(lib_a-calloc.o)
                              CMakeFiles/repl.dir/C_/Users/pico/pico-sdk/src/rp2_common/pico_malloc/pico_malloc.c.obj (calloc)
c:/progra~2/gnutoo~1/62017-~1/bin/../lib/gcc/arm-none-eabi/6.3.1/../../../../arm-none-eabi/lib/thumb/v6-m\libc.a(lib_a-callocr.o)
                              c:/progra~2/gnutoo~1/62017-~1/bin/../lib/gcc/arm-none-eabi/6.3.1/../../../../arm-none-eabi/lib/thumb/v6-m\libc.a(lib_a-calloc.o) (_calloc_r)
c:/progra~2/gnutoo~1/62017-~1/bin/../lib/gcc/arm-none-eabi/6.3.1/../../../../arm-none-eabi/lib/thumb/v6-m\libc.a(lib_a-impure.o)
                              CMakeFiles/repl.dir/C_/Users/pico/pico-sdk/src/common/pico_util/pheap.c.obj (_impure_ptr)
c:/progra~2/gnutoo~1/62017-~1/bin/../lib/gcc/arm-none-eabi/6.3.1/../../../../arm-none-eabi/lib/thumb/v6-m\libc.a(lib_a-init.o)
                              c:/progra~2/gnutoo~1/62017-~1/bin/../lib/gcc/arm-none-eabi/6.3.1/../../../../arm-none-eabi/lib/thumb/v6-m/crt0.o (__libc_init_array)
c:/progra~2/gnutoo~1/62017-~1/bin/../lib/gcc/arm-none-eabi/6.3.1/../../../../arm-none-eabi/lib/thumb/v6-m\libc.a(lib_a-malloc.o)
                              CMakeFiles/repl.dir/C_/Users/pico/pico-sdk/src/rp2_common/pico_malloc/pico_malloc.c.obj (malloc)
c:/progra~2/gnutoo~1/62017-~1/bin/../lib/gcc/arm-none-eabi/6.3.1/../../../../arm-none-eabi/lib/thumb/v6-m\libc.a(lib_a-mallocr.o)
                              c:/progra~2/gnutoo~1/62017-~1/bin/../lib/gcc/arm-none-eabi/6.3.1/../../../../arm-none-eabi/lib/thumb/v6-m\libc.a(lib_a-callocr.o) (_malloc_r)
c:/progra~2/gnutoo~1/62017-~1/bin/../lib/gcc/arm-none-eabi/6.3.1/../../../../arm-none-eabi/lib/thumb/v6-m\libc.a(lib_a-mlock.o)
                              c:/progra~2/gnutoo~1/62017-~1/bin/../lib/gcc/arm-none-eabi/6.3.1/../../../../arm-none-eabi/lib/thumb/v6-m\libc.a(lib_a-mallocr.o) (__malloc_lock)
c:/progra~2/gnutoo~1/62017-~1/bin/../lib/gcc/arm-none-eabi/6.3.1/../../../../arm-none-eabi/lib/thumb/v6-m\libc.a(lib_a-rand.o)
                              CMakeFiles/repl.dir/ws2812.c.obj (rand)
c:/progra~2/gnutoo~1/62017-~1/bin/../lib/gcc/arm-none-eabi/6.3.1/../../../../arm-none-eabi/lib/thumb/v6-m\libc.a(lib_a-realloc.o)
                              CMakeFiles/repl.dir/C_/Users/pico/pico-sdk/src/rp2_common/pico_malloc/pico_malloc.c.obj (realloc)
c:/progra~2/gnutoo~1/62017-~1/bin/../lib/gcc/arm-none-eabi/6.3.1/../../../../arm-none-eabi/lib/thumb/v6-m\libc.a(lib_a-reallocr.o)
                              c:/progra~2/gnutoo~1/62017-~1/bin/../lib/gcc/arm-none-eabi/6.3.1/../../../../arm-none-eabi/lib/thumb/v6-m\libc.a(lib_a-realloc.o) (_realloc_r)
c:/progra~2/gnutoo~1/62017-~1/bin/../lib/gcc/arm-none-eabi/6.3.1/../../../../arm-none-eabi/lib/thumb/v6-m\libc.a(lib_a-sbrkr.o)
                              c:/progra~2/gnutoo~1/62017-~1/bin/../lib/gcc/arm-none-eabi/6.3.1/../../../../arm-none-eabi/lib/thumb/v6-m\libc.a(lib_a-mallocr.o) (_sbrk_r)
c:/progra~2/gnutoo~1/62017-~1/bin/../lib/gcc/arm-none-eabi/6.3.1/../../../../arm-none-eabi/lib/thumb/v6-m\libc.a(lib_a-strlen-stub.o)
                              CMakeFiles/repl.dir/C_/Users/pico/pico-sdk/src/rp2_common/pico_stdio/stdio.c.obj (strlen)
c:/progra~2/gnutoo~1/62017-~1/bin/../lib/gcc/arm-none-eabi/6.3.1/../../../../arm-none-eabi/lib/thumb/v6-m\libc.a(lib_a-wbuf.o)
                              CMakeFiles/repl.dir/C_/Users/pico/pico-sdk/src/common/pico_util/pheap.c.obj (__swbuf_r)
c:/progra~2/gnutoo~1/62017-~1/bin/../lib/gcc/arm-none-eabi/6.3.1/../../../../arm-none-eabi/lib/thumb/v6-m\libc.a(lib_a-wsetup.o)
                              c:/progra~2/gnutoo~1/62017-~1/bin/../lib/gcc/arm-none-eabi/6.3.1/../../../../arm-none-eabi/lib/thumb/v6-m\libc.a(lib_a-wbuf.o) (__swsetup_r)
c:/progra~2/gnutoo~1/62017-~1/bin/../lib/gcc/arm-none-eabi/6.3.1/../../../../arm-none-eabi/lib/thumb/v6-m\libc.a(lib_a-fflush.o)
                              c:/progra~2/gnutoo~1/62017-~1/bin/../lib/gcc/arm-none-eabi/6.3.1/../../../../arm-none-eabi/lib/thumb/v6-m\libc.a(lib_a-wbuf.o) (_fflush_r)
c:/progra~2/gnutoo~1/62017-~1/bin/../lib/gcc/arm-none-eabi/6.3.1/../../../../arm-none-eabi/lib/thumb/v6-m\libc.a(lib_a-findfp.o)
                              c:/progra~2/gnutoo~1/62017-~1/bin/../lib/gcc/arm-none-eabi/6.3.1/../../../../arm-none-eabi/lib/thumb/v6-m\libc.a(lib_a-wbuf.o) (__sinit)
c:/progra~2/gnutoo~1/62017-~1/bin/../lib/gcc/arm-none-eabi/6.3.1/../../../../arm-none-eabi/lib/thumb/v6-m\libc.a(lib_a-freer.o)
                              c:/progra~2/gnutoo~1/62017-~1/bin/../lib/gcc/arm-none-eabi/6.3.1/../../../../arm-none-eabi/lib/thumb/v6-m\libc.a(lib_a-malloc.o) (_free_r)
[...]
Memory Configuration

Name             Origin             Length             Attributes
FLASH            0x10000000         0x00200000         xr
RAM              0x20000000         0x00040000         xrw
SCRATCH_X        0x20040000         0x00001000         xrw
SCRATCH_Y        0x20041000         0x00001000         xrw
*default*        0x00000000         0xffffffff

Linker script and memory map

LOAD c:/progra~2/gnutoo~1/62017-~1/bin/../lib/gcc/arm-none-eabi/6.3.1/thumb/v6-m/crti.o
LOAD c:/progra~2/gnutoo~1/62017-~1/bin/../lib/gcc/arm-none-eabi/6.3.1/thumb/v6-m/crtbegin.o
LOAD c:/progra~2/gnutoo~1/62017-~1/bin/../lib/gcc/arm-none-eabi/6.3.1/../../../../arm-none-eabi/lib/thumb/v6-m/crt0.o

.flash_begin    0x10000000        0x0
                0x10000000                __flash_binary_start = .

.boot2          0x10000000      0x100
                0x10000000                __boot2_start__ = .
 *(.boot2)
 .boot2         0x10000000      0x100 C:\Users\24664\AppData\Local\Temp\cc0LRGmy.o
                0x10000100                __boot2_end__ = .
                0x00000001                ASSERT (((__boot2_end__ - __boot2_start__) == 0x100), ERROR: Pico second stage bootloader must be 256 bytes in size)

.text           0x10000100     0x8cc0
                0x10000100                __logical_binary_start = .
 *(.vectors)
 .vectors       0x10000100       0xd4 CMakeFiles/repl.dir/C_/Users/pico/pico-sdk/src/rp2_common/pico_standard_link/crt0.S.obj
                0x10000100                __VECTOR_TABLE
                0x10000100                __vectors
                0x100001c0                isr_invalid
                0x100001c0                __default_isrs_start
                0x100001c2                isr_nmi
                0x100001c4                isr_hardfault
                0x100001c6                isr_svcall
                0x100001c8                isr_pendsv
                0x100001ca                isr_systick
                0x100001cc                isr_irq23
                0x100001cc                isr_irq18
                0x100001cc                isr_irq11
                0x100001cc                isr_irq28
                0x100001cc                isr_irq19
                0x100001cc                isr_irq0
                0x100001cc                isr_irq6
                0x100001cc                isr_irq5
                0x100001cc                isr_irq12
                0x100001cc                isr_irq22
                0x100001cc                isr_irq31
                0x100001cc                isr_irq17
                0x100001cc                isr_irq27
                0x100001cc                isr_irq30
                0x100001cc                isr_irq2
                0x100001cc                isr_irq10
                0x100001cc                isr_irq8
                0x100001cc                isr_irq24
                0x100001cc                isr_irq1
                0x100001cc                isr_irq7
                0x100001cc                isr_irq21
                0x100001cc                isr_irq20
                0x100001cc                isr_irq15
                0x100001cc                isr_irq25
                0x100001cc                isr_irq13
                0x100001cc                __unhandled_user_irq
                0x100001cc                isr_irq4
                0x100001cc                isr_irq16
                0x100001cc                isr_irq29
                0x100001cc                isr_irq26
                0x100001cc                __default_isrs_end
                0x100001cc                isr_irq3
                0x100001cc                isr_irq14
                0x100001cc                isr_irq9
                0x100001d2                unhandled_user_irq_num_in_r0
 *(.binary_info_header)
 .binary_info_header
                0x100001d4       0x14 CMakeFiles/repl.dir/C_/Users/pico/pico-sdk/src/rp2_common/pico_standard_link/crt0.S.obj
                0x100001e8                __binary_info_header_end = .
 *(.reset)
 .reset         0x100001e8       0xa8 CMakeFiles/repl.dir/C_/Users/pico/pico-sdk/src/rp2_common/pico_standard_link/crt0.S.obj
                0x100001e8                _entry_point
                0x10000266                __get_current_exception
 .reset         0x10000290       0x30 CMakeFiles/repl.dir/C_/Users/pico/pico-sdk/src/rp2_common/pico_standard_link/binary_info.c.obj
 *(.init)
 .init          0x100002c0        0x4 c:/progra~2/gnutoo~1/62017-~1/bin/../lib/gcc/arm-none-eabi/6.3.1/thumb/v6-m/crti.o
                0x100002c0                _init
 *(EXCLUDE_FILE(*libm.a: *libc.a:*lib_a-mem*.o *libgcc.a:) .text*)
 .text          0x100002c4       0x60 c:/progra~2/gnutoo~1/62017-~1/bin/../lib/gcc/arm-none-eabi/6.3.1/thumb/v6-m/crtbegin.o
 .text.startup.main
                0x10000324       0xc0 CMakeFiles/repl.dir/sequencer.c.obj
                0x10000324                main
 .text.neopixel_init
                0x100003e4       0xc8 CMakeFiles/repl.dir/ws2812.c.obj
                0x100003e4                neopixel_init
 .text.set_neopixel_color
                0x100004ac       0x30 CMakeFiles/repl.dir/ws2812.c.obj
                0x100004ac                set_neopixel_color
 .text.gpio_set_function
                0x100004dc       0x30 CMakeFiles/repl.dir/C_/Users/pico/pico-sdk/src/rp2_common/hardware_gpio/gpio.c.obj
                0x100004dc                gpio_set_function
 .text.gpio_init
                0x1000050c       0x3c CMakeFiles/repl.dir/C_/Users/pico/pico-sdk/src/rp2_common/hardware_gpio/gpio.c.obj
                0x1000050c                gpio_init
 .text.hw_claim_lock
                0x10000548       0x18 CMakeFiles/repl.dir/C_/Users/pico/pico-sdk/src/rp2_common/hardware_claim/claim.c.obj
                0x10000548                hw_claim_lock
 .text.hw_claim_unlock
                0x10000560       0x14 CMakeFiles/repl.dir/C_/Users/pico/pico-sdk/src/rp2_common/hardware_claim/claim.c.obj
                0x10000560                hw_claim_unlock
 .text.hw_claim_or_assert
                0x10000574       0x44 CMakeFiles/repl.dir/C_/Users/pico/pico-sdk/src/rp2_common/hardware_claim/claim.c.obj
                0x10000574                hw_claim_or_assert
 .text.hw_claim_unused_from_range
                0x100005b8       0x8c CMakeFiles/repl.dir/C_/Users/pico/pico-sdk/src/rp2_common/hardware_claim/claim.c.obj
                0x100005b8                hw_claim_unused_from_range
 .text.running_on_fpga
                0x10000644       0x10 CMakeFiles/repl.dir/C_/Users/pico/pico-sdk/src/rp2_common/pico_platform/platform.c.obj
                0x10000644                running_on_fpga
 .text.spin_locks_reset
                0x10000654       0x1c CMakeFiles/repl.dir/C_/Users/pico/pico-sdk/src/rp2_common/hardware_sync/sync.c.obj
                0x10000654                spin_locks_reset
 .text.next_striped_spin_lock_num
                0x10000670       0x18 CMakeFiles/repl.dir/C_/Users/pico/pico-sdk/src/rp2_common/hardware_sync/sync.c.obj
                0x10000670                next_striped_spin_lock_num
 .text.spin_lock_claim_unused
                0x10000688       0x20 CMakeFiles/repl.dir/C_/Users/pico/pico-sdk/src/rp2_common/hardware_sync/sync.c.obj
                0x10000688                spin_lock_claim_unused
 .text.irq_set_enabled
                0x100006a8       0x24 CMakeFiles/repl.dir/C_/Users/pico/pico-sdk/src/rp2_common/hardware_irq/irq.c.obj
                0x100006a8                irq_set_enabled
 .text.irq_set_pending
                0x100006cc       0x10 CMakeFiles/repl.dir/C_/Users/pico/pico-sdk/src/rp2_common/hardware_irq/irq.c.obj
                0x100006cc                irq_set_pending
 .text.irq_has_shared_handler
                0x100006dc       0x2c CMakeFiles/repl.dir/C_/Users/pico/pico-sdk/src/rp2_common/hardware_irq/irq.c.obj
                0x100006dc                irq_has_shared_handler
 .text.irq_get_vtable_handler
                0x10000708       0x10 CMakeFiles/repl.dir/C_/Users/pico/pico-sdk/src/rp2_common/hardware_irq/irq.c.obj
                0x10000708                irq_get_vtable_handler
 .text.irq_set_exclusive_handler
                0x10000718       0x54 CMakeFiles/repl.dir/C_/Users/pico/pico-sdk/src/rp2_common/hardware_irq/irq.c.obj
                0x10000718                irq_set_exclusive_handler
 .text.irq_add_shared_handler
                0x1000076c      0x1cc CMakeFiles/repl.dir/C_/Users/pico/pico-sdk/src/rp2_common/hardware_irq/irq.c.obj
                0x1000076c                irq_add_shared_handler
 .text.irq_remove_handler
                0x10000938      0x1b8 CMakeFiles/repl.dir/C_/Users/pico/pico-sdk/src/rp2_common/hardware_irq/irq.c.obj
                0x10000938                irq_remove_handler
 .text.irq_add_tail_to_free_list
                0x10000af0       0xb4 CMakeFiles/repl.dir/C_/Users/pico/pico-sdk/src/rp2_common/hardware_irq/irq.c.obj
                0x10000af0                irq_add_tail_to_free_list
 .text.irq_init_priorities
                0x10000ba4       0x48 CMakeFiles/repl.dir/C_/Users/pico/pico-sdk/src/rp2_common/hardware_irq/irq.c.obj
                0x10000ba4                irq_init_priorities
 .text.user_irq_claim_unused
                0x10000bec       0x30 CMakeFiles/repl.dir/C_/Users/pico/pico-sdk/src/rp2_common/hardware_irq/irq.c.obj
                0x10000bec                user_irq_claim_unused
 .text.lock_init
                0x10000c1c       0x10 CMakeFiles/repl.dir/C_/Users/pico/pico-sdk/src/common/pico_sync/lock_core.c.obj
                0x10000c1c                lock_init
 .text.timer_pool_entry_comparator
                0x10000c2c       0x34 CMakeFiles/repl.dir/C_/Users/pico/pico-sdk/src/common/pico_time/time.c.obj
                0x10000c2c                timer_pool_entry_comparator
 .text.sleep_until_callback
                0x10000c60       0x30 CMakeFiles/repl.dir/C_/Users/pico/pico-sdk/src/common/pico_time/time.c.obj
 .text.add_alarm_under_lock
                0x10000c90      0x124 CMakeFiles/repl.dir/C_/Users/pico/pico-sdk/src/common/pico_time/time.c.obj
 .text.alarm_pool_alarm_callback
                0x10000db4      0x1dc CMakeFiles/repl.dir/C_/Users/pico/pico-sdk/src/common/pico_time/time.c.obj
 .text.alarm_pool_init_default
                0x10000f90       0x64 CMakeFiles/repl.dir/C_/Users/pico/pico-sdk/src/common/pico_time/time.c.obj
                0x10000f90                alarm_pool_init_default
 .text.alarm_pool_get_default
                0x10000ff4        0x8 CMakeFiles/repl.dir/C_/Users/pico/pico-sdk/src/common/pico_time/time.c.obj
                0x10000ff4                alarm_pool_get_default
 .text.alarm_pool_add_alarm_at
                0x10000ffc      0x1a0 CMakeFiles/repl.dir/C_/Users/pico/pico-sdk/src/common/pico_time/time.c.obj
                0x10000ffc                alarm_pool_add_alarm_at
 .text.sleep_until
                0x1000119c      0x1e4 CMakeFiles/repl.dir/C_/Users/pico/pico-sdk/src/common/pico_time/time.c.obj
                0x1000119c                sleep_until
 .text.sleep_ms
                0x10001380       0x38 CMakeFiles/repl.dir/C_/Users/pico/pico-sdk/src/common/pico_time/time.c.obj
                0x10001380                sleep_ms
 .text.best_effort_wfe_or_timeout
                0x100013b8      0x1c8 CMakeFiles/repl.dir/C_/Users/pico/pico-sdk/src/common/pico_time/time.c.obj
                0x100013b8                best_effort_wfe_or_timeout
 .text.hardware_alarm_irq_handler
                0x10001580       0xa0 CMakeFiles/repl.dir/C_/Users/pico/pico-sdk/src/rp2_common/hardware_timer/timer.c.obj
 .text.hardware_alarm_claim
                0x10001620       0x18 CMakeFiles/repl.dir/C_/Users/pico/pico-sdk/src/rp2_common/hardware_timer/timer.c.obj
                0x10001620                hardware_alarm_claim
 .text.time_us_64
                0x10001638       0x18 CMakeFiles/repl.dir/C_/Users/pico/pico-sdk/src/rp2_common/hardware_timer/timer.c.obj
                0x10001638                time_us_64
 .text.busy_wait_us
                0x10001650       0x54 CMakeFiles/repl.dir/C_/Users/pico/pico-sdk/src/rp2_common/hardware_timer/timer.c.obj
                0x10001650                busy_wait_us
 .text.busy_wait_until
                0x100016a4       0x20 CMakeFiles/repl.dir/C_/Users/pico/pico-sdk/src/rp2_common/hardware_timer/timer.c.obj
                0x100016a4                busy_wait_until
 .text.hardware_alarm_set_callback
                0x100016c4       0x8c CMakeFiles/repl.dir/C_/Users/pico/pico-sdk/src/rp2_common/hardware_timer/timer.c.obj
                0x100016c4                hardware_alarm_set_callback
 .text.hardware_alarm_set_target
                0x10001750       0xdc CMakeFiles/repl.dir/C_/Users/pico/pico-sdk/src/rp2_common/hardware_timer/timer.c.obj
                0x10001750                hardware_alarm_set_target
 .text.hardware_alarm_cancel
                0x1000182c       0x40 CMakeFiles/repl.dir/C_/Users/pico/pico-sdk/src/rp2_common/hardware_timer/timer.c.obj
                0x1000182c                hardware_alarm_cancel
 .text.ph_merge_two_pass.part.3
                0x1000186c      0x18c CMakeFiles/repl.dir/C_/Users/pico/pico-sdk/src/common/pico_util/pheap.c.obj
 .text.ph_post_alloc_init
                0x100019f8       0x3c CMakeFiles/repl.dir/C_/Users/pico/pico-sdk/src/common/pico_util/pheap.c.obj
                0x100019f8                ph_post_alloc_init
 .text.ph_remove_head
                0x10001a34      0x158 CMakeFiles/repl.dir/C_/Users/pico/pico-sdk/src/common/pico_util/pheap.c.obj
                0x10001a34                ph_remove_head
 .text.ph_remove_and_free_node
                0x10001b8c      0x254 CMakeFiles/repl.dir/C_/Users/pico/pico-sdk/src/common/pico_util/pheap.c.obj
                0x10001b8c                ph_remove_and_free_node
 .text.mutex_init
                0x10001de0       0x1c CMakeFiles/repl.dir/C_/Users/pico/pico-sdk/src/common/pico_sync/mutex.c.obj
                0x10001de0                mutex_init
 .text.recursive_mutex_init
                0x10001dfc       0x20 CMakeFiles/repl.dir/C_/Users/pico/pico-sdk/src/common/pico_sync/mutex.c.obj
                0x10001dfc                recursive_mutex_init
 .text.critical_section_init
                0x10001e1c       0x20 CMakeFiles/repl.dir/C_/Users/pico/pico-sdk/src/common/pico_sync/critical_section.c.obj
                0x10001e1c                critical_section_init
 .text.runtime_init
                0x10001e3c       0xf4 CMakeFiles/repl.dir/C_/Users/pico/pico-sdk/src/rp2_common/pico_runtime/runtime.c.obj
                0x10001e3c                runtime_init
 .text._sbrk    0x10001f30       0x34 CMakeFiles/repl.dir/C_/Users/pico/pico-sdk/src/rp2_common/pico_runtime/runtime.c.obj
                0x10001f30                _sbrk
 .text.exit     0x10001f64        0x4 CMakeFiles/repl.dir/C_/Users/pico/pico-sdk/src/rp2_common/pico_runtime/runtime.c.obj
                0x10001f64                exit
 .text.panic    0x10001f68       0x30 CMakeFiles/repl.dir/C_/Users/pico/pico-sdk/src/rp2_common/pico_runtime/runtime.c.obj
                0x10001f68                panic
 .text.hard_assertion_failure
                0x10001f98        0xc CMakeFiles/repl.dir/C_/Users/pico/pico-sdk/src/rp2_common/pico_runtime/runtime.c.obj
                0x10001f98                hard_assertion_failure
 .text.clocks_init
                0x10001fa4      0x2c8 CMakeFiles/repl.dir/C_/Users/pico/pico-sdk/src/rp2_common/hardware_clocks/clocks.c.obj
                0x10001fa4                clocks_init
 .text.clock_get_hz
                0x1000226c        0xc CMakeFiles/repl.dir/C_/Users/pico/pico-sdk/src/rp2_common/hardware_clocks/clocks.c.obj
                0x1000226c                clock_get_hz
 .text.pll_init
                0x10002278       0x9c CMakeFiles/repl.dir/C_/Users/pico/pico-sdk/src/rp2_common/hardware_pll/pll.c.obj
                0x10002278                pll_init
 .text.watchdog_start_tick
                0x10002314       0x10 CMakeFiles/repl.dir/C_/Users/pico/pico-sdk/src/rp2_common/hardware_watchdog/watchdog.c.obj
                0x10002314                watchdog_start_tick
 .text.watchdog_reboot
                0x10002324       0x94 CMakeFiles/repl.dir/C_/Users/pico/pico-sdk/src/rp2_common/hardware_watchdog/watchdog.c.obj
                0x10002324                watchdog_reboot
 .text.xosc_init
                0x100023b8       0x28 CMakeFiles/repl.dir/C_/Users/pico/pico-sdk/src/rp2_common/hardware_xosc/xosc.c.obj
                0x100023b8                xosc_init
 .text._out_null
                0x100023e0        0x4 CMakeFiles/repl.dir/C_/Users/pico/pico-sdk/src/rp2_common/pico_printf/printf.c.obj
 .text._out_fct
                0x100023e4       0x10 CMakeFiles/repl.dir/C_/Users/pico/pico-sdk/src/rp2_common/pico_printf/printf.c.obj
 .text._out_char
                0x100023f4       0x3c CMakeFiles/repl.dir/C_/Users/pico/pico-sdk/src/rp2_common/pico_printf/printf.c.obj
 .text._ntoa_format
                0x10002430      0x214 CMakeFiles/repl.dir/C_/Users/pico/pico-sdk/src/rp2_common/pico_printf/printf.c.obj
 .text._ftoa    0x10002644      0x6c4 CMakeFiles/repl.dir/C_/Users/pico/pico-sdk/src/rp2_common/pico_printf/printf.c.obj
 .text._etoa.part.1
                0x10002d08      0x3e0 CMakeFiles/repl.dir/C_/Users/pico/pico-sdk/src/rp2_common/pico_printf/printf.c.obj
 .text._vsnprintf
                0x100030e8      0xb30 CMakeFiles/repl.dir/C_/Users/pico/pico-sdk/src/rp2_common/pico_printf/printf.c.obj
 .text.vfctprintf
                0x10003c18       0x20 CMakeFiles/repl.dir/C_/Users/pico/pico-sdk/src/rp2_common/pico_printf/printf.c.obj
                0x10003c18                vfctprintf
 .text.weak_raw_vprintf
                0x10003c38       0x30 CMakeFiles/repl.dir/C_/Users/pico/pico-sdk/src/rp2_common/pico_printf/printf.c.obj
                0x10003c38                weak_raw_vprintf
 .text          0x10003c68       0x10 CMakeFiles/repl.dir/C_/Users/pico/pico-sdk/src/rp2_common/pico_bit_ops/bit_ops_aeabi.S.obj
 .text.rom_func_lookup
                0x10003c78       0x10 CMakeFiles/repl.dir/C_/Users/pico/pico-sdk/src/rp2_common/pico_bootrom/bootrom.c.obj
                0x10003c78                rom_func_lookup
 .text.rom_data_lookup
                0x10003c88       0x10 CMakeFiles/repl.dir/C_/Users/pico/pico-sdk/src/rp2_common/pico_bootrom/bootrom.c.obj
                0x10003c88                rom_data_lookup
 .text.rom_funcs_lookup
                0x10003c98       0x44 CMakeFiles/repl.dir/C_/Users/pico/pico-sdk/src/rp2_common/pico_bootrom/bootrom.c.obj
                0x10003c98                rom_funcs_lookup
 .text.__wrap___aeabi_idiv
                0x10003cdc       0x50 CMakeFiles/repl.dir/C_/Users/pico/pico-sdk/src/rp2_common/pico_divider/divider.S.obj
                0x10003cdc                __wrap___aeabi_idivmod
                0x10003cdc                divmod_s32s32
                0x10003cdc                div_s32s32
                0x10003cdc                __wrap___aeabi_idiv
                0x10003ce4                divmod_s32s32_unsafe
                0x10003d10                divmod_s32s32_savestate
 .text.__wrap___aeabi_uidiv
                0x10003d2c       0x4c CMakeFiles/repl.dir/C_/Users/pico/pico-sdk/src/rp2_common/pico_divider/divider.S.obj
                0x10003d2c                __wrap___aeabi_uidiv
                0x10003d2c                __wrap___aeabi_uidivmod
                0x10003d2c                div_u32u32
                0x10003d2c                divmod_u32u32
                0x10003d34                divmod_u32u32_unsafe
                0x10003d5c                divmod_u32u32_savestate
 .text.__wrap___aeabi_ldiv
                0x10003d78      0x434 CMakeFiles/repl.dir/C_/Users/pico/pico-sdk/src/rp2_common/pico_divider/divider.S.obj
                0x10003d78                div_s64s64
                0x10003d78                divmod_s64s64
                0x10003d78                __wrap___aeabi_ldivmod
                0x10003db0                divmod_u64u64
                0x10003db0                div_u64u64
                0x10003db0                __wrap___aeabi_uldivmod
                0x10003dc0                divmod_u64u64_savestate
                0x10003de8                divmod_s64s64_unsafe
                0x10003e70                divmod_u64u64_unsafe
 .text.__wrap___aeabi_darithmetic
                0x100041ac       0x80 CMakeFiles/repl.dir/C_/Users/pico/pico-sdk/src/rp2_common/pico_double/double_aeabi.S.obj
                0x100041ac                __wrap___aeabi_drsub
                0x100041b2                __wrap___aeabi_dsub
                0x100041c4                __wrap___aeabi_dadd
                0x100041d6                __wrap___aeabi_ddiv
                0x10004212                __wrap___aeabi_dmul
 .text.__wrap___aeabi_cdcmple
                0x1000422c       0x6c CMakeFiles/repl.dir/C_/Users/pico/pico-sdk/src/rp2_common/pico_double/double_aeabi.S.obj
                0x1000422c                __wrap___aeabi_cdrcmple
                0x1000423c                __wrap___aeabi_cdcmpeq
                0x1000423c                __wrap___aeabi_cdcmple
 .text.__wrap___aeabi_dcmplt
                0x10004298        0xc CMakeFiles/repl.dir/C_/Users/pico/pico-sdk/src/rp2_common/pico_double/double_aeabi.S.obj
                0x10004298                __wrap___aeabi_dcmplt
 .text.__wrap___aeabi_dcmpge
                0x100042a4       0x10 CMakeFiles/repl.dir/C_/Users/pico/pico-sdk/src/rp2_common/pico_double/double_aeabi.S.obj
                0x100042a4                __wrap___aeabi_dcmpge
 .text.__wrap___aeabi_dcmpgt
                0x100042b4        0xa CMakeFiles/repl.dir/C_/Users/pico/pico-sdk/src/rp2_common/pico_double/double_aeabi.S.obj
                0x100042b4                __wrap___aeabi_dcmpgt
 .text.__wrap___aeabi_dcmpun
                0x100042be       0x1c CMakeFiles/repl.dir/C_/Users/pico/pico-sdk/src/rp2_common/pico_double/double_aeabi.S.obj
                0x100042be                __wrap___aeabi_dcmpun
 *fill*         0x100042da        0x2 
 .text.__wrap___aeabi_i2d
                0x100042dc       0x38 CMakeFiles/repl.dir/C_/Users/pico/pico-sdk/src/rp2_common/pico_double/double_aeabi.S.obj
                0x100042dc                __wrap___aeabi_ui2d
                0x100042e4                __wrap___aeabi_i2d
 .text.__wrap___aeabi_d2iz
                0x10004314       0x48 CMakeFiles/repl.dir/C_/Users/pico/pico-sdk/src/rp2_common/pico_double/double_aeabi.S.obj
                0x10004314                double2int_z
                0x10004314                __wrap___aeabi_d2iz
 .text.__wrap___aeabi_d2uiz
                0x1000435c       0x18 CMakeFiles/repl.dir/C_/Users/pico/pico-sdk/src/rp2_common/pico_double/double_aeabi.S.obj
                0x1000435c                __wrap___aeabi_d2uiz
                0x1000435c                double2uint
 .text.__aeabi_double_init
                0x10004374       0x60 CMakeFiles/repl.dir/C_/Users/pico/pico-sdk/src/rp2_common/pico_double/double_init_rom.c.obj
                0x10004374                __aeabi_double_init
 .text.double_table_shim_on_use_helper
                0x100043d4       0x2c CMakeFiles/repl.dir/C_/Users/pico/pico-sdk/src/rp2_common/pico_double/double_v1_rom_shim.S.obj
                0x100043d4                double_table_shim_on_use_helper
 .text.__wrap___aeabi_dsub
                0x10004400       0x10 CMakeFiles/repl.dir/C_/Users/pico/pico-sdk/src/rp2_common/pico_double/double_v1_rom_shim.S.obj
                0x10004400                drsub_shim
                0x10004406                dsub_shim
 .text.dadd_shim
                0x10004410      0x15c CMakeFiles/repl.dir/C_/Users/pico/pico-sdk/src/rp2_common/pico_double/double_v1_rom_shim.S.obj
                0x10004410                dadd_shim
 .text.dmul_shim
                0x1000456c      0x15c CMakeFiles/repl.dir/C_/Users/pico/pico-sdk/src/rp2_common/pico_double/double_v1_rom_shim.S.obj
                0x1000456c                dmul_shim
 .text.ddiv_shim
                0x100046c8      0x1b0 CMakeFiles/repl.dir/C_/Users/pico/pico-sdk/src/rp2_common/pico_double/double_v1_rom_shim.S.obj
                0x100046c8                ddiv_shim
 .text.double2uint_shim
                0x10004878        0xe CMakeFiles/repl.dir/C_/Users/pico/pico-sdk/src/rp2_common/pico_double/double_v1_rom_shim.S.obj
                0x10004878                double2uint_shim
                0x1000487a                double2ufix_shim
 *fill*         0x10004886        0x2 
 .text.double2uint64_shim
                0x10004888       0x70 CMakeFiles/repl.dir/C_/Users/pico/pico-sdk/src/rp2_common/pico_double/double_v1_rom_shim.S.obj
                0x10004888                double2uint64_shim
                0x1000488a                double2ufix64_shim
                0x100048aa                d2fix_a
 .text.dunpacks
                0x100048f8       0x3c CMakeFiles/repl.dir/C_/Users/pico/pico-sdk/src/rp2_common/pico_double/double_v1_rom_shim.S.obj
                0x100048f8                dunpacks
 .text.__aeabi_lmul
                0x10004934       0x32 CMakeFiles/repl.dir/C_/Users/pico/pico-sdk/src/rp2_common/pico_int64_ops/pico_int64_ops_aeabi.S.obj
                0x10004934                __wrap___aeabi_lmul
 *fill*         0x10004966        0x2 
 .text.__wrap___aeabi_farithmetic
                0x10004968       0x48 CMakeFiles/repl.dir/C_/Users/pico/pico-sdk/src/rp2_common/pico_float/float_aeabi.S.obj
                0x10004968                __wrap___aeabi_frsub
                0x1000496e                __wrap___aeabi_fsub
                0x10004974                __wrap___aeabi_fadd
                0x1000497a                __wrap___aeabi_fdiv
                0x100049a2                __wrap___aeabi_fmul
 .text.__wrap___aeabi_ui2f
                0x100049b0        0xa CMakeFiles/repl.dir/C_/Users/pico/pico-sdk/src/rp2_common/pico_float/float_aeabi.S.obj
                0x100049b0                __wrap___aeabi_ui2f
 *fill*         0x100049ba        0x2 
 .text.__wrap___aeabi_i2f
                0x100049bc       0x44 CMakeFiles/repl.dir/C_/Users/pico/pico-sdk/src/rp2_common/pico_float/float_aeabi.S.obj
                0x100049bc                __wrap___aeabi_i2f
 .text.__wrap___aeabi_f2uiz
                0x10004a00        0xc CMakeFiles/repl.dir/C_/Users/pico/pico-sdk/src/rp2_common/pico_float/float_aeabi.S.obj
                0x10004a00                __wrap___aeabi_f2uiz
 .text.__aeabi_float_init
                0x10004a0c       0x68 CMakeFiles/repl.dir/C_/Users/pico/pico-sdk/src/rp2_common/pico_float/float_init_rom.c.obj
                0x10004a0c                __aeabi_float_init
 .text.float_table_shim_on_use_helper
                0x10004a74       0x2c CMakeFiles/repl.dir/C_/Users/pico/pico-sdk/src/rp2_common/pico_float/float_v1_rom_shim.S.obj
                0x10004a74                float_table_shim_on_use_helper
 .text          0x10004aa0       0x10 CMakeFiles/repl.dir/C_/Users/pico/pico-sdk/src/rp2_common/pico_mem_ops/mem_ops_aeabi.S.obj
                0x10004aa0                __aeabi_mem_init
 .text.memset   0x10004ab0        0xc CMakeFiles/repl.dir/C_/Users/pico/pico-sdk/src/rp2_common/pico_mem_ops/mem_ops_aeabi.S.obj
                0x10004ab0                __wrap_memset
 .text.memcpy   0x10004abc        0xc CMakeFiles/repl.dir/C_/Users/pico/pico-sdk/src/rp2_common/pico_mem_ops/mem_ops_aeabi.S.obj
                0x10004abc                __wrap_memcpy
                0x10004abc                __wrap___aeabi_memcpy
 .text.stdio_out_chars_crlf
                0x10004ac8       0xbc CMakeFiles/repl.dir/C_/Users/pico/pico-sdk/src/rp2_common/pico_stdio/stdio.c.obj
 .text.stdio_buffered_printer
                0x10004b84       0x64 CMakeFiles/repl.dir/C_/Users/pico/pico-sdk/src/rp2_common/pico_stdio/stdio.c.obj
 .text.__wrap_puts
                0x10004be8       0xdc CMakeFiles/repl.dir/C_/Users/pico/pico-sdk/src/rp2_common/pico_stdio/stdio.c.obj
                0x10004be8                __wrap_puts
 .text._read    0x10004cc4       0x90 CMakeFiles/repl.dir/C_/Users/pico/pico-sdk/src/rp2_common/pico_stdio/stdio.c.obj
                0x10004cc4                _read
 .text._write   0x10004d54       0xac CMakeFiles/repl.dir/C_/Users/pico/pico-sdk/src/rp2_common/pico_stdio/stdio.c.obj
                0x10004d54                _write
 .text.stdio_set_driver_enabled
                0x10004e00       0x30 CMakeFiles/repl.dir/C_/Users/pico/pico-sdk/src/rp2_common/pico_stdio/stdio.c.obj
                0x10004e00                stdio_set_driver_enabled
 .text.__wrap_vprintf
                0x10004e30       0xd0 CMakeFiles/repl.dir/C_/Users/pico/pico-sdk/src/rp2_common/pico_stdio/stdio.c.obj
                0x10004e30                __wrap_vprintf
 .text.__wrap_printf
                0x10004f00       0x18 CMakeFiles/repl.dir/C_/Users/pico/pico-sdk/src/rp2_common/pico_stdio/stdio.c.obj
                0x10004f00                __wrap_printf
 .text.stdio_init_all
                0x10004f18        0x8 CMakeFiles/repl.dir/C_/Users/pico/pico-sdk/src/rp2_common/pico_stdio/stdio.c.obj
                0x10004f18                stdio_init_all
 .text.getchar_timeout_us
                0x10004f20       0x98 CMakeFiles/repl.dir/C_/Users/pico/pico-sdk/src/rp2_common/pico_stdio/stdio.c.obj
                0x10004f20                getchar_timeout_us
 .text.resetd_init
                0x10004fb8        0x4 CMakeFiles/repl.dir/C_/Users/pico/pico-sdk/src/rp2_common/pico_stdio_usb/reset_interface.c.obj
 .text.resetd_reset
                0x10004fbc        0xc CMakeFiles/repl.dir/C_/Users/pico/pico-sdk/src/rp2_common/pico_stdio_usb/reset_interface.c.obj
 .text.resetd_xfer_cb
                0x10004fc8        0x4 CMakeFiles/repl.dir/C_/Users/pico/pico-sdk/src/rp2_common/pico_stdio_usb/reset_interface.c.obj
 .text.resetd_open
                0x10004fcc       0x28 CMakeFiles/repl.dir/C_/Users/pico/pico-sdk/src/rp2_common/pico_stdio_usb/reset_interface.c.obj
 .text.resetd_control_xfer_cb
                0x10004ff4       0x64 CMakeFiles/repl.dir/C_/Users/pico/pico-sdk/src/rp2_common/pico_stdio_usb/reset_interface.c.obj
 .text.usbd_app_driver_get_cb
                0x10005058        0xc CMakeFiles/repl.dir/C_/Users/pico/pico-sdk/src/rp2_common/pico_stdio_usb/reset_interface.c.obj
                0x10005058                usbd_app_driver_get_cb
 .text.tud_cdc_line_coding_cb
                0x10005064       0x34 CMakeFiles/repl.dir/C_/Users/pico/pico-sdk/src/rp2_common/pico_stdio_usb/reset_interface.c.obj
                0x10005064                tud_cdc_line_coding_cb
 .text.stdio_usb_in_chars
                0x10005098       0x68 CMakeFiles/repl.dir/C_/Users/pico/pico-sdk/src/rp2_common/pico_stdio_usb/stdio_usb.c.obj
                0x10005098                stdio_usb_in_chars
 .text.timer_task
                0x10005100       0x18 CMakeFiles/repl.dir/C_/Users/pico/pico-sdk/src/rp2_common/pico_stdio_usb/stdio_usb.c.obj
 .text.usb_irq  0x10005118       0x10 CMakeFiles/repl.dir/C_/Users/pico/pico-sdk/src/rp2_common/pico_stdio_usb/stdio_usb.c.obj
 .text.low_priority_worker_irq
                0x10005128       0x20 CMakeFiles/repl.dir/C_/Users/pico/pico-sdk/src/rp2_common/pico_stdio_usb/stdio_usb.c.obj
 .text.stdio_usb_out_chars
                0x10005148       0xf0 CMakeFiles/repl.dir/C_/Users/pico/pico-sdk/src/rp2_common/pico_stdio_usb/stdio_usb.c.obj
 .text.stdio_usb_init
                0x10005238       0xb0 CMakeFiles/repl.dir/C_/Users/pico/pico-sdk/src/rp2_common/pico_stdio_usb/stdio_usb.c.obj
                0x10005238                stdio_usb_init
 .text.tud_descriptor_device_cb
                0x100052e8        0x8 CMakeFiles/repl.dir/C_/Users/pico/pico-sdk/src/rp2_common/pico_stdio_usb/stdio_usb_descriptors.c.obj
                0x100052e8                tud_descriptor_device_cb
 .text.tud_descriptor_configuration_cb
                0x100052f0        0x8 CMakeFiles/repl.dir/C_/Users/pico/pico-sdk/src/rp2_common/pico_stdio_usb/stdio_usb_descriptors.c.obj
                0x100052f0                tud_descriptor_configuration_cb
 .text.tud_descriptor_string_cb
                0x100052f8       0x70 CMakeFiles/repl.dir/C_/Users/pico/pico-sdk/src/rp2_common/pico_stdio_usb/stdio_usb_descriptors.c.obj
                0x100052f8                tud_descriptor_string_cb
 .text.dcd_rp2040_irq
                0x10005368      0x234 CMakeFiles/repl.dir/C_/Users/pico/pico-sdk/lib/tinyusb/src/portable/raspberrypi/rp2040/dcd_rp2040.c.obj
 .text.dcd_int_enable
                0x1000559c        0xc CMakeFiles/repl.dir/C_/Users/pico/pico-sdk/lib/tinyusb/src/portable/raspberrypi/rp2040/dcd_rp2040.c.obj
                0x1000559c                dcd_int_enable
 .text.dcd_set_address
                0x100055a8       0x14 CMakeFiles/repl.dir/C_/Users/pico/pico-sdk/lib/tinyusb/src/portable/raspberrypi/rp2040/dcd_rp2040.c.obj
                0x100055a8                dcd_set_address
 .text.dcd_connect
                0x100055bc       0x10 CMakeFiles/repl.dir/C_/Users/pico/pico-sdk/lib/tinyusb/src/portable/raspberrypi/rp2040/dcd_rp2040.c.obj
                0x100055bc                dcd_connect
 .text.dcd_init
                0x100055cc      0x148 CMakeFiles/repl.dir/C_/Users/pico/pico-sdk/lib/tinyusb/src/portable/raspberrypi/rp2040/dcd_rp2040.c.obj
                0x100055cc                dcd_init
 .text.dcd_edpt0_status_complete
                0x10005714       0x1c CMakeFiles/repl.dir/C_/Users/pico/pico-sdk/lib/tinyusb/src/portable/raspberrypi/rp2040/dcd_rp2040.c.obj
                0x10005714                dcd_edpt0_status_complete
 .text.dcd_edpt_open
                0x10005730      0x10c CMakeFiles/repl.dir/C_/Users/pico/pico-sdk/lib/tinyusb/src/portable/raspberrypi/rp2040/dcd_rp2040.c.obj
                0x10005730                dcd_edpt_open
 .text.dcd_edpt_close_all
                0x1000583c       0xbc CMakeFiles/repl.dir/C_/Users/pico/pico-sdk/lib/tinyusb/src/portable/raspberrypi/rp2040/dcd_rp2040.c.obj
                0x1000583c                dcd_edpt_close_all
 .text.dcd_edpt_xfer
                0x100058f8       0x24 CMakeFiles/repl.dir/C_/Users/pico/pico-sdk/lib/tinyusb/src/portable/raspberrypi/rp2040/dcd_rp2040.c.obj
                0x100058f8                dcd_edpt_xfer
 .text.dcd_edpt_stall
                0x1000591c       0x38 CMakeFiles/repl.dir/C_/Users/pico/pico-sdk/lib/tinyusb/src/portable/raspberrypi/rp2040/dcd_rp2040.c.obj
                0x1000591c                dcd_edpt_stall
 .text.dcd_edpt_clear_stall
                0x10005954       0x2c CMakeFiles/repl.dir/C_/Users/pico/pico-sdk/lib/tinyusb/src/portable/raspberrypi/rp2040/dcd_rp2040.c.obj
                0x10005954                dcd_edpt_clear_stall
 .text.rp2040_usb_init
                0x10005980       0x4c CMakeFiles/repl.dir/C_/Users/pico/pico-sdk/lib/tinyusb/src/portable/raspberrypi/rp2040/rp2040_usb.c.obj
                0x10005980                rp2040_usb_init
 .text.hw_endpoint_reset_transfer
                0x100059cc        0xc CMakeFiles/repl.dir/C_/Users/pico/pico-sdk/lib/tinyusb/src/portable/raspberrypi/rp2040/rp2040_usb.c.obj
                0x100059cc                hw_endpoint_reset_transfer
 .text._hw_endpoint_buffer_control_update32
                0x100059d8       0x58 CMakeFiles/repl.dir/C_/Users/pico/pico-sdk/lib/tinyusb/src/portable/raspberrypi/rp2040/rp2040_usb.c.obj
                0x100059d8                _hw_endpoint_buffer_control_update32
 .text.hw_endpoint_xfer_start
                0x10005a30      0x154 CMakeFiles/repl.dir/C_/Users/pico/pico-sdk/lib/tinyusb/src/portable/raspberrypi/rp2040/rp2040_usb.c.obj
                0x10005a30                hw_endpoint_xfer_start
 .text.hw_endpoint_xfer_continue
                0x10005b84      0x1f8 CMakeFiles/repl.dir/C_/Users/pico/pico-sdk/lib/tinyusb/src/portable/raspberrypi/rp2040/rp2040_usb.c.obj
                0x10005b84                hw_endpoint_xfer_continue
 .text.tud_mounted
                0x10005d7c       0x10 CMakeFiles/repl.dir/C_/Users/pico/pico-sdk/lib/tinyusb/src/device/usbd.c.obj
                0x10005d7c                tud_mounted
 .text.tud_suspended
                0x10005d8c       0x10 CMakeFiles/repl.dir/C_/Users/pico/pico-sdk/lib/tinyusb/src/device/usbd.c.obj
                0x10005d8c                tud_suspended
 .text.tud_inited
                0x10005d9c        0xc CMakeFiles/repl.dir/C_/Users/pico/pico-sdk/lib/tinyusb/src/device/usbd.c.obj
                0x10005d9c                tud_inited
 .text.tud_init
                0x10005da8       0xd8 CMakeFiles/repl.dir/C_/Users/pico/pico-sdk/lib/tinyusb/src/device/usbd.c.obj
                0x10005da8                tud_init
 .text.tud_task
                0x10005e80      0x950 CMakeFiles/repl.dir/C_/Users/pico/pico-sdk/lib/tinyusb/src/device/usbd.c.obj
                0x10005e80                tud_task
 .text.dcd_event_bus_signal
                0x100067d0      0x120 CMakeFiles/repl.dir/C_/Users/pico/pico-sdk/lib/tinyusb/src/device/usbd.c.obj
                0x100067d0                dcd_event_bus_signal
 .text.dcd_event_bus_reset
                0x100068f0       0x54 CMakeFiles/repl.dir/C_/Users/pico/pico-sdk/lib/tinyusb/src/device/usbd.c.obj
                0x100068f0                dcd_event_bus_reset
 .text.dcd_event_setup_received
                0x10006944       0x5c CMakeFiles/repl.dir/C_/Users/pico/pico-sdk/lib/tinyusb/src/device/usbd.c.obj
                0x10006944                dcd_event_setup_received
 .text.dcd_event_xfer_complete
                0x100069a0       0x68 CMakeFiles/repl.dir/C_/Users/pico/pico-sdk/lib/tinyusb/src/device/usbd.c.obj
                0x100069a0                dcd_event_xfer_complete
 .text.usbd_open_edpt_pair
                0x10006a08       0xb0 CMakeFiles/repl.dir/C_/Users/pico/pico-sdk/lib/tinyusb/src/device/usbd.c.obj
                0x10006a08                usbd_open_edpt_pair
 .text.usbd_edpt_open
                0x10006ab8       0x30 CMakeFiles/repl.dir/C_/Users/pico/pico-sdk/lib/tinyusb/src/device/usbd.c.obj
                0x10006ab8                usbd_edpt_open
 .text.usbd_edpt_claim
                0x10006ae8       0x5c CMakeFiles/repl.dir/C_/Users/pico/pico-sdk/lib/tinyusb/src/device/usbd.c.obj
                0x10006ae8                usbd_edpt_claim
 .text.usbd_edpt_release
                0x10006b44       0x4c CMakeFiles/repl.dir/C_/Users/pico/pico-sdk/lib/tinyusb/src/device/usbd.c.obj
                0x10006b44                usbd_edpt_release
 .text.usbd_edpt_xfer
                0x10006b90       0x48 CMakeFiles/repl.dir/C_/Users/pico/pico-sdk/lib/tinyusb/src/device/usbd.c.obj
                0x10006b90                usbd_edpt_xfer
 .text.tud_control_status
                0x10006bd8       0x30 CMakeFiles/repl.dir/C_/Users/pico/pico-sdk/lib/tinyusb/src/device/usbd_control.c.obj
                0x10006bd8                tud_control_status
 .text.tud_control_xfer
                0x10006c08       0xac CMakeFiles/repl.dir/C_/Users/pico/pico-sdk/lib/tinyusb/src/device/usbd_control.c.obj
                0x10006c08                tud_control_xfer
 .text.usbd_control_reset
                0x10006cb4       0x14 CMakeFiles/repl.dir/C_/Users/pico/pico-sdk/lib/tinyusb/src/device/usbd_control.c.obj
                0x10006cb4                usbd_control_reset
 .text.usbd_control_set_complete_callback
                0x10006cc8        0xc CMakeFiles/repl.dir/C_/Users/pico/pico-sdk/lib/tinyusb/src/device/usbd_control.c.obj
                0x10006cc8                usbd_control_set_complete_callback
 .text.usbd_control_set_request
                0x10006cd4       0x1c CMakeFiles/repl.dir/C_/Users/pico/pico-sdk/lib/tinyusb/src/device/usbd_control.c.obj
                0x10006cd4                usbd_control_set_request
 .text.usbd_control_xfer_cb
                0x10006cf0       0xf8 CMakeFiles/repl.dir/C_/Users/pico/pico-sdk/lib/tinyusb/src/device/usbd_control.c.obj
                0x10006cf0                usbd_control_xfer_cb
 .text.tud_cdc_n_connected
                0x10006de8       0x30 CMakeFiles/repl.dir/C_/Users/pico/pico-sdk/lib/tinyusb/src/class/cdc/cdc_device.c.obj
                0x10006de8                tud_cdc_n_connected
 .text.tud_cdc_n_available
                0x10006e18       0x1c CMakeFiles/repl.dir/C_/Users/pico/pico-sdk/lib/tinyusb/src/class/cdc/cdc_device.c.obj
                0x10006e18                tud_cdc_n_available
 .text.tud_cdc_n_read
                0x10006e34       0x70 CMakeFiles/repl.dir/C_/Users/pico/pico-sdk/lib/tinyusb/src/class/cdc/cdc_device.c.obj
                0x10006e34                tud_cdc_n_read
 .text.tud_cdc_n_write
                0x10006ea4       0x90 CMakeFiles/repl.dir/C_/Users/pico/pico-sdk/lib/tinyusb/src/class/cdc/cdc_device.c.obj
                0x10006ea4                tud_cdc_n_write
 .text.tud_cdc_n_write_flush
                0x10006f34       0x78 CMakeFiles/repl.dir/C_/Users/pico/pico-sdk/lib/tinyusb/src/class/cdc/cdc_device.c.obj
                0x10006f34                tud_cdc_n_write_flush
 .text.tud_cdc_n_write_available
                0x10006fac       0x1c CMakeFiles/repl.dir/C_/Users/pico/pico-sdk/lib/tinyusb/src/class/cdc/cdc_device.c.obj
                0x10006fac                tud_cdc_n_write_available
 .text.cdcd_init
                0x10006fc8       0x7c CMakeFiles/repl.dir/C_/Users/pico/pico-sdk/lib/tinyusb/src/class/cdc/cdc_device.c.obj
                0x10006fc8                cdcd_init
 .text.cdcd_reset
                0x10007044       0x2c CMakeFiles/repl.dir/C_/Users/pico/pico-sdk/lib/tinyusb/src/class/cdc/cdc_device.c.obj
                0x10007044                cdcd_reset
 .text.cdcd_open
                0x10007070       0xe8 CMakeFiles/repl.dir/C_/Users/pico/pico-sdk/lib/tinyusb/src/class/cdc/cdc_device.c.obj
                0x10007070                cdcd_open
 .text.cdcd_control_xfer_cb
                0x10007158       0xe0 CMakeFiles/repl.dir/C_/Users/pico/pico-sdk/lib/tinyusb/src/class/cdc/cdc_device.c.obj
                0x10007158                cdcd_control_xfer_cb
 .text.cdcd_xfer_cb
                0x10007238      0x194 CMakeFiles/repl.dir/C_/Users/pico/pico-sdk/lib/tinyusb/src/class/cdc/cdc_device.c.obj
                0x10007238                cdcd_xfer_cb
 .text.tusb_init
                0x100073cc        0xc CMakeFiles/repl.dir/C_/Users/pico/pico-sdk/lib/tinyusb/src/tusb.c.obj
                0x100073cc                tusb_init
 .text.tusb_inited
                0x100073d8        0x8 CMakeFiles/repl.dir/C_/Users/pico/pico-sdk/lib/tinyusb/src/tusb.c.obj
                0x100073d8                tusb_inited
 .text.tu_edpt_validate
                0x100073e0       0x74 CMakeFiles/repl.dir/C_/Users/pico/pico-sdk/lib/tinyusb/src/tusb.c.obj
                0x100073e0                tu_edpt_validate
 .text.tu_edpt_bind_driver
                0x10007454       0x3c CMakeFiles/repl.dir/C_/Users/pico/pico-sdk/lib/tinyusb/src/tusb.c.obj
                0x10007454                tu_edpt_bind_driver
 .text.tu_fifo_config
                0x10007490       0x78 CMakeFiles/repl.dir/C_/Users/pico/pico-sdk/lib/tinyusb/src/common/tusb_fifo.c.obj
                0x10007490                tu_fifo_config
 .text.tu_fifo_count
                0x10007508       0x24 CMakeFiles/repl.dir/C_/Users/pico/pico-sdk/lib/tinyusb/src/common/tusb_fifo.c.obj
                0x10007508                tu_fifo_count
 .text.tu_fifo_empty
                0x1000752c       0x10 CMakeFiles/repl.dir/C_/Users/pico/pico-sdk/lib/tinyusb/src/common/tusb_fifo.c.obj
                0x1000752c                tu_fifo_empty
 .text.tu_fifo_remaining
                0x1000753c       0x20 CMakeFiles/repl.dir/C_/Users/pico/pico-sdk/lib/tinyusb/src/common/tusb_fifo.c.obj
                0x1000753c                tu_fifo_remaining
 .text.tu_fifo_read
                0x1000755c       0x9c CMakeFiles/repl.dir/C_/Users/pico/pico-sdk/lib/tinyusb/src/common/tusb_fifo.c.obj
                0x1000755c                tu_fifo_read
 .text.tu_fifo_read_n
                0x100075f8       0xfc CMakeFiles/repl.dir/C_/Users/pico/pico-sdk/lib/tinyusb/src/common/tusb_fifo.c.obj
                0x100075f8                tu_fifo_read_n
 .text.tu_fifo_write
                0x100076f4       0x88 CMakeFiles/repl.dir/C_/Users/pico/pico-sdk/lib/tinyusb/src/common/tusb_fifo.c.obj
                0x100076f4                tu_fifo_write
 .text.tu_fifo_write_n
                0x1000777c       0xec CMakeFiles/repl.dir/C_/Users/pico/pico-sdk/lib/tinyusb/src/common/tusb_fifo.c.obj
                0x1000777c                tu_fifo_write_n
 .text.tu_fifo_clear
                0x10007868       0x4c CMakeFiles/repl.dir/C_/Users/pico/pico-sdk/lib/tinyusb/src/common/tusb_fifo.c.obj
                0x10007868                tu_fifo_clear
 .text.tu_fifo_set_overwritable
                0x100078b4       0x3c CMakeFiles/repl.dir/C_/Users/pico/pico-sdk/lib/tinyusb/src/common/tusb_fifo.c.obj
                0x100078b4                tu_fifo_set_overwritable
 .text.startup._retrieve_unique_id_on_boot
                0x100078f0       0x10 CMakeFiles/repl.dir/C_/Users/pico/pico-sdk/src/rp2_common/pico_unique_id/unique_id.c.obj
 .text.pico_get_unique_board_id_string
                0x10007900      0x1c0 CMakeFiles/repl.dir/C_/Users/pico/pico-sdk/src/rp2_common/pico_unique_id/unique_id.c.obj
                0x10007900                pico_get_unique_board_id_string
 .text.flash_get_unique_id
                0x10007ac0       0x3c CMakeFiles/repl.dir/C_/Users/pico/pico-sdk/src/rp2_common/hardware_flash/flash.c.obj
                0x10007ac0                flash_get_unique_id
 .text.pio_add_program
                0x10007afc       0xd0 CMakeFiles/repl.dir/C_/Users/pico/pico-sdk/src/rp2_common/hardware_pio/pio.c.obj
                0x10007afc                pio_add_program
 .text.pio_sm_set_consecutive_pindirs
                0x10007bcc       0x90 CMakeFiles/repl.dir/C_/Users/pico/pico-sdk/src/rp2_common/hardware_pio/pio.c.obj
                0x10007bcc                pio_sm_set_consecutive_pindirs
 .text.pio_sm_init
                0x10007c5c       0x90 CMakeFiles/repl.dir/C_/Users/pico/pico-sdk/src/rp2_common/hardware_pio/pio.c.obj
                0x10007c5c                pio_sm_init
 .text._malloc_r
                0x10007cec      0x568 c:/progra~2/gnutoo~1/62017-~1/bin/../lib/gcc/arm-none-eabi/6.3.1/../../../../arm-none-eabi/lib/thumb/v6-m\libc.a(lib_a-mallocr.o)
                0x10007cec                _malloc_r
 .text.__malloc_lock
                0x10008254       0x10 c:/progra~2/gnutoo~1/62017-~1/bin/../lib/gcc/arm-none-eabi/6.3.1/../../../../arm-none-eabi/lib/thumb/v6-m\libc.a(lib_a-mlock.o)
                0x10008254                __malloc_lock
 .text.__malloc_unlock
                0x10008264       0x10 c:/progra~2/gnutoo~1/62017-~1/bin/../lib/gcc/arm-none-eabi/6.3.1/../../../../arm-none-eabi/lib/thumb/v6-m\libc.a(lib_a-mlock.o)
                0x10008264                __malloc_unlock
 .text._sbrk_r  0x10008274       0x24 c:/progra~2/gnutoo~1/62017-~1/bin/../lib/gcc/arm-none-eabi/6.3.1/../../../../arm-none-eabi/lib/thumb/v6-m\libc.a(lib_a-sbrkr.o)
                0x10008274                _sbrk_r
 .text.strlen   0x10008298       0x64 c:/progra~2/gnutoo~1/62017-~1/bin/../lib/gcc/arm-none-eabi/6.3.1/../../../../arm-none-eabi/lib/thumb/v6-m\libc.a(lib_a-strlen-stub.o)
                0x10008298                strlen
 .text.__swbuf_r
                0x100082fc       0xbc c:/progra~2/gnutoo~1/62017-~1/bin/../lib/gcc/arm-none-eabi/6.3.1/../../../../arm-none-eabi/lib/thumb/v6-m\libc.a(lib_a-wbuf.o)
                0x100082fc                __swbuf_r
 .text.__swsetup_r
                0x100083b8       0xd4 c:/progra~2/gnutoo~1/62017-~1/bin/../lib/gcc/arm-none-eabi/6.3.1/../../../../arm-none-eabi/lib/thumb/v6-m\libc.a(lib_a-wsetup.o)
                0x100083b8                __swsetup_r
 .text.__sflush_r
                0x1000848c      0x150 c:/progra~2/gnutoo~1/62017-~1/bin/../lib/gcc/arm-none-eabi/6.3.1/../../../../arm-none-eabi/lib/thumb/v6-m\libc.a(lib_a-fflush.o)
                0x1000848c                __sflush_r
 .text._fflush_r
                0x100085dc       0x54 c:/progra~2/gnutoo~1/62017-~1/bin/../lib/gcc/arm-none-eabi/6.3.1/../../../../arm-none-eabi/lib/thumb/v6-m\libc.a(lib_a-fflush.o)
                0x100085dc                _fflush_r
 .text._cleanup_r
                0x10008630       0x10 c:/progra~2/gnutoo~1/62017-~1/bin/../lib/gcc/arm-none-eabi/6.3.1/../../../../arm-none-eabi/lib/thumb/v6-m\libc.a(lib_a-findfp.o)
                0x10008630                _cleanup_r
 .text.std.isra.0
                0x10008640       0x50 c:/progra~2/gnutoo~1/62017-~1/bin/../lib/gcc/arm-none-eabi/6.3.1/../../../../arm-none-eabi/lib/thumb/v6-m\libc.a(lib_a-findfp.o)
 .text.__sinit  0x10008690       0x60 c:/progra~2/gnutoo~1/62017-~1/bin/../lib/gcc/arm-none-eabi/6.3.1/../../../../arm-none-eabi/lib/thumb/v6-m\libc.a(lib_a-findfp.o)
                0x10008690                __sinit
 .text.__sfp_lock_acquire
                0x100086f0       0x10 c:/progra~2/gnutoo~1/62017-~1/bin/../lib/gcc/arm-none-eabi/6.3.1/../../../../arm-none-eabi/lib/thumb/v6-m\libc.a(lib_a-findfp.o)
                0x100086f0                __sfp_lock_acquire
 .text.__sfp_lock_release
                0x10008700       0x10 c:/progra~2/gnutoo~1/62017-~1/bin/../lib/gcc/arm-none-eabi/6.3.1/../../../../arm-none-eabi/lib/thumb/v6-m\libc.a(lib_a-findfp.o)
                0x10008700                __sfp_lock_release
 .text._malloc_trim_r
                0x10008710       0xa0 c:/progra~2/gnutoo~1/62017-~1/bin/../lib/gcc/arm-none-eabi/6.3.1/../../../../arm-none-eabi/lib/thumb/v6-m\libc.a(lib_a-freer.o)
                0x10008710                _malloc_trim_r
 .text._free_r  0x100087b0      0x1bc c:/progra~2/gnutoo~1/62017-~1/bin/../lib/gcc/arm-none-eabi/6.3.1/../../../../arm-none-eabi/lib/thumb/v6-m\libc.a(lib_a-freer.o)
                0x100087b0                _free_r
 .text._fwalk_reent
                0x1000896c       0x4c c:/progra~2/gnutoo~1/62017-~1/bin/../lib/gcc/arm-none-eabi/6.3.1/../../../../arm-none-eabi/lib/thumb/v6-m\libc.a(lib_a-fwalk.o)
                0x1000896c                _fwalk_reent
 .text.__retarget_lock_init_recursive
                0x100089b8        0x4 c:/progra~2/gnutoo~1/62017-~1/bin/../lib/gcc/arm-none-eabi/6.3.1/../../../../arm-none-eabi/lib/thumb/v6-m\libc.a(lib_a-lock.o)
                0x100089b8                __retarget_lock_init_recursive
 .text.__retarget_lock_close_recursive
                0x100089bc        0x4 c:/progra~2/gnutoo~1/62017-~1/bin/../lib/gcc/arm-none-eabi/6.3.1/../../../../arm-none-eabi/lib/thumb/v6-m\libc.a(lib_a-lock.o)
                0x100089bc                __retarget_lock_close_recursive
 .text.__retarget_lock_acquire_recursive
                0x100089c0        0x4 c:/progra~2/gnutoo~1/62017-~1/bin/../lib/gcc/arm-none-eabi/6.3.1/../../../../arm-none-eabi/lib/thumb/v6-m\libc.a(lib_a-lock.o)
                0x100089c0                __retarget_lock_acquire_recursive
 .text.__retarget_lock_release_recursive
                0x100089c4        0x4 c:/progra~2/gnutoo~1/62017-~1/bin/../lib/gcc/arm-none-eabi/6.3.1/../../../../arm-none-eabi/lib/thumb/v6-m\libc.a(lib_a-lock.o)
                0x100089c4                __retarget_lock_release_recursive
 .text.__swhatbuf_r
                0x100089c8       0x60 c:/progra~2/gnutoo~1/62017-~1/bin/../lib/gcc/arm-none-eabi/6.3.1/../../../../arm-none-eabi/lib/thumb/v6-m\libc.a(lib_a-makebuf.o)
                0x100089c8                __swhatbuf_r
 .text.__smakebuf_r
                0x10008a28       0x90 c:/progra~2/gnutoo~1/62017-~1/bin/../lib/gcc/arm-none-eabi/6.3.1/../../../../arm-none-eabi/lib/thumb/v6-m\libc.a(lib_a-makebuf.o)
                0x10008a28                __smakebuf_r
 .text.__sread  0x10008ab8       0x28 c:/progra~2/gnutoo~1/62017-~1/bin/../lib/gcc/arm-none-eabi/6.3.1/../../../../arm-none-eabi/lib/thumb/v6-m\libc.a(lib_a-stdio.o)
                0x10008ab8                __sread
 .text.__swrite
                0x10008ae0       0x3c c:/progra~2/gnutoo~1/62017-~1/bin/../lib/gcc/arm-none-eabi/6.3.1/../../../../arm-none-eabi/lib/thumb/v6-m\libc.a(lib_a-stdio.o)
                0x10008ae0                __swrite
 .text.__sseek  0x10008b1c       0x2c c:/progra~2/gnutoo~1/62017-~1/bin/../lib/gcc/arm-none-eabi/6.3.1/../../../../arm-none-eabi/lib/thumb/v6-m\libc.a(lib_a-stdio.o)
                0x10008b1c                __sseek
 .text.__sclose
                0x10008b48        0xc c:/progra~2/gnutoo~1/62017-~1/bin/../lib/gcc/arm-none-eabi/6.3.1/../../../../arm-none-eabi/lib/thumb/v6-m\libc.a(lib_a-stdio.o)
                0x10008b48                __sclose
 .text._write_r
                0x10008b54       0x28 c:/progra~2/gnutoo~1/62017-~1/bin/../lib/gcc/arm-none-eabi/6.3.1/../../../../arm-none-eabi/lib/thumb/v6-m\libc.a(lib_a-writer.o)
                0x10008b54                _write_r
 .text._close_r
                0x10008b7c       0x24 c:/progra~2/gnutoo~1/62017-~1/bin/../lib/gcc/arm-none-eabi/6.3.1/../../../../arm-none-eabi/lib/thumb/v6-m\libc.a(lib_a-closer.o)
                0x10008b7c                _close_r
 .text._fclose_r
                0x10008ba0       0xcc c:/progra~2/gnutoo~1/62017-~1/bin/../lib/gcc/arm-none-eabi/6.3.1/../../../../arm-none-eabi/lib/thumb/v6-m\libc.a(lib_a-fclose.o)
                0x10008ba0                _fclose_r
 .text._fstat_r
                0x10008c6c       0x28 c:/progra~2/gnutoo~1/62017-~1/bin/../lib/gcc/arm-none-eabi/6.3.1/../../../../arm-none-eabi/lib/thumb/v6-m\libc.a(lib_a-fstatr.o)
                0x10008c6c                _fstat_r
 .text._isatty_r
                0x10008c94       0x24 c:/progra~2/gnutoo~1/62017-~1/bin/../lib/gcc/arm-none-eabi/6.3.1/../../../../arm-none-eabi/lib/thumb/v6-m\libc.a(lib_a-isattyr.o)
                0x10008c94                _isatty_r
 .text._lseek_r
                0x10008cb8       0x28 c:/progra~2/gnutoo~1/62017-~1/bin/../lib/gcc/arm-none-eabi/6.3.1/../../../../arm-none-eabi/lib/thumb/v6-m\libc.a(lib_a-lseekr.o)
                0x10008cb8                _lseek_r
 .text._read_r  0x10008ce0       0x28 c:/progra~2/gnutoo~1/62017-~1/bin/../lib/gcc/arm-none-eabi/6.3.1/../../../../arm-none-eabi/lib/thumb/v6-m\libc.a(lib_a-readr.o)
                0x10008ce0                _read_r
 .text._close   0x10008d08       0x10 c:/progra~2/gnutoo~1/62017-~1/bin/../lib/gcc/arm-none-eabi/6.3.1/../../../../arm-none-eabi/lib/thumb/v6-m\libnosys.a(close.o)
                0x10008d08                _close
 .text._fstat   0x10008d18       0x10 c:/progra~2/gnutoo~1/62017-~1/bin/../lib/gcc/arm-none-eabi/6.3.1/../../../../arm-none-eabi/lib/thumb/v6-m\libnosys.a(fstat.o)
                0x10008d18                _fstat
 .text._isatty  0x10008d28       0x10 c:/progra~2/gnutoo~1/62017-~1/bin/../lib/gcc/arm-none-eabi/6.3.1/../../../../arm-none-eabi/lib/thumb/v6-m\libnosys.a(isatty.o)
                0x10008d28                _isatty
 .text._lseek   0x10008d38       0x10 c:/progra~2/gnutoo~1/62017-~1/bin/../lib/gcc/arm-none-eabi/6.3.1/../../../../arm-none-eabi/lib/thumb/v6-m\libnosys.a(lseek.o)
                0x10008d38                _lseek
 *(.fini)
 .fini          0x10008d48        0x4 c:/progra~2/gnutoo~1/62017-~1/bin/../lib/gcc/arm-none-eabi/6.3.1/thumb/v6-m/crti.o
                0x10008d48                _fini
 *fill*         0x10008d4c        0x4 
 .fini.__stub   0x10008d50       0x70 linker stubs
 *crtbegin.o(.ctors)
 *crtbegin?.o(.ctors)
 *(EXCLUDE_FILE(*crtend.o *crtend?.o) .ctors)
 *(SORT(.ctors.*))
 *(.ctors)
 *crtbegin.o(.dtors)
 *crtbegin?.o(.dtors)
 *(EXCLUDE_FILE(*crtend.o *crtend?.o) .dtors)
 *(SORT(.dtors.*))
 *(.dtors)
 *(.eh_frame*)
 .eh_frame      0x10008dc0        0x0 c:/progra~2/gnutoo~1/62017-~1/bin/../lib/gcc/arm-none-eabi/6.3.1/thumb/v6-m/crtbegin.o
                0x10008dc0                . = ALIGN (0x4)

.glue_7         0x10008dc0        0x0
 .glue_7        0x10008dc0        0x0 linker stubs

.glue_7t        0x10008dc0        0x0
 .glue_7t       0x10008dc0        0x0 linker stubs

.vfp11_veneer   0x10008dc0        0x0
 .vfp11_veneer  0x10008dc0        0x0 linker stubs

.v4_bx          0x10008dc0        0x0
 .v4_bx         0x10008dc0        0x0 linker stubs

.iplt           0x10008dc0        0x0
 .iplt          0x10008dc0        0x0 c:/progra~2/gnutoo~1/62017-~1/bin/../lib/gcc/arm-none-eabi/6.3.1/thumb/v6-m/crtbegin.o

.rodata         0x10008dc0      0x5d8
 *(EXCLUDE_FILE(*libm.a: *libc.a:*lib_a-mem*.o *libgcc.a:) .rodata*)
 .rodata.color_table
                0x10008dc0       0x20 CMakeFiles/repl.dir/sequencer.c.obj
                0x10008dc0                color_table
 .rodata.main.str1.4
                0x10008de0       0x58 CMakeFiles/repl.dir/sequencer.c.obj
 .rodata.str1.4
                0x10008e38       0x1d CMakeFiles/repl.dir/sequencer.c.obj
 *fill*         0x10008e55        0x3 
 .rodata.ws2812_program
                0x10008e58        0x6 CMakeFiles/repl.dir/ws2812.c.obj
 *fill*         0x10008e5e        0x2 
 .rodata.ws2812_program_instructions
                0x10008e60        0x8 CMakeFiles/repl.dir/ws2812.c.obj
 .rodata.spin_lock_claim_unused.str1.4
                0x10008e68       0x1b CMakeFiles/repl.dir/C_/Users/pico/pico-sdk/src/rp2_common/hardware_sync/sync.c.obj
 *fill*         0x10008e83        0x1 
 .rodata.user_irq_claim_unused.str1.4
                0x10008e84       0x1b CMakeFiles/repl.dir/C_/Users/pico/pico-sdk/src/rp2_common/hardware_irq/irq.c.obj
 *fill*         0x10008e9f        0x1 
 .rodata.at_the_end_of_time
                0x10008ea0        0x8 CMakeFiles/repl.dir/C_/Users/pico/pico-sdk/src/common/pico_time/time.c.obj
                0x10008ea0                at_the_end_of_time
 .rodata.hardware_alarm_claim.str1.4
                0x10008ea8       0x22 CMakeFiles/repl.dir/C_/Users/pico/pico-sdk/src/rp2_common/hardware_timer/timer.c.obj
 *fill*         0x10008eca        0x2 
 .rodata.hard_assertion_failure.str1.4
                0x10008ecc        0xc CMakeFiles/repl.dir/C_/Users/pico/pico-sdk/src/rp2_common/pico_runtime/runtime.c.obj
 .rodata.panic.str1.4
                0x10008ed8       0x10 CMakeFiles/repl.dir/C_/Users/pico/pico-sdk/src/rp2_common/pico_runtime/runtime.c.obj
                                 0x12 (size before relaxing)
 .rodata._vsnprintf
                0x10008ee8      0x1e0 CMakeFiles/repl.dir/C_/Users/pico/pico-sdk/src/rp2_common/pico_printf/printf.c.obj
 .rodata._ftoa.str1.4
                0x100090c8       0x15 CMakeFiles/repl.dir/C_/Users/pico/pico-sdk/src/rp2_common/pico_printf/printf.c.obj
 *fill*         0x100090dd        0x3 
 .rodata.pow10.5388
                0x100090e0       0x50 CMakeFiles/repl.dir/C_/Users/pico/pico-sdk/src/rp2_common/pico_printf/printf.c.obj
 .rodata.__bi_44
                0x10009130        0xc CMakeFiles/repl.dir/C_/Users/pico/pico-sdk/src/rp2_common/pico_standard_link/binary_info.c.obj
 .rodata.__bi_75
                0x1000913c        0xc CMakeFiles/repl.dir/C_/Users/pico/pico-sdk/src/rp2_common/pico_standard_link/binary_info.c.obj
 .rodata.__bi_81
                0x10009148        0xc CMakeFiles/repl.dir/C_/Users/pico/pico-sdk/src/rp2_common/pico_standard_link/binary_info.c.obj
 .rodata.str1.4
                0x10009154       0x3c CMakeFiles/repl.dir/C_/Users/pico/pico-sdk/src/rp2_common/pico_standard_link/binary_info.c.obj
 .rodata.crlf_str.5834
                0x10009190        0x2 CMakeFiles/repl.dir/C_/Users/pico/pico-sdk/src/rp2_common/pico_stdio/stdio.c.obj
 *fill*         0x10009192        0x2 
 .rodata._resetd_driver
                0x10009194       0x18 CMakeFiles/repl.dir/C_/Users/pico/pico-sdk/src/rp2_common/pico_stdio_usb/reset_interface.c.obj
 .rodata.__bi_118.7128
                0x100091ac        0xc CMakeFiles/repl.dir/C_/Users/pico/pico-sdk/src/rp2_common/pico_stdio_usb/stdio_usb.c.obj
 .rodata.str1.4
                0x100091b8       0x13 CMakeFiles/repl.dir/C_/Users/pico/pico-sdk/src/rp2_common/pico_stdio_usb/stdio_usb.c.obj
 *fill*         0x100091cb        0x1 
 .rodata.str1.4
                0x100091cc       0x2a CMakeFiles/repl.dir/C_/Users/pico/pico-sdk/src/rp2_common/pico_stdio_usb/stdio_usb_descriptors.c.obj
 *fill*         0x100091f6        0x2 
 .rodata.usbd_desc_cfg
                0x100091f8       0x54 CMakeFiles/repl.dir/C_/Users/pico/pico-sdk/src/rp2_common/pico_stdio_usb/stdio_usb_descriptors.c.obj
 .rodata.usbd_desc_device
                0x1000924c       0x12 CMakeFiles/repl.dir/C_/Users/pico/pico-sdk/src/rp2_common/pico_stdio_usb/stdio_usb_descriptors.c.obj
 *fill*         0x1000925e        0x2 
 .rodata.usbd_desc_str
                0x10009260       0x18 CMakeFiles/repl.dir/C_/Users/pico/pico-sdk/src/rp2_common/pico_stdio_usb/stdio_usb_descriptors.c.obj
 .rodata.dcd_rp2040_irq.str1.4
                0x10009278       0x14 CMakeFiles/repl.dir/C_/Users/pico/pico-sdk/lib/tinyusb/src/portable/raspberrypi/rp2040/dcd_rp2040.c.obj
 .rodata._hw_endpoint_buffer_control_update32.str1.4
                0x1000928c       0x1f CMakeFiles/repl.dir/C_/Users/pico/pico-sdk/lib/tinyusb/src/portable/raspberrypi/rp2040/rp2040_usb.c.obj
 *fill*         0x100092ab        0x1 
 .rodata.hw_endpoint_xfer_continue.str1.4
                0x100092ac       0x29 CMakeFiles/repl.dir/C_/Users/pico/pico-sdk/lib/tinyusb/src/portable/raspberrypi/rp2040/rp2040_usb.c.obj
 *fill*         0x100092d5        0x3 
 .rodata.str1.4
                0x100092d8        0x7 CMakeFiles/repl.dir/C_/Users/pico/pico-sdk/lib/tinyusb/src/portable/raspberrypi/rp2040/rp2040_usb.c.obj
 *fill*         0x100092df        0x1 
 .rodata.tud_task
                0x100092e0       0x8c CMakeFiles/repl.dir/C_/Users/pico/pico-sdk/lib/tinyusb/src/device/usbd.c.obj
 .rodata._usbd_driver
                0x1000936c       0x18 CMakeFiles/repl.dir/C_/Users/pico/pico-sdk/lib/tinyusb/src/device/usbd.c.obj
 .rodata.pio_add_program.str1.4
                0x10009384       0x14 CMakeFiles/repl.dir/C_/Users/pico/pico-sdk/src/rp2_common/hardware_pio/pio.c.obj
                                 0x11 (size before relaxing)
                0x10009398                . = ALIGN (0x4)
 *(SORT(.flashdata*))
                0x10009398                . = ALIGN (0x4)

.rel.dyn        0x10009398        0x0
 .rel.iplt      0x10009398        0x0 c:/progra~2/gnutoo~1/62017-~1/bin/../lib/gcc/arm-none-eabi/6.3.1/thumb/v6-m/crtbegin.o

.ARM.extab
 *(.ARM.extab* .gnu.linkonce.armextab.*)
                0x10009398                __exidx_start = .

.ARM.exidx
 *(.ARM.exidx* .gnu.linkonce.armexidx.*)
                0x10009398                __exidx_end = .
                0x10009398                . = ALIGN (0x4)
                0x10009398                __binary_info_start = .

.binary_info    0x10009398       0x20
 *(.binary_info.keep.*)
 .binary_info.keep.__bi_ptr22
                0x10009398        0x4 CMakeFiles/repl.dir/C_/Users/pico/pico-sdk/src/rp2_common/pico_standard_link/binary_info.c.obj
 .binary_info.keep.__bi_ptr30
                0x1000939c        0x4 CMakeFiles/repl.dir/C_/Users/pico/pico-sdk/src/rp2_common/pico_standard_link/binary_info.c.obj
 .binary_info.keep.__bi_ptr38
                0x100093a0        0x4 CMakeFiles/repl.dir/C_/Users/pico/pico-sdk/src/rp2_common/pico_standard_link/binary_info.c.obj
 .binary_info.keep.__bi_ptr44
                0x100093a4        0x4 CMakeFiles/repl.dir/C_/Users/pico/pico-sdk/src/rp2_common/pico_standard_link/binary_info.c.obj
 .binary_info.keep.__bi_ptr50
                0x100093a8        0x4 CMakeFiles/repl.dir/C_/Users/pico/pico-sdk/src/rp2_common/pico_standard_link/binary_info.c.obj
 .binary_info.keep.__bi_ptr75
                0x100093ac        0x4 CMakeFiles/repl.dir/C_/Users/pico/pico-sdk/src/rp2_common/pico_standard_link/binary_info.c.obj
 .binary_info.keep.__bi_ptr81
                0x100093b0        0x4 CMakeFiles/repl.dir/C_/Users/pico/pico-sdk/src/rp2_common/pico_standard_link/binary_info.c.obj
 *(.binary_info.*)
 .binary_info.__bi_ptr118
                0x100093b4        0x4 CMakeFiles/repl.dir/C_/Users/pico/pico-sdk/src/rp2_common/pico_stdio_usb/stdio_usb.c.obj
                0x100093b8                __binary_info_end = .
                0x100093b8                . = ALIGN (0x4)
                0x100093b8                __etext = .

.ram_vector_table
                0x20000000       0xc0
 *(.ram_vector_table)
 .ram_vector_table
                0x20000000       0xc0 CMakeFiles/repl.dir/C_/Users/pico/pico-sdk/src/rp2_common/pico_runtime/runtime.c.obj
                0x20000000                ram_vector_table

.data           0x200000c0      0xbf0 load address 0x100093b8
                0x200000c0                __data_start__ = .
 *(vtable)
 *(.time_critical*)
 .time_critical.mutex_enter_blocking
                0x200000c0       0x48 CMakeFiles/repl.dir/C_/Users/pico/pico-sdk/src/common/pico_sync/mutex.c.obj
                0x200000c0                mutex_enter_blocking
 .time_critical.mutex_try_enter
                0x20000108       0x48 CMakeFiles/repl.dir/C_/Users/pico/pico-sdk/src/common/pico_sync/mutex.c.obj
                0x20000108                mutex_try_enter
 .time_critical.mutex_enter_timeout_ms
                0x20000150       0xa4 CMakeFiles/repl.dir/C_/Users/pico/pico-sdk/src/common/pico_sync/mutex.c.obj
                0x20000150                mutex_enter_timeout_ms
 .time_critical.mutex_exit
                0x200001f4       0x28 CMakeFiles/repl.dir/C_/Users/pico/pico-sdk/src/common/pico_sync/mutex.c.obj
                0x200001f4                mutex_exit
 .time_critical.flash_init_boot2_copyout
                0x2000021c       0x34 CMakeFiles/repl.dir/C_/Users/pico/pico-sdk/src/rp2_common/hardware_flash/flash.c.obj
 .time_critical.flash_enable_xip_via_boot2
                0x20000250       0x10 CMakeFiles/repl.dir/C_/Users/pico/pico-sdk/src/rp2_common/hardware_flash/flash.c.obj
 .time_critical.flash_cs_force
                0x20000260       0x38 CMakeFiles/repl.dir/C_/Users/pico/pico-sdk/src/rp2_common/hardware_flash/flash.c.obj
 .time_critical.flash_do_cmd
                0x20000298       0xac CMakeFiles/repl.dir/C_/Users/pico/pico-sdk/src/rp2_common/hardware_flash/flash.c.obj
                0x20000298                flash_do_cmd
 *(.text*)
 .text          0x20000344        0x4 c:/progra~2/gnutoo~1/62017-~1/bin/../lib/gcc/arm-none-eabi/6.3.1/thumb/v6-m\libgcc.a(_dvmd_tls.o)
                0x20000344                __aeabi_idiv0
                0x20000344                __aeabi_ldiv0
 .text.__stub   0x20000348       0x30 linker stubs
                0x20000378                . = ALIGN (0x4)
 *(.rodata*)
                0x20000378                . = ALIGN (0x4)
 *(.data*)
 .data.striped_spin_lock_num
                0x20000378        0x1 CMakeFiles/repl.dir/C_/Users/pico/pico-sdk/src/rp2_common/hardware_sync/sync.c.obj
 *fill*         0x20000379        0x3 
 .data          0x2000037c       0x48 CMakeFiles/repl.dir/C_/Users/pico/pico-sdk/src/rp2_common/hardware_irq/irq_handler_chain.S.obj
                0x2000037c                irq_handler_chain_slots
                0x200003ac                irq_handler_chain_first_slot
                0x200003b6                irq_handler_chain_remove_tail
 .data.default_alarm_pool
                0x200003c4       0x18 CMakeFiles/repl.dir/C_/Users/pico/pico-sdk/src/common/pico_time/time.c.obj
 .data.default_alarm_pool_heap
                0x200003dc       0x10 CMakeFiles/repl.dir/C_/Users/pico/pico-sdk/src/common/pico_time/time.c.obj
 *fill*         0x200003ec        0x4 
 .data.aeabi_bits_funcs
                0x200003f0       0x10 CMakeFiles/repl.dir/C_/Users/pico/pico-sdk/src/rp2_common/pico_bit_ops/bit_ops_aeabi.S.obj
                0x200003f0                aeabi_bits_funcs
                0x20000400                aeabi_bits_funcs_end
 .data.aeabi_mem_funcs
                0x20000400       0x10 CMakeFiles/repl.dir/C_/Users/pico/pico-sdk/src/rp2_common/pico_mem_ops/mem_ops_aeabi.S.obj
                0x20000400                aeabi_mem_funcs
                0x20000410                aeabi_mem_funcs_end
 .data.stdio_usb
                0x20000410       0x14 CMakeFiles/repl.dir/C_/Users/pico/pico-sdk/src/rp2_common/pico_stdio_usb/stdio_usb.c.obj
                0x20000410                stdio_usb
 .data.ep_dir_string
                0x20000424        0x8 CMakeFiles/repl.dir/C_/Users/pico/pico-sdk/lib/tinyusb/src/portable/raspberrypi/rp2040/rp2040_usb.c.obj
                0x20000424                ep_dir_string
 .data._usbd_qdef
                0x2000042c       0x24 CMakeFiles/repl.dir/C_/Users/pico/pico-sdk/lib/tinyusb/src/device/usbd.c.obj
                0x2000042c                _usbd_qdef
 .data._impure_ptr
                0x20000450        0x4 c:/progra~2/gnutoo~1/62017-~1/bin/../lib/gcc/arm-none-eabi/6.3.1/../../../../arm-none-eabi/lib/thumb/v6-m\libc.a(lib_a-impure.o)
                0x20000450                _impure_ptr
 *fill*         0x20000454        0x4 
 .data.impure_data
                0x20000458      0x428 c:/progra~2/gnutoo~1/62017-~1/bin/../lib/gcc/arm-none-eabi/6.3.1/../../../../arm-none-eabi/lib/thumb/v6-m\libc.a(lib_a-impure.o)
 .data.__malloc_av_
                0x20000880      0x408 c:/progra~2/gnutoo~1/62017-~1/bin/../lib/gcc/arm-none-eabi/6.3.1/../../../../arm-none-eabi/lib/thumb/v6-m\libc.a(lib_a-mallocr.o)
                0x20000880                __malloc_av_
 .data.__malloc_sbrk_base
                0x20000c88        0x4 c:/progra~2/gnutoo~1/62017-~1/bin/../lib/gcc/arm-none-eabi/6.3.1/../../../../arm-none-eabi/lib/thumb/v6-m\libc.a(lib_a-mallocr.o)
                0x20000c88                __malloc_sbrk_base
 .data.__malloc_trim_threshold
                0x20000c8c        0x4 c:/progra~2/gnutoo~1/62017-~1/bin/../lib/gcc/arm-none-eabi/6.3.1/../../../../arm-none-eabi/lib/thumb/v6-m\libc.a(lib_a-mallocr.o)
                0x20000c8c                __malloc_trim_threshold
                0x20000c90                . = ALIGN (0x4)
 *(.after_data.*)
                0x20000c90                . = ALIGN (0x4)
                0x20000c90                PROVIDE (__mutex_array_start, .)
 *(SORT(.mutex_array.*))
 *(.mutex_array)
 .mutex_array   0x20000c90        0x8 CMakeFiles/repl.dir/C_/Users/pico/pico-sdk/src/rp2_common/pico_stdio/stdio.c.obj
                0x20000c98                PROVIDE (__mutex_array_end, .)
                0x20000c98                . = ALIGN (0x4)
                0x20000c98                PROVIDE (__preinit_array_start, .)
 *(SORT(.preinit_array.*))
 .preinit_array.00001
                0x20000c98        0x4 CMakeFiles/repl.dir/C_/Users/pico/pico-sdk/src/rp2_common/pico_mem_ops/mem_ops_aeabi.S.obj
 .preinit_array.00010
                0x20000c9c        0x4 CMakeFiles/repl.dir/C_/Users/pico/pico-sdk/src/rp2_common/pico_bit_ops/bit_ops_aeabi.S.obj
 .preinit_array.00020
                0x20000ca0        0x4 CMakeFiles/repl.dir/C_/Users/pico/pico-sdk/src/rp2_common/pico_double/double_aeabi.S.obj
 .preinit_array.00020
                0x20000ca4        0x4 CMakeFiles/repl.dir/C_/Users/pico/pico-sdk/src/rp2_common/pico_float/float_aeabi.S.obj
 *(.preinit_array)
                0x20000ca8                PROVIDE (__preinit_array_end, .)
                0x20000ca8                . = ALIGN (0x4)
                0x20000ca8                PROVIDE (__init_array_start, .)
 *(SORT(.init_array.*))
 *(.init_array)
 .init_array    0x20000ca8        0x4 c:/progra~2/gnutoo~1/62017-~1/bin/../lib/gcc/arm-none-eabi/6.3.1/thumb/v6-m/crtbegin.o
 .init_array    0x20000cac        0x4 CMakeFiles/repl.dir/C_/Users/pico/pico-sdk/src/rp2_common/pico_unique_id/unique_id.c.obj
                0x20000cb0                PROVIDE (__init_array_end, .)
                0x20000cb0                . = ALIGN (0x4)
                [!provide]                PROVIDE (__fini_array_start, .)
 *(SORT(.fini_array.*))
 *(.fini_array)
                [!provide]                PROVIDE (__fini_array_end, .)
 *(.jcr)
 .jcr           0x20000cb0        0x0 c:/progra~2/gnutoo~1/62017-~1/bin/../lib/gcc/arm-none-eabi/6.3.1/thumb/v6-m/crtbegin.o
                0x20000cb0                . = ALIGN (0x4)
                0x20000cb0                __data_end__ = .

.igot.plt       0x20000cb0        0x0 load address 0x10009fa8
 .igot.plt      0x20000cb0        0x0 c:/progra~2/gnutoo~1/62017-~1/bin/../lib/gcc/arm-none-eabi/6.3.1/thumb/v6-m/crtbegin.o

.uninitialized_data
                0x20000cb0        0x0 load address 0x10009fa8
                0x20000cb0                . = ALIGN (0x4)
 *(.uninitialized_data*)

.scratch_x      0x20040000        0x0 load address 0x10009fa8
                0x20040000                __scratch_x_start__ = .
 *(.scratch_x.*)
                0x20040000                . = ALIGN (0x4)
                0x20040000                __scratch_x_end__ = .
                0x10009fa8                __scratch_x_source__ = LOADADDR (.scratch_x)

.scratch_y      0x20041000        0x0 load address 0x10009fa8
                0x20041000                __scratch_y_start__ = .
 *(.scratch_y.*)
                0x20041000                . = ALIGN (0x4)
                0x20041000                __scratch_y_end__ = .
                0x10009fa8                __scratch_y_source__ = LOADADDR (.scratch_y)

.bss            0x20000cb0      0xdf0
                0x20000cb0                . = ALIGN (0x4)
                0x20000cb0                __bss_start__ = .
 *(SORT(.bss*))
 .bss.default_alarm_pool_entries
                0x20000cb0      0x100 CMakeFiles/repl.dir/C_/Users/pico/pico-sdk/src/common/pico_time/time.c.obj
 .bss.last_avail_time.7107
                0x20000db0        0x8 CMakeFiles/repl.dir/C_/Users/pico/pico-sdk/src/rp2_common/pico_stdio_usb/stdio_usb.c.obj
 .bss           0x20000db8       0x1c c:/progra~2/gnutoo~1/62017-~1/bin/../lib/gcc/arm-none-eabi/6.3.1/thumb/v6-m/crtbegin.o
 .bss.__malloc_current_mallinfo
                0x20000dd4       0x28 c:/progra~2/gnutoo~1/62017-~1/bin/../lib/gcc/arm-none-eabi/6.3.1/../../../../arm-none-eabi/lib/thumb/v6-m\libc.a(lib_a-mallocr.o)
                0x20000dd4                __malloc_current_mallinfo
 .bss.__malloc_max_sbrked_mem
                0x20000dfc        0x4 c:/progra~2/gnutoo~1/62017-~1/bin/../lib/gcc/arm-none-eabi/6.3.1/../../../../arm-none-eabi/lib/thumb/v6-m\libc.a(lib_a-mallocr.o)
                0x20000dfc                __malloc_max_sbrked_mem
 .bss.__malloc_max_total_mem
                0x20000e00        0x4 c:/progra~2/gnutoo~1/62017-~1/bin/../lib/gcc/arm-none-eabi/6.3.1/../../../../arm-none-eabi/lib/thumb/v6-m\libc.a(lib_a-mallocr.o)
                0x20000e00                __malloc_max_total_mem
 .bss.__malloc_top_pad
                0x20000e04        0x4 c:/progra~2/gnutoo~1/62017-~1/bin/../lib/gcc/arm-none-eabi/6.3.1/../../../../arm-none-eabi/lib/thumb/v6-m\libc.a(lib_a-mallocr.o)
                0x20000e04                __malloc_top_pad
 .bss._app_driver
                0x20000e08        0x4 CMakeFiles/repl.dir/C_/Users/pico/pico-sdk/lib/tinyusb/src/device/usbd.c.obj
 .bss._cdcd_itf
                0x20000e0c      0x2d8 CMakeFiles/repl.dir/C_/Users/pico/pico-sdk/lib/tinyusb/src/class/cdc/cdc_device.c.obj
 .bss._ctrl_xfer
                0x200010e4       0x14 CMakeFiles/repl.dir/C_/Users/pico/pico-sdk/lib/tinyusb/src/device/usbd_control.c.obj
 .bss._ubsd_mutexdef
                0x200010f8        0x8 CMakeFiles/repl.dir/C_/Users/pico/pico-sdk/lib/tinyusb/src/device/usbd.c.obj
 .bss._usbd_ctrl_buf
                0x20001100       0x40 CMakeFiles/repl.dir/C_/Users/pico/pico-sdk/lib/tinyusb/src/device/usbd_control.c.obj
 .bss._usbd_dev
                0x20001140       0x53 CMakeFiles/repl.dir/C_/Users/pico/pico-sdk/lib/tinyusb/src/device/usbd.c.obj
 *fill*         0x20001193        0x1 
 .bss._usbd_mutex
                0x20001194        0x4 CMakeFiles/repl.dir/C_/Users/pico/pico-sdk/lib/tinyusb/src/device/usbd.c.obj
 .bss._usbd_q   0x20001198        0x4 CMakeFiles/repl.dir/C_/Users/pico/pico-sdk/lib/tinyusb/src/device/usbd.c.obj
 .bss._used_instruction_space
                0x2000119c        0x8 CMakeFiles/repl.dir/C_/Users/pico/pico-sdk/src/rp2_common/hardware_pio/pio.c.obj
 .bss.alarm_callbacks
                0x200011a4       0x10 CMakeFiles/repl.dir/C_/Users/pico/pico-sdk/src/rp2_common/hardware_timer/timer.c.obj
 .bss.boot2_copyout
                0x200011b4      0x100 CMakeFiles/repl.dir/C_/Users/pico/pico-sdk/src/rp2_common/hardware_flash/flash.c.obj
 .bss.claimed   0x200012b4        0x4 CMakeFiles/repl.dir/C_/Users/pico/pico-sdk/src/rp2_common/hardware_sync/sync.c.obj
 .bss.configured_freq
                0x200012b8       0x28 CMakeFiles/repl.dir/C_/Users/pico/pico-sdk/src/rp2_common/hardware_clocks/clocks.c.obj
 .bss.default_alarm_pool_entry_ids_high
                0x200012e0       0x10 CMakeFiles/repl.dir/C_/Users/pico/pico-sdk/src/common/pico_time/time.c.obj
 .bss.default_alarm_pool_heap_nodes
                0x200012f0       0x30 CMakeFiles/repl.dir/C_/Users/pico/pico-sdk/src/common/pico_time/time.c.obj
 .bss.desc_str.6992
                0x20001320       0x28 CMakeFiles/repl.dir/C_/Users/pico/pico-sdk/src/rp2_common/pico_stdio_usb/stdio_usb_descriptors.c.obj
 .bss.drivers   0x20001348        0x4 CMakeFiles/repl.dir/C_/Users/pico/pico-sdk/src/rp2_common/pico_stdio/stdio.c.obj
 .bss.filter    0x2000134c        0x4 CMakeFiles/repl.dir/C_/Users/pico/pico-sdk/src/rp2_common/pico_stdio/stdio.c.obj
 .bss.heap_end.5809
                0x20001350        0x4 CMakeFiles/repl.dir/C_/Users/pico/pico-sdk/src/rp2_common/pico_runtime/runtime.c.obj
 .bss.hw_endpoints
                0x20001354      0x400 CMakeFiles/repl.dir/C_/Users/pico/pico-sdk/lib/tinyusb/src/portable/raspberrypi/rp2040/dcd_rp2040.c.obj
 .bss.lazy_vsnprintf
                0x20001754        0x4 CMakeFiles/repl.dir/C_/Users/pico/pico-sdk/src/rp2_common/pico_printf/printf.c.obj
 .bss.load_value
                0x20001758        0x4 CMakeFiles/repl.dir/C_/Users/pico/pico-sdk/src/rp2_common/hardware_watchdog/watchdog.c.obj
 .bss.next_buffer_ptr
                0x2000175c        0x4 CMakeFiles/repl.dir/C_/Users/pico/pico-sdk/lib/tinyusb/src/portable/raspberrypi/rp2040/dcd_rp2040.c.obj
 .bss.pools     0x20001760       0x10 CMakeFiles/repl.dir/C_/Users/pico/pico-sdk/src/common/pico_time/time.c.obj
 .bss.retrieved_id
                0x20001770        0x8 CMakeFiles/repl.dir/C_/Users/pico/pico-sdk/src/rp2_common/pico_unique_id/unique_id.c.obj
 .bss.sf_clz_func
                0x20001778        0x4 CMakeFiles/repl.dir/C_/Users/pico/pico-sdk/src/rp2_common/pico_double/double_init_rom.c.obj
                0x20001778                sf_clz_func
 .bss.sleep_notifier
                0x2000177c        0x4 CMakeFiles/repl.dir/C_/Users/pico/pico-sdk/src/common/pico_time/time.c.obj
 .bss.stdio_usb_mutex
                0x20001780        0x8 CMakeFiles/repl.dir/C_/Users/pico/pico-sdk/src/rp2_common/pico_stdio_usb/stdio_usb.c.obj
 .bss.target_hi
                0x20001788       0x10 CMakeFiles/repl.dir/C_/Users/pico/pico-sdk/src/rp2_common/hardware_timer/timer.c.obj
 .bss.usbd_serial_str
                0x20001798       0x11 CMakeFiles/repl.dir/C_/Users/pico/pico-sdk/src/rp2_common/pico_stdio_usb/stdio_usb_descriptors.c.obj
 *fill*         0x200017a9        0x3 
 .bss.user_irq_claimed
                0x200017ac        0x2 CMakeFiles/repl.dir/C_/Users/pico/pico-sdk/src/rp2_common/hardware_irq/irq.c.obj
 .bss._app_driver_count
                0x200017ae        0x1 CMakeFiles/repl.dir/C_/Users/pico/pico-sdk/lib/tinyusb/src/device/usbd.c.obj
 .bss._usbd_initialized
                0x200017af        0x1 CMakeFiles/repl.dir/C_/Users/pico/pico-sdk/lib/tinyusb/src/device/usbd.c.obj
 .bss.boot2_copyout_valid
                0x200017b0        0x1 CMakeFiles/repl.dir/C_/Users/pico/pico-sdk/src/rp2_common/hardware_flash/flash.c.obj
 .bss.claimed   0x200017b1        0x1 CMakeFiles/repl.dir/C_/Users/pico/pico-sdk/src/rp2_common/hardware_timer/timer.c.obj
 .bss.irq_hander_chain_free_slot_head
                0x200017b2        0x1 CMakeFiles/repl.dir/C_/Users/pico/pico-sdk/src/rp2_common/hardware_irq/irq.c.obj
 .bss.itf_num   0x200017b3        0x1 CMakeFiles/repl.dir/C_/Users/pico/pico-sdk/src/rp2_common/pico_stdio_usb/reset_interface.c.obj
 .bss.low_priority_irq_num
                0x200017b4        0x1 CMakeFiles/repl.dir/C_/Users/pico/pico-sdk/src/rp2_common/pico_stdio_usb/stdio_usb.c.obj
 .bss.timer_callbacks_pending
                0x200017b5        0x1 CMakeFiles/repl.dir/C_/Users/pico/pico-sdk/src/rp2_common/hardware_timer/timer.c.obj
 *(COMMON)
 *fill*         0x200017b6        0x2 
 COMMON         0x200017b8      0x100 CMakeFiles/repl.dir/C_/Users/pico/pico-sdk/src/rp2_common/pico_double/double_init_rom.c.obj
                0x200017b8                sd_table
 COMMON         0x200018b8      0x100 CMakeFiles/repl.dir/C_/Users/pico/pico-sdk/src/rp2_common/pico_float/float_init_rom.c.obj
                0x200018b8                sf_table
 COMMON         0x200019b8       0xc0 CMakeFiles/repl.dir/C_/Users/pico/pico-sdk/lib/tinyusb/src/device/usbd.c.obj
                0x200019b8                _usbd_qdef_buf
 COMMON         0x20001a78       0x21 c:/progra~2/gnutoo~1/62017-~1/bin/../lib/gcc/arm-none-eabi/6.3.1/../../../../arm-none-eabi/lib/thumb/v6-m\libc.a(lib_a-lock.o)
                0x20001a78                __lock___atexit_recursive_mutex
                0x20001a7c                __lock___arc4random_mutex
                0x20001a80                __lock___env_recursive_mutex
                0x20001a84                __lock___sinit_recursive_mutex
                0x20001a88                __lock___malloc_recursive_mutex
                0x20001a8c                __lock___at_quick_exit_mutex
                0x20001a90                __lock___dd_hash_mutex
                0x20001a94                __lock___tz_mutex
                0x20001a98                __lock___sfp_recursive_mutex
 *fill*         0x20001a99        0x3 
 COMMON         0x20001a9c        0x4 c:/progra~2/gnutoo~1/62017-~1/bin/../lib/gcc/arm-none-eabi/6.3.1/../../../../arm-none-eabi/lib/thumb/v6-m\libc.a(lib_a-reent.o)
                0x20001a9c                errno
                0x20001aa0                . = ALIGN (0x4)
                0x20001aa0                __bss_end__ = .

.heap           0x20001aa0      0x800
                0x20001aa0                __end__ = .
                0x20001aa0                end = __end__
 *(.heap*)
 .heap          0x20001aa0      0x800 CMakeFiles/repl.dir/C_/Users/pico/pico-sdk/src/rp2_common/pico_standard_link/crt0.S.obj
                0x200022a0                __HeapLimit = .

.stack1_dummy   0x20040000        0x0
 *(.stack1*)

.stack_dummy    0x20041000      0x800
 *(.stack*)
 .stack         0x20041000      0x800 CMakeFiles/repl.dir/C_/Users/pico/pico-sdk/src/rp2_common/pico_standard_link/crt0.S.obj

.flash_end      0x10009fa8        0x0
                0x10009fa8                __flash_binary_end = .
                0x20040000                __StackLimit = (ORIGIN (RAM) + LENGTH (RAM))
                0x20041000                __StackOneTop = (ORIGIN (SCRATCH_X) + LENGTH (SCRATCH_X))
                0x20042000                __StackTop = (ORIGIN (SCRATCH_Y) + LENGTH (SCRATCH_Y))
                0x20041000                __StackOneBottom = (__StackOneTop - SIZEOF (.stack1_dummy))
                0x20041800                __StackBottom = (__StackTop - SIZEOF (.stack_dummy))
                0x20042000                PROVIDE (__stack, __StackTop)
                0x00000001                ASSERT ((__StackLimit >= __HeapLimit), region RAM overflowed)
                0x00000001                ASSERT (((__binary_info_header_end - __logical_binary_start) <= 0x100), Binary info must be in first 256 bytes of the binary)
LOAD CMakeFiles/repl.dir/sequencer.c.obj
LOAD CMakeFiles/repl.dir/ws2812.c.obj
LOAD CMakeFiles/repl.dir/C_/Users/pico/pico-sdk/src/rp2_common/pico_stdlib/stdlib.c.obj
LOAD CMakeFiles/repl.dir/C_/Users/pico/pico-sdk/src/rp2_common/hardware_gpio/gpio.c.obj
LOAD CMakeFiles/repl.dir/C_/Users/pico/pico-sdk/src/rp2_common/hardware_claim/claim.c.obj
LOAD CMakeFiles/repl.dir/C_/Users/pico/pico-sdk/src/rp2_common/pico_platform/platform.c.obj
LOAD CMakeFiles/repl.dir/C_/Users/pico/pico-sdk/src/rp2_common/hardware_sync/sync.c.obj
LOAD CMakeFiles/repl.dir/C_/Users/pico/pico-sdk/src/rp2_common/hardware_irq/irq.c.obj
LOAD CMakeFiles/repl.dir/C_/Users/pico/pico-sdk/src/rp2_common/hardware_irq/irq_handler_chain.S.obj
LOAD CMakeFiles/repl.dir/C_/Users/pico/pico-sdk/src/common/pico_sync/sem.c.obj
LOAD CMakeFiles/repl.dir/C_/Users/pico/pico-sdk/src/common/pico_sync/lock_core.c.obj
LOAD CMakeFiles/repl.dir/C_/Users/pico/pico-sdk/src/common/pico_time/time.c.obj
LOAD CMakeFiles/repl.dir/C_/Users/pico/pico-sdk/src/common/pico_time/timeout_helper.c.obj
LOAD CMakeFiles/repl.dir/C_/Users/pico/pico-sdk/src/rp2_common/hardware_timer/timer.c.obj
LOAD CMakeFiles/repl.dir/C_/Users/pico/pico-sdk/src/common/pico_util/datetime.c.obj
LOAD CMakeFiles/repl.dir/C_/Users/pico/pico-sdk/src/common/pico_util/pheap.c.obj
LOAD CMakeFiles/repl.dir/C_/Users/pico/pico-sdk/src/common/pico_util/queue.c.obj
LOAD CMakeFiles/repl.dir/C_/Users/pico/pico-sdk/src/common/pico_sync/mutex.c.obj
LOAD CMakeFiles/repl.dir/C_/Users/pico/pico-sdk/src/common/pico_sync/critical_section.c.obj
LOAD CMakeFiles/repl.dir/C_/Users/pico/pico-sdk/src/rp2_common/hardware_uart/uart.c.obj
LOAD CMakeFiles/repl.dir/C_/Users/pico/pico-sdk/src/rp2_common/hardware_divider/divider.S.obj
LOAD CMakeFiles/repl.dir/C_/Users/pico/pico-sdk/src/rp2_common/pico_runtime/runtime.c.obj
LOAD CMakeFiles/repl.dir/C_/Users/pico/pico-sdk/src/rp2_common/hardware_clocks/clocks.c.obj
LOAD CMakeFiles/repl.dir/C_/Users/pico/pico-sdk/src/rp2_common/hardware_pll/pll.c.obj
LOAD CMakeFiles/repl.dir/C_/Users/pico/pico-sdk/src/rp2_common/hardware_vreg/vreg.c.obj
LOAD CMakeFiles/repl.dir/C_/Users/pico/pico-sdk/src/rp2_common/hardware_watchdog/watchdog.c.obj
LOAD CMakeFiles/repl.dir/C_/Users/pico/pico-sdk/src/rp2_common/hardware_xosc/xosc.c.obj
LOAD CMakeFiles/repl.dir/C_/Users/pico/pico-sdk/src/rp2_common/pico_printf/printf.c.obj
LOAD CMakeFiles/repl.dir/C_/Users/pico/pico-sdk/src/rp2_common/pico_bit_ops/bit_ops_aeabi.S.obj
LOAD CMakeFiles/repl.dir/C_/Users/pico/pico-sdk/src/rp2_common/pico_bootrom/bootrom.c.obj
LOAD CMakeFiles/repl.dir/C_/Users/pico/pico-sdk/src/rp2_common/pico_divider/divider.S.obj
LOAD CMakeFiles/repl.dir/C_/Users/pico/pico-sdk/src/rp2_common/pico_double/double_aeabi.S.obj
LOAD CMakeFiles/repl.dir/C_/Users/pico/pico-sdk/src/rp2_common/pico_double/double_init_rom.c.obj
LOAD CMakeFiles/repl.dir/C_/Users/pico/pico-sdk/src/rp2_common/pico_double/double_math.c.obj
LOAD CMakeFiles/repl.dir/C_/Users/pico/pico-sdk/src/rp2_common/pico_double/double_v1_rom_shim.S.obj
LOAD CMakeFiles/repl.dir/C_/Users/pico/pico-sdk/src/rp2_common/pico_int64_ops/pico_int64_ops_aeabi.S.obj
LOAD CMakeFiles/repl.dir/C_/Users/pico/pico-sdk/src/rp2_common/pico_float/float_aeabi.S.obj
LOAD CMakeFiles/repl.dir/C_/Users/pico/pico-sdk/src/rp2_common/pico_float/float_init_rom.c.obj
LOAD CMakeFiles/repl.dir/C_/Users/pico/pico-sdk/src/rp2_common/pico_float/float_math.c.obj
LOAD CMakeFiles/repl.dir/C_/Users/pico/pico-sdk/src/rp2_common/pico_float/float_v1_rom_shim.S.obj
LOAD CMakeFiles/repl.dir/C_/Users/pico/pico-sdk/src/rp2_common/pico_malloc/pico_malloc.c.obj
LOAD CMakeFiles/repl.dir/C_/Users/pico/pico-sdk/src/rp2_common/pico_mem_ops/mem_ops_aeabi.S.obj
LOAD CMakeFiles/repl.dir/C_/Users/pico/pico-sdk/src/rp2_common/pico_standard_link/crt0.S.obj
LOAD CMakeFiles/repl.dir/C_/Users/pico/pico-sdk/src/rp2_common/pico_standard_link/new_delete.cpp.obj
LOAD CMakeFiles/repl.dir/C_/Users/pico/pico-sdk/src/rp2_common/pico_standard_link/binary_info.c.obj
LOAD CMakeFiles/repl.dir/C_/Users/pico/pico-sdk/src/rp2_common/pico_stdio/stdio.c.obj
LOAD CMakeFiles/repl.dir/C_/Users/pico/pico-sdk/src/rp2_common/pico_stdio_usb/reset_interface.c.obj
LOAD CMakeFiles/repl.dir/C_/Users/pico/pico-sdk/src/rp2_common/pico_stdio_usb/stdio_usb.c.obj
LOAD CMakeFiles/repl.dir/C_/Users/pico/pico-sdk/src/rp2_common/pico_stdio_usb/stdio_usb_descriptors.c.obj
LOAD CMakeFiles/repl.dir/C_/Users/pico/pico-sdk/lib/tinyusb/src/portable/raspberrypi/rp2040/dcd_rp2040.c.obj
LOAD CMakeFiles/repl.dir/C_/Users/pico/pico-sdk/lib/tinyusb/src/portable/raspberrypi/rp2040/rp2040_usb.c.obj
LOAD CMakeFiles/repl.dir/C_/Users/pico/pico-sdk/lib/tinyusb/src/device/usbd.c.obj
LOAD CMakeFiles/repl.dir/C_/Users/pico/pico-sdk/lib/tinyusb/src/device/usbd_control.c.obj
LOAD CMakeFiles/repl.dir/C_/Users/pico/pico-sdk/lib/tinyusb/src/class/audio/audio_device.c.obj
LOAD CMakeFiles/repl.dir/C_/Users/pico/pico-sdk/lib/tinyusb/src/class/cdc/cdc_device.c.obj
LOAD CMakeFiles/repl.dir/C_/Users/pico/pico-sdk/lib/tinyusb/src/class/dfu/dfu_device.c.obj
LOAD CMakeFiles/repl.dir/C_/Users/pico/pico-sdk/lib/tinyusb/src/class/dfu/dfu_rt_device.c.obj
LOAD CMakeFiles/repl.dir/C_/Users/pico/pico-sdk/lib/tinyusb/src/class/hid/hid_device.c.obj
LOAD CMakeFiles/repl.dir/C_/Users/pico/pico-sdk/lib/tinyusb/src/class/midi/midi_device.c.obj
LOAD CMakeFiles/repl.dir/C_/Users/pico/pico-sdk/lib/tinyusb/src/class/msc/msc_device.c.obj
LOAD CMakeFiles/repl.dir/C_/Users/pico/pico-sdk/lib/tinyusb/src/class/net/ecm_rndis_device.c.obj
LOAD CMakeFiles/repl.dir/C_/Users/pico/pico-sdk/lib/tinyusb/src/class/net/ncm_device.c.obj
LOAD CMakeFiles/repl.dir/C_/Users/pico/pico-sdk/lib/tinyusb/src/class/usbtmc/usbtmc_device.c.obj
LOAD CMakeFiles/repl.dir/C_/Users/pico/pico-sdk/lib/tinyusb/src/class/vendor/vendor_device.c.obj
LOAD CMakeFiles/repl.dir/C_/Users/pico/pico-sdk/lib/tinyusb/src/class/video/video_device.c.obj
LOAD CMakeFiles/repl.dir/C_/Users/pico/pico-sdk/lib/tinyusb/src/tusb.c.obj
LOAD CMakeFiles/repl.dir/C_/Users/pico/pico-sdk/lib/tinyusb/src/common/tusb_fifo.c.obj
LOAD CMakeFiles/repl.dir/C_/Users/pico/pico-sdk/src/rp2_common/pico_fix/rp2040_usb_device_enumeration/rp2040_usb_device_enumeration.c.obj
LOAD CMakeFiles/repl.dir/C_/Users/pico/pico-sdk/src/rp2_common/pico_unique_id/unique_id.c.obj
LOAD CMakeFiles/repl.dir/C_/Users/pico/pico-sdk/src/rp2_common/hardware_flash/flash.c.obj
LOAD CMakeFiles/repl.dir/C_/Users/pico/pico-sdk/src/rp2_common/hardware_pio/pio.c.obj
LOAD C:\Users\24664\AppData\Local\Temp\cc0LRGmy.o
LOAD c:/progra~2/gnutoo~1/62017-~1/bin/../lib/gcc/arm-none-eabi/6.3.1/../../../../arm-none-eabi/lib/thumb/v6-m\libstdc++.a
LOAD c:/progra~2/gnutoo~1/62017-~1/bin/../lib/gcc/arm-none-eabi/6.3.1/../../../../arm-none-eabi/lib/thumb/v6-m\libm.a
START GROUP
LOAD c:/progra~2/gnutoo~1/62017-~1/bin/../lib/gcc/arm-none-eabi/6.3.1/thumb/v6-m\libgcc.a
LOAD c:/progra~2/gnutoo~1/62017-~1/bin/../lib/gcc/arm-none-eabi/6.3.1/../../../../arm-none-eabi/lib/thumb/v6-m\libc.a
END GROUP
START GROUP
LOAD c:/progra~2/gnutoo~1/62017-~1/bin/../lib/gcc/arm-none-eabi/6.3.1/thumb/v6-m\libgcc.a
LOAD c:/progra~2/gnutoo~1/62017-~1/bin/../lib/gcc/arm-none-eabi/6.3.1/../../../../arm-none-eabi/lib/thumb/v6-m\libc.a
LOAD c:/progra~2/gnutoo~1/62017-~1/bin/../lib/gcc/arm-none-eabi/6.3.1/../../../../arm-none-eabi/lib/thumb/v6-m\libnosys.a
END GROUP
LOAD c:/progra~2/gnutoo~1/62017-~1/bin/../lib/gcc/arm-none-eabi/6.3.1/thumb/v6-m/crtend.o
LOAD c:/progra~2/gnutoo~1/62017-~1/bin/../lib/gcc/arm-none-eabi/6.3.1/thumb/v6-m/crtn.o
OUTPUT(repl.elf elf32-littlearm)

.ARM.attributes
                0x00000000       0x28
 .ARM.attributes
                0x00000000       0x1e c:/progra~2/gnutoo~1/62017-~1/bin/../lib/gcc/arm-none-eabi/6.3.1/thumb/v6-m/crti.o
 .ARM.attributes
                0x0000001e       0x2c c:/progra~2/gnutoo~1/62017-~1/bin/../lib/gcc/arm-none-eabi/6.3.1/thumb/v6-m/crtbegin.o
 .ARM.attributes
                0x0000004a       0x32 CMakeFiles/repl.dir/sequencer.c.obj
 .ARM.attributes
                0x0000007c       0x32 CMakeFiles/repl.dir/ws2812.c.obj
 .ARM.attributes
                0x000000ae       0x32 CMakeFiles/repl.dir/C_/Users/pico/pico-sdk/src/rp2_common/hardware_gpio/gpio.c.obj
 .ARM.attributes
                0x000000e0       0x32 CMakeFiles/repl.dir/C_/Users/pico/pico-sdk/src/rp2_common/hardware_claim/claim.c.obj
 .ARM.attributes
                0x00000112       0x32 CMakeFiles/repl.dir/C_/Users/pico/pico-sdk/src/rp2_common/pico_platform/platform.c.obj
 .ARM.attributes
                0x00000144       0x32 CMakeFiles/repl.dir/C_/Users/pico/pico-sdk/src/rp2_common/hardware_sync/sync.c.obj
 .ARM.attributes
                0x00000176       0x32 CMakeFiles/repl.dir/C_/Users/pico/pico-sdk/src/rp2_common/hardware_irq/irq.c.obj
 .ARM.attributes
                0x000001a8       0x22 CMakeFiles/repl.dir/C_/Users/pico/pico-sdk/src/rp2_common/hardware_irq/irq_handler_chain.S.obj
 .ARM.attributes
                0x000001ca       0x32 CMakeFiles/repl.dir/C_/Users/pico/pico-sdk/src/common/pico_sync/lock_core.c.obj
 .ARM.attributes
                0x000001fc       0x32 CMakeFiles/repl.dir/C_/Users/pico/pico-sdk/src/common/pico_time/time.c.obj
 .ARM.attributes
                0x0000022e       0x32 CMakeFiles/repl.dir/C_/Users/pico/pico-sdk/src/rp2_common/hardware_timer/timer.c.obj
 .ARM.attributes
                0x00000260       0x32 CMakeFiles/repl.dir/C_/Users/pico/pico-sdk/src/common/pico_util/pheap.c.obj
 .ARM.attributes
                0x00000292       0x32 CMakeFiles/repl.dir/C_/Users/pico/pico-sdk/src/common/pico_sync/mutex.c.obj
 .ARM.attributes
                0x000002c4       0x32 CMakeFiles/repl.dir/C_/Users/pico/pico-sdk/src/common/pico_sync/critical_section.c.obj
 .ARM.attributes
                0x000002f6       0x32 CMakeFiles/repl.dir/C_/Users/pico/pico-sdk/src/rp2_common/pico_runtime/runtime.c.obj
 .ARM.attributes
                0x00000328       0x32 CMakeFiles/repl.dir/C_/Users/pico/pico-sdk/src/rp2_common/hardware_clocks/clocks.c.obj
 .ARM.attributes
                0x0000035a       0x32 CMakeFiles/repl.dir/C_/Users/pico/pico-sdk/src/rp2_common/hardware_pll/pll.c.obj
 .ARM.attributes
                0x0000038c       0x32 CMakeFiles/repl.dir/C_/Users/pico/pico-sdk/src/rp2_common/hardware_watchdog/watchdog.c.obj
 .ARM.attributes
                0x000003be       0x32 CMakeFiles/repl.dir/C_/Users/pico/pico-sdk/src/rp2_common/hardware_xosc/xosc.c.obj
 .ARM.attributes
                0x000003f0       0x32 CMakeFiles/repl.dir/C_/Users/pico/pico-sdk/src/rp2_common/pico_printf/printf.c.obj
 .ARM.attributes
                0x00000422       0x22 CMakeFiles/repl.dir/C_/Users/pico/pico-sdk/src/rp2_common/pico_bit_ops/bit_ops_aeabi.S.obj
 .ARM.attributes
                0x00000444       0x32 CMakeFiles/repl.dir/C_/Users/pico/pico-sdk/src/rp2_common/pico_bootrom/bootrom.c.obj
 .ARM.attributes
                0x00000476       0x22 CMakeFiles/repl.dir/C_/Users/pico/pico-sdk/src/rp2_common/pico_divider/divider.S.obj
 .ARM.attributes