Archive member included to satisfy reference by file (symbol)

c:/progra~2/gnutoo~1/62017-~1/bin/../lib/gcc/arm-none-eabi/6.3.1/thumb/v6-m\libgcc.a(_dvmd_tls.o)
                              CMakeFiles/repl.dir/C_/Users/pico/pico-sdk/src/rp2_common/pico_divider/divider.S.obj (__aeabi_idiv0)
c:/progra~2/gnutoo~1/62017-~1/bin/../lib/gcc/arm-none-eabi/6.3.1/../../../../arm-none-eabi/lib/thumb/v6-m\libc.a(lib_a-calloc.o)
                              CMakeFiles/repl.dir/C_/Users/pico/pico-sdk/src/rp2_common/pico_malloc/pico_malloc.c.obj (calloc)
c:/progra~2/gnutoo~1/62017-~1/bin/../lib/gcc/arm-none-eabi/6.3.1/../../../../arm-none-eabi/lib/thumb/v6-m\libc.a(lib_a-callocr.o)
                              c:/progra~2/gnutoo~1/62017-~1/bin/../lib/gcc/arm-none-eabi/6.3.1/../../../../arm-none-eabi/lib/thumb/v6-m\libc.a(lib_a-calloc.o) (_calloc_r)
c:/progra~2/gnutoo~1/62017-~1/bin/../lib/gcc/arm-none-eabi/6.3.1/../../../../arm-none-eabi/lib/thumb/v6-m\libc.a(lib_a-impure.o)
                              CMakeFiles/repl.dir/C_/Users/pico/pico-sdk/src/common/pico_util/pheap.c.obj (_impure_ptr)
c:/progra~2/gnutoo~1/62017-~1/bin/../lib/gcc/arm-none-eabi/6.3.1/../../../../arm-none-eabi/lib/thumb/v6-m\libc.a(lib_a-init.o)
                              c:/progra~2/gnutoo~1/62017-~1/bin/../lib/gcc/arm-none-eabi/6.3.1/../../../../arm-none-eabi/lib/thumb/v6-m/crt0.o (__libc_init_array)
c:/progra~2/gnutoo~1/62017-~1/bin/../lib/gcc/arm-none-eabi/6.3.1/../../../../arm-none-eabi/lib/thumb/v6-m\libc.a(lib_a-malloc.o)
                              CMakeFiles/repl.dir/C_/Users/pico/pico-sdk/src/rp2_common/pico_malloc/pico_malloc.c.obj (malloc)
c:/progra~2/gnutoo~1/62017-~1/bin/../lib/gcc/arm-none-eabi/6.3.1/../../../../arm-none-eabi/lib/thumb/v6-m\libc.a(lib_a-mallocr.o)
                              c:/progra~2/gnutoo~1/62017-~1/bin/../lib/gcc/arm-none-eabi/6.3.1/../../../../arm-none-eabi/lib/thumb/v6-m\libc.a(lib_a-callocr.o) (_malloc_r)
c:/progra~2/gnutoo~1/62017-~1/bin/../lib/gcc/arm-none-eabi/6.3.1/../../../../arm-none-eabi/lib/thumb/v6-m\libc.a(lib_a-mlock.o)
                              c:/progra~2/gnutoo~1/62017-~1/bin/../lib/gcc/arm-none-eabi/6.3.1/../../../../arm-none-eabi/lib/thumb/v6-m\libc.a(lib_a-mallocr.o) (__malloc_lock)
c:/progra~2/gnutoo~1/62017-~1/bin/../lib/gcc/arm-none-eabi/6.3.1/../../../../arm-none-eabi/lib/thumb/v6-m\libc.a(lib_a-rand.o)
                              CMakeFiles/repl.dir/ws2812.c.obj (rand)
c:/progra~2/gnutoo~1/62017-~1/bin/../lib/gcc/arm-none-eabi/6.3.1/../../../../arm-none-eabi/lib/thumb/v6-m\libc.a(lib_a-realloc.o)
                              CMakeFiles/repl.dir/C_/Users/pico/pico-sdk/src/rp2_common/pico_malloc/pico_malloc.c.obj (realloc)
c:/progra~2/gnutoo~1/62017-~1/bin/../lib/gcc/arm-none-eabi/6.3.1/../../../../arm-none-eabi/lib/thumb/v6-m\libc.a(lib_a-reallocr.o)
                              c:/progra~2/gnutoo~1/62017-~1/bin/../lib/gcc/arm-none-eabi/6.3.1/../../../../arm-none-eabi/lib/thumb/v6-m\libc.a(lib_a-realloc.o) (_realloc_r)
c:/progra~2/gnutoo~1/62017-~1/bin/../lib/gcc/arm-none-eabi/6.3.1/../../../../arm-none-eabi/lib/thumb/v6-m\libc.a(lib_a-sbrkr.o)
                              c:/progra~2/gnutoo~1/62017-~1/bin/../lib/gcc/arm-none-eabi/6.3.1/../../../../arm-none-eabi/lib/thumb/v6-m\libc.a(lib_a-mallocr.o) (_sbrk_r)
c:/progra~2/gnutoo~1/62017-~1/bin/../lib/gcc/arm-none-eabi/6.3.1/../../../../arm-none-eabi/lib/thumb/v6-m\libc.a(lib_a-sscanf.o)
                              CMakeFiles/repl.dir/repl.c.obj (sscanf)
c:/progra~2/gnutoo~1/62017-~1/bin/../lib/gcc/arm-none-eabi/6.3.1/../../../../arm-none-eabi/lib/thumb/v6-m\libc.a(lib_a-stdio.o)
                              c:/progra~2/gnutoo~1/62017-~1/bin/../lib/gcc/arm-none-eabi/6.3.1/../../../../arm-none-eabi/lib/thumb/v6-m\libc.a(lib_a-sscanf.o) (__seofread)
c:/progra~2/gnutoo~1/62017-~1/bin/../lib/gcc/arm-none-eabi/6.3.1/../../../../arm-none-eabi/lib/thumb/v6-m\libc.a(lib_a-strlen-stub.o)
                              CMakeFiles/repl.dir/C_/Users/pico/pico-sdk/src/rp2_common/pico_stdio/stdio.c.obj (strlen)
c:/progra~2/gnutoo~1/62017-~1/bin/../lib/gcc/arm-none-eabi/6.3.1/../../../../arm-none-eabi/lib/thumb/v6-m\libc.a(lib_a-strtol.o)
                              CMakeFiles/repl.dir/repl.c.obj (strtol)
c:/progra~2/gnutoo~1/62017-~1/bin/../lib/gcc/arm-none-eabi/6.3.1/../../../../arm-none-eabi/lib/thumb/v6-m\libc.a(lib_a-svfscanf.o)
                              c:/progra~2/gnutoo~1/62017-~1/bin/../lib/gcc/arm-none-eabi/6.3.1/../../../../arm-none-eabi/lib/thumb/v6-m\libc.a(lib_a-sscanf.o) (__ssvfscanf_r)
c:/progra~2/gnutoo~1/62017-~1/bin/../lib/gcc/arm-none-eabi/6.3.1/../../../../arm-none-eabi/lib/thumb/v6-m\libc.a(lib_a-wbuf.o)
                              CMakeFiles/repl.dir/C_/Users/pico/pico-sdk/src/common/pico_util/pheap.c.obj (__swbuf_r)
c:/progra~2/gnutoo~1/62017-~1/bin/../lib/gcc/arm-none-eabi/6.3.1/../../../../arm-none-eabi/lib/thumb/v6-m\libc.a(lib_a-writer.o)
[...]
Memory Configuration

Name             Origin             Length             Attributes
FLASH            0x10000000         0x00200000         xr
RAM              0x20000000         0x00040000         xrw
SCRATCH_X        0x20040000         0x00001000         xrw
SCRATCH_Y        0x20041000         0x00001000         xrw
*default*        0x00000000         0xffffffff

Linker script and memory map

LOAD c:/progra~2/gnutoo~1/62017-~1/bin/../lib/gcc/arm-none-eabi/6.3.1/thumb/v6-m/crti.o
LOAD c:/progra~2/gnutoo~1/62017-~1/bin/../lib/gcc/arm-none-eabi/6.3.1/thumb/v6-m/crtbegin.o
LOAD c:/progra~2/gnutoo~1/62017-~1/bin/../lib/gcc/arm-none-eabi/6.3.1/../../../../arm-none-eabi/lib/thumb/v6-m/crt0.o

.flash_begin    0x10000000        0x0
                0x10000000                __flash_binary_start = .

.boot2          0x10000000      0x100
                0x10000000                __boot2_start__ = .
 *(.boot2)
 .boot2         0x10000000      0x100 C:\Users\24664\AppData\Local\Temp\cciAZs9l.o
                0x10000100                __boot2_end__ = .
                0x00000001                ASSERT (((__boot2_end__ - __boot2_start__) == 0x100), ERROR: Pico second stage bootloader must be 256 bytes in size)

.text           0x10000100     0xcd08
                0x10000100                __logical_binary_start = .
 *(.vectors)
 .vectors       0x10000100       0xd4 CMakeFiles/repl.dir/C_/Users/pico/pico-sdk/src/rp2_common/pico_standard_link/crt0.S.obj
                0x10000100                __VECTOR_TABLE
                0x10000100                __vectors
                0x100001c0                isr_invalid
                0x100001c0                __default_isrs_start
                0x100001c2                isr_nmi
                0x100001c4                isr_hardfault
                0x100001c6                isr_svcall
                0x100001c8                isr_pendsv
                0x100001ca                isr_systick
                0x100001cc                isr_irq23
                0x100001cc                isr_irq18
                0x100001cc                isr_irq11
                0x100001cc                isr_irq28
                0x100001cc                isr_irq19
                0x100001cc                isr_irq0
                0x100001cc                isr_irq6
                0x100001cc                isr_irq5
                0x100001cc                isr_irq12
                0x100001cc                isr_irq22
                0x100001cc                isr_irq31
                0x100001cc                isr_irq17
                0x100001cc                isr_irq27
                0x100001cc                isr_irq30
                0x100001cc                isr_irq2
                0x100001cc                isr_irq10
                0x100001cc                isr_irq8
                0x100001cc                isr_irq24
                0x100001cc                isr_irq1
                0x100001cc                isr_irq7
                0x100001cc                isr_irq21
                0x100001cc                isr_irq20
                0x100001cc                isr_irq15
                0x100001cc                isr_irq25
                0x100001cc                isr_irq13
                0x100001cc                __unhandled_user_irq
                0x100001cc                isr_irq4
                0x100001cc                isr_irq16
                0x100001cc                isr_irq29
                0x100001cc                isr_irq26
                0x100001cc                __default_isrs_end
                0x100001cc                isr_irq3
                0x100001cc                isr_irq14
                0x100001cc                isr_irq9
                0x100001d2                unhandled_user_irq_num_in_r0
 *(.binary_info_header)
 .binary_info_header
                0x100001d4       0x14 CMakeFiles/repl.dir/C_/Users/pico/pico-sdk/src/rp2_common/pico_standard_link/crt0.S.obj
                0x100001e8                __binary_info_header_end = .
 *(.reset)
 .reset         0x100001e8       0xa8 CMakeFiles/repl.dir/C_/Users/pico/pico-sdk/src/rp2_common/pico_standard_link/crt0.S.obj
                0x100001e8                _entry_point
                0x10000266                __get_current_exception
 .reset         0x10000290       0x30 CMakeFiles/repl.dir/C_/Users/pico/pico-sdk/src/rp2_common/pico_standard_link/binary_info.c.obj
 *(.init)
 .init          0x100002c0        0x4 c:/progra~2/gnutoo~1/62017-~1/bin/../lib/gcc/arm-none-eabi/6.3.1/thumb/v6-m/crti.o
                0x100002c0                _init
 *(EXCLUDE_FILE(*libm.a: *libc.a:*lib_a-mem*.o *libgcc.a:) .text*)
 .text          0x100002c4       0x60 c:/progra~2/gnutoo~1/62017-~1/bin/../lib/gcc/arm-none-eabi/6.3.1/thumb/v6-m/crtbegin.o
 .text.neopixel_set_rgb
                0x10000324       0x30 CMakeFiles/repl.dir/neopixel.c.obj
                0x10000324                neopixel_set_rgb
 .text.startup.main
                0x10000354       0xc8 CMakeFiles/repl.dir/sequencer.c.obj
                0x10000354                main
 .text.Rread    0x1000041c       0xd0 CMakeFiles/repl.dir/repl.c.obj
                0x1000041c                Rread
 .text.Rwrite   0x100004ec      0x134 CMakeFiles/repl.dir/repl.c.obj
                0x100004ec                Rwrite
 .text.neopixel_init
                0x10000620       0xc8 CMakeFiles/repl.dir/ws2812.c.obj
                0x10000620                neopixel_init
 .text.set_neopixel_color
                0x100006e8       0x30 CMakeFiles/repl.dir/ws2812.c.obj
                0x100006e8                set_neopixel_color
 .text.gpio_set_function
                0x10000718       0x30 CMakeFiles/repl.dir/C_/Users/pico/pico-sdk/src/rp2_common/hardware_gpio/gpio.c.obj
                0x10000718                gpio_set_function
 .text.gpio_init
                0x10000748       0x3c CMakeFiles/repl.dir/C_/Users/pico/pico-sdk/src/rp2_common/hardware_gpio/gpio.c.obj
                0x10000748                gpio_init
 .text.hw_claim_lock
                0x10000784       0x18 CMakeFiles/repl.dir/C_/Users/pico/pico-sdk/src/rp2_common/hardware_claim/claim.c.obj
                0x10000784                hw_claim_lock
 .text.hw_claim_unlock
                0x1000079c       0x14 CMakeFiles/repl.dir/C_/Users/pico/pico-sdk/src/rp2_common/hardware_claim/claim.c.obj
                0x1000079c                hw_claim_unlock
 .text.hw_claim_or_assert
                0x100007b0       0x44 CMakeFiles/repl.dir/C_/Users/pico/pico-sdk/src/rp2_common/hardware_claim/claim.c.obj
                0x100007b0                hw_claim_or_assert
 .text.hw_claim_unused_from_range
                0x100007f4       0x8c CMakeFiles/repl.dir/C_/Users/pico/pico-sdk/src/rp2_common/hardware_claim/claim.c.obj
                0x100007f4                hw_claim_unused_from_range
 .text.running_on_fpga
                0x10000880       0x10 CMakeFiles/repl.dir/C_/Users/pico/pico-sdk/src/rp2_common/pico_platform/platform.c.obj
                0x10000880                running_on_fpga
 .text.spin_locks_reset
                0x10000890       0x1c CMakeFiles/repl.dir/C_/Users/pico/pico-sdk/src/rp2_common/hardware_sync/sync.c.obj
                0x10000890                spin_locks_reset
 .text.next_striped_spin_lock_num
                0x100008ac       0x18 CMakeFiles/repl.dir/C_/Users/pico/pico-sdk/src/rp2_common/hardware_sync/sync.c.obj
                0x100008ac                next_striped_spin_lock_num
 .text.spin_lock_claim_unused
                0x100008c4       0x20 CMakeFiles/repl.dir/C_/Users/pico/pico-sdk/src/rp2_common/hardware_sync/sync.c.obj
                0x100008c4                spin_lock_claim_unused
 .text.irq_set_enabled
                0x100008e4       0x24 CMakeFiles/repl.dir/C_/Users/pico/pico-sdk/src/rp2_common/hardware_irq/irq.c.obj
                0x100008e4                irq_set_enabled
 .text.irq_set_pending
                0x10000908       0x10 CMakeFiles/repl.dir/C_/Users/pico/pico-sdk/src/rp2_common/hardware_irq/irq.c.obj
                0x10000908                irq_set_pending
 .text.irq_has_shared_handler
                0x10000918       0x2c CMakeFiles/repl.dir/C_/Users/pico/pico-sdk/src/rp2_common/hardware_irq/irq.c.obj
                0x10000918                irq_has_shared_handler
 .text.irq_get_vtable_handler
                0x10000944       0x10 CMakeFiles/repl.dir/C_/Users/pico/pico-sdk/src/rp2_common/hardware_irq/irq.c.obj
                0x10000944                irq_get_vtable_handler
 .text.irq_set_exclusive_handler
                0x10000954       0x54 CMakeFiles/repl.dir/C_/Users/pico/pico-sdk/src/rp2_common/hardware_irq/irq.c.obj
                0x10000954                irq_set_exclusive_handler
 .text.irq_add_shared_handler
                0x100009a8      0x1cc CMakeFiles/repl.dir/C_/Users/pico/pico-sdk/src/rp2_common/hardware_irq/irq.c.obj
                0x100009a8                irq_add_shared_handler
 .text.irq_remove_handler
                0x10000b74      0x1b8 CMakeFiles/repl.dir/C_/Users/pico/pico-sdk/src/rp2_common/hardware_irq/irq.c.obj
                0x10000b74                irq_remove_handler
 .text.irq_add_tail_to_free_list
                0x10000d2c       0xb4 CMakeFiles/repl.dir/C_/Users/pico/pico-sdk/src/rp2_common/hardware_irq/irq.c.obj
                0x10000d2c                irq_add_tail_to_free_list
 .text.irq_init_priorities
                0x10000de0       0x48 CMakeFiles/repl.dir/C_/Users/pico/pico-sdk/src/rp2_common/hardware_irq/irq.c.obj
                0x10000de0                irq_init_priorities
 .text.user_irq_claim_unused
                0x10000e28       0x30 CMakeFiles/repl.dir/C_/Users/pico/pico-sdk/src/rp2_common/hardware_irq/irq.c.obj
                0x10000e28                user_irq_claim_unused
 .text.lock_init
                0x10000e58       0x10 CMakeFiles/repl.dir/C_/Users/pico/pico-sdk/src/common/pico_sync/lock_core.c.obj
                0x10000e58                lock_init
 .text.timer_pool_entry_comparator
                0x10000e68       0x34 CMakeFiles/repl.dir/C_/Users/pico/pico-sdk/src/common/pico_time/time.c.obj
                0x10000e68                timer_pool_entry_comparator
 .text.sleep_until_callback
                0x10000e9c       0x30 CMakeFiles/repl.dir/C_/Users/pico/pico-sdk/src/common/pico_time/time.c.obj
 .text.add_alarm_under_lock
                0x10000ecc      0x124 CMakeFiles/repl.dir/C_/Users/pico/pico-sdk/src/common/pico_time/time.c.obj
 .text.alarm_pool_alarm_callback
                0x10000ff0      0x1dc CMakeFiles/repl.dir/C_/Users/pico/pico-sdk/src/common/pico_time/time.c.obj
 .text.alarm_pool_init_default
                0x100011cc       0x64 CMakeFiles/repl.dir/C_/Users/pico/pico-sdk/src/common/pico_time/time.c.obj
                0x100011cc                alarm_pool_init_default
 .text.alarm_pool_get_default
                0x10001230        0x8 CMakeFiles/repl.dir/C_/Users/pico/pico-sdk/src/common/pico_time/time.c.obj
                0x10001230                alarm_pool_get_default
 .text.alarm_pool_add_alarm_at
                0x10001238      0x1a0 CMakeFiles/repl.dir/C_/Users/pico/pico-sdk/src/common/pico_time/time.c.obj
                0x10001238                alarm_pool_add_alarm_at
 .text.sleep_until
                0x100013d8      0x1e4 CMakeFiles/repl.dir/C_/Users/pico/pico-sdk/src/common/pico_time/time.c.obj
                0x100013d8                sleep_until
 .text.sleep_ms
                0x100015bc       0x38 CMakeFiles/repl.dir/C_/Users/pico/pico-sdk/src/common/pico_time/time.c.obj
                0x100015bc                sleep_ms
 .text.best_effort_wfe_or_timeout
                0x100015f4      0x1c8 CMakeFiles/repl.dir/C_/Users/pico/pico-sdk/src/common/pico_time/time.c.obj
                0x100015f4                best_effort_wfe_or_timeout
 .text.hardware_alarm_irq_handler
                0x100017bc       0xa0 CMakeFiles/repl.dir/C_/Users/pico/pico-sdk/src/rp2_common/hardware_timer/timer.c.obj
 .text.hardware_alarm_claim
                0x1000185c       0x18 CMakeFiles/repl.dir/C_/Users/pico/pico-sdk/src/rp2_common/hardware_timer/timer.c.obj
                0x1000185c                hardware_alarm_claim
 .text.time_us_64
                0x10001874       0x18 CMakeFiles/repl.dir/C_/Users/pico/pico-sdk/src/rp2_common/hardware_timer/timer.c.obj
                0x10001874                time_us_64
 .text.busy_wait_us
                0x1000188c       0x54 CMakeFiles/repl.dir/C_/Users/pico/pico-sdk/src/rp2_common/hardware_timer/timer.c.obj
                0x1000188c                busy_wait_us
 .text.busy_wait_until
                0x100018e0       0x20 CMakeFiles/repl.dir/C_/Users/pico/pico-sdk/src/rp2_common/hardware_timer/timer.c.obj
                0x100018e0                busy_wait_until
 .text.hardware_alarm_set_callback
                0x10001900       0x8c CMakeFiles/repl.dir/C_/Users/pico/pico-sdk/src/rp2_common/hardware_timer/timer.c.obj
                0x10001900                hardware_alarm_set_callback
 .text.hardware_alarm_set_target
                0x1000198c       0xdc CMakeFiles/repl.dir/C_/Users/pico/pico-sdk/src/rp2_common/hardware_timer/timer.c.obj
                0x1000198c                hardware_alarm_set_target
 .text.hardware_alarm_cancel
                0x10001a68       0x40 CMakeFiles/repl.dir/C_/Users/pico/pico-sdk/src/rp2_common/hardware_timer/timer.c.obj
                0x10001a68                hardware_alarm_cancel
 .text.ph_merge_two_pass.part.3
                0x10001aa8      0x18c CMakeFiles/repl.dir/C_/Users/pico/pico-sdk/src/common/pico_util/pheap.c.obj
 .text.ph_post_alloc_init
                0x10001c34       0x3c CMakeFiles/repl.dir/C_/Users/pico/pico-sdk/src/common/pico_util/pheap.c.obj
                0x10001c34                ph_post_alloc_init
 .text.ph_remove_head
                0x10001c70      0x158 CMakeFiles/repl.dir/C_/Users/pico/pico-sdk/src/common/pico_util/pheap.c.obj
                0x10001c70                ph_remove_head
 .text.ph_remove_and_free_node
                0x10001dc8      0x254 CMakeFiles/repl.dir/C_/Users/pico/pico-sdk/src/common/pico_util/pheap.c.obj
                0x10001dc8                ph_remove_and_free_node
 .text.mutex_init
                0x1000201c       0x1c CMakeFiles/repl.dir/C_/Users/pico/pico-sdk/src/common/pico_sync/mutex.c.obj
                0x1000201c                mutex_init
 .text.recursive_mutex_init
                0x10002038       0x20 CMakeFiles/repl.dir/C_/Users/pico/pico-sdk/src/common/pico_sync/mutex.c.obj
                0x10002038                recursive_mutex_init
 .text.critical_section_init
                0x10002058       0x20 CMakeFiles/repl.dir/C_/Users/pico/pico-sdk/src/common/pico_sync/critical_section.c.obj
                0x10002058                critical_section_init
 .text.runtime_init
                0x10002078       0xf4 CMakeFiles/repl.dir/C_/Users/pico/pico-sdk/src/rp2_common/pico_runtime/runtime.c.obj
                0x10002078                runtime_init
 .text._sbrk    0x1000216c       0x34 CMakeFiles/repl.dir/C_/Users/pico/pico-sdk/src/rp2_common/pico_runtime/runtime.c.obj
                0x1000216c                _sbrk
 .text.exit     0x100021a0        0x4 CMakeFiles/repl.dir/C_/Users/pico/pico-sdk/src/rp2_common/pico_runtime/runtime.c.obj
                0x100021a0                exit
 .text.panic    0x100021a4       0x30 CMakeFiles/repl.dir/C_/Users/pico/pico-sdk/src/rp2_common/pico_runtime/runtime.c.obj
                0x100021a4                panic
 .text.hard_assertion_failure
                0x100021d4        0xc CMakeFiles/repl.dir/C_/Users/pico/pico-sdk/src/rp2_common/pico_runtime/runtime.c.obj
                0x100021d4                hard_assertion_failure
 .text.clocks_init
                0x100021e0      0x2c8 CMakeFiles/repl.dir/C_/Users/pico/pico-sdk/src/rp2_common/hardware_clocks/clocks.c.obj
                0x100021e0                clocks_init
 .text.clock_get_hz
                0x100024a8        0xc CMakeFiles/repl.dir/C_/Users/pico/pico-sdk/src/rp2_common/hardware_clocks/clocks.c.obj
                0x100024a8                clock_get_hz
 .text.pll_init
                0x100024b4       0x9c CMakeFiles/repl.dir/C_/Users/pico/pico-sdk/src/rp2_common/hardware_pll/pll.c.obj
                0x100024b4                pll_init
 .text.watchdog_start_tick
                0x10002550       0x10 CMakeFiles/repl.dir/C_/Users/pico/pico-sdk/src/rp2_common/hardware_watchdog/watchdog.c.obj
                0x10002550                watchdog_start_tick
 .text.watchdog_reboot
                0x10002560       0x94 CMakeFiles/repl.dir/C_/Users/pico/pico-sdk/src/rp2_common/hardware_watchdog/watchdog.c.obj
                0x10002560                watchdog_reboot
 .text.xosc_init
                0x100025f4       0x28 CMakeFiles/repl.dir/C_/Users/pico/pico-sdk/src/rp2_common/hardware_xosc/xosc.c.obj
                0x100025f4                xosc_init
 .text._out_buffer
                0x1000261c        0x8 CMakeFiles/repl.dir/C_/Users/pico/pico-sdk/src/rp2_common/pico_printf/printf.c.obj
 .text._out_null
                0x10002624        0x4 CMakeFiles/repl.dir/C_/Users/pico/pico-sdk/src/rp2_common/pico_printf/printf.c.obj
 .text._out_fct
                0x10002628       0x10 CMakeFiles/repl.dir/C_/Users/pico/pico-sdk/src/rp2_common/pico_printf/printf.c.obj
 .text._out_char
                0x10002638       0x3c CMakeFiles/repl.dir/C_/Users/pico/pico-sdk/src/rp2_common/pico_printf/printf.c.obj
 .text._ntoa_format
                0x10002674      0x214 CMakeFiles/repl.dir/C_/Users/pico/pico-sdk/src/rp2_common/pico_printf/printf.c.obj
 .text._ftoa    0x10002888      0x6c4 CMakeFiles/repl.dir/C_/Users/pico/pico-sdk/src/rp2_common/pico_printf/printf.c.obj
 .text._etoa.part.1
                0x10002f4c      0x3e0 CMakeFiles/repl.dir/C_/Users/pico/pico-sdk/src/rp2_common/pico_printf/printf.c.obj
 .text._vsnprintf
                0x1000332c      0xb30 CMakeFiles/repl.dir/C_/Users/pico/pico-sdk/src/rp2_common/pico_printf/printf.c.obj
 .text.__wrap_sprintf
                0x10003e5c       0x28 CMakeFiles/repl.dir/C_/Users/pico/pico-sdk/src/rp2_common/pico_printf/printf.c.obj
                0x10003e5c                __wrap_sprintf
 .text.vfctprintf
                0x10003e84       0x20 CMakeFiles/repl.dir/C_/Users/pico/pico-sdk/src/rp2_common/pico_printf/printf.c.obj
                0x10003e84                vfctprintf
 .text.weak_raw_vprintf
                0x10003ea4       0x30 CMakeFiles/repl.dir/C_/Users/pico/pico-sdk/src/rp2_common/pico_printf/printf.c.obj
                0x10003ea4                weak_raw_vprintf
 .text          0x10003ed4       0x10 CMakeFiles/repl.dir/C_/Users/pico/pico-sdk/src/rp2_common/pico_bit_ops/bit_ops_aeabi.S.obj
 .text.rom_func_lookup
                0x10003ee4       0x10 CMakeFiles/repl.dir/C_/Users/pico/pico-sdk/src/rp2_common/pico_bootrom/bootrom.c.obj
                0x10003ee4                rom_func_lookup
 .text.rom_data_lookup
                0x10003ef4       0x10 CMakeFiles/repl.dir/C_/Users/pico/pico-sdk/src/rp2_common/pico_bootrom/bootrom.c.obj
                0x10003ef4                rom_data_lookup
 .text.rom_funcs_lookup
                0x10003f04       0x44 CMakeFiles/repl.dir/C_/Users/pico/pico-sdk/src/rp2_common/pico_bootrom/bootrom.c.obj
                0x10003f04                rom_funcs_lookup
 .text.__wrap___aeabi_idiv
                0x10003f48       0x50 CMakeFiles/repl.dir/C_/Users/pico/pico-sdk/src/rp2_common/pico_divider/divider.S.obj
                0x10003f48                __wrap___aeabi_idivmod
                0x10003f48                divmod_s32s32
                0x10003f48                div_s32s32
                0x10003f48                __wrap___aeabi_idiv
                0x10003f50                divmod_s32s32_unsafe
                0x10003f7c                divmod_s32s32_savestate
 .text.__wrap___aeabi_uidiv
                0x10003f98       0x4c CMakeFiles/repl.dir/C_/Users/pico/pico-sdk/src/rp2_common/pico_divider/divider.S.obj
                0x10003f98                __wrap___aeabi_uidiv
                0x10003f98                __wrap___aeabi_uidivmod
                0x10003f98                div_u32u32
                0x10003f98                divmod_u32u32
                0x10003fa0                divmod_u32u32_unsafe
                0x10003fc8                divmod_u32u32_savestate
 .text.__wrap___aeabi_ldiv
                0x10003fe4      0x434 CMakeFiles/repl.dir/C_/Users/pico/pico-sdk/src/rp2_common/pico_divider/divider.S.obj
                0x10003fe4                div_s64s64
                0x10003fe4                divmod_s64s64
                0x10003fe4                __wrap___aeabi_ldivmod
                0x1000401c                divmod_u64u64
                0x1000401c                div_u64u64
                0x1000401c                __wrap___aeabi_uldivmod
                0x1000402c                divmod_u64u64_savestate
                0x10004054                divmod_s64s64_unsafe
                0x100040dc                divmod_u64u64_unsafe
 .text.__wrap___aeabi_darithmetic
                0x10004418       0x80 CMakeFiles/repl.dir/C_/Users/pico/pico-sdk/src/rp2_common/pico_double/double_aeabi.S.obj
                0x10004418                __wrap___aeabi_drsub
                0x1000441e                __wrap___aeabi_dsub
                0x10004430                __wrap___aeabi_dadd
                0x10004442                __wrap___aeabi_ddiv
                0x1000447e                __wrap___aeabi_dmul
 .text.__wrap___aeabi_cdcmple
                0x10004498       0x6c CMakeFiles/repl.dir/C_/Users/pico/pico-sdk/src/rp2_common/pico_double/double_aeabi.S.obj
                0x10004498                __wrap___aeabi_cdrcmple
                0x100044a8                __wrap___aeabi_cdcmpeq
                0x100044a8                __wrap___aeabi_cdcmple
 .text.__wrap___aeabi_dcmpeq
                0x10004504       0x10 CMakeFiles/repl.dir/C_/Users/pico/pico-sdk/src/rp2_common/pico_double/double_aeabi.S.obj
                0x10004504                __wrap___aeabi_dcmpeq
 .text.__wrap___aeabi_dcmplt
                0x10004514        0xc CMakeFiles/repl.dir/C_/Users/pico/pico-sdk/src/rp2_common/pico_double/double_aeabi.S.obj
                0x10004514                __wrap___aeabi_dcmplt
 .text.__wrap___aeabi_dcmple
                0x10004520       0x10 CMakeFiles/repl.dir/C_/Users/pico/pico-sdk/src/rp2_common/pico_double/double_aeabi.S.obj
                0x10004520                __wrap___aeabi_dcmple
 .text.__wrap___aeabi_dcmpge
                0x10004530       0x10 CMakeFiles/repl.dir/C_/Users/pico/pico-sdk/src/rp2_common/pico_double/double_aeabi.S.obj
                0x10004530                __wrap___aeabi_dcmpge
 .text.__wrap___aeabi_dcmpgt
                0x10004540        0xa CMakeFiles/repl.dir/C_/Users/pico/pico-sdk/src/rp2_common/pico_double/double_aeabi.S.obj
                0x10004540                __wrap___aeabi_dcmpgt
 .text.__wrap___aeabi_dcmpun
                0x1000454a       0x1c CMakeFiles/repl.dir/C_/Users/pico/pico-sdk/src/rp2_common/pico_double/double_aeabi.S.obj
                0x1000454a                __wrap___aeabi_dcmpun
 *fill*         0x10004566        0x2 
 .text.__wrap___aeabi_i2d
                0x10004568       0x38 CMakeFiles/repl.dir/C_/Users/pico/pico-sdk/src/rp2_common/pico_double/double_aeabi.S.obj
                0x10004568                __wrap___aeabi_ui2d
                0x10004570                __wrap___aeabi_i2d
 .text.__wrap___aeabi_d2iz
                0x100045a0       0x48 CMakeFiles/repl.dir/C_/Users/pico/pico-sdk/src/rp2_common/pico_double/double_aeabi.S.obj
                0x100045a0                double2int_z
                0x100045a0                __wrap___aeabi_d2iz
 .text.__wrap___aeabi_d2uiz
                0x100045e8       0x18 CMakeFiles/repl.dir/C_/Users/pico/pico-sdk/src/rp2_common/pico_double/double_aeabi.S.obj
                0x100045e8                __wrap___aeabi_d2uiz
                0x100045e8                double2uint
 .text.__wrap___aeabi_d2f
                0x10004600       0x18 CMakeFiles/repl.dir/C_/Users/pico/pico-sdk/src/rp2_common/pico_double/double_aeabi.S.obj
                0x10004600                __wrap___aeabi_d2f
 .text.__aeabi_double_init
                0x10004618       0x60 CMakeFiles/repl.dir/C_/Users/pico/pico-sdk/src/rp2_common/pico_double/double_init_rom.c.obj
                0x10004618                __aeabi_double_init
 .text.double_table_shim_on_use_helper
                0x10004678       0x2c CMakeFiles/repl.dir/C_/Users/pico/pico-sdk/src/rp2_common/pico_double/double_v1_rom_shim.S.obj
                0x10004678                double_table_shim_on_use_helper
 .text.__wrap___aeabi_dsub
                0x100046a4       0x10 CMakeFiles/repl.dir/C_/Users/pico/pico-sdk/src/rp2_common/pico_double/double_v1_rom_shim.S.obj
                0x100046a4                drsub_shim
                0x100046aa                dsub_shim
 .text.dadd_shim
                0x100046b4      0x15c CMakeFiles/repl.dir/C_/Users/pico/pico-sdk/src/rp2_common/pico_double/double_v1_rom_shim.S.obj
                0x100046b4                dadd_shim
 .text.dmul_shim
                0x10004810      0x15c CMakeFiles/repl.dir/C_/Users/pico/pico-sdk/src/rp2_common/pico_double/double_v1_rom_shim.S.obj
                0x10004810                dmul_shim
 .text.ddiv_shim
                0x1000496c      0x1b0 CMakeFiles/repl.dir/C_/Users/pico/pico-sdk/src/rp2_common/pico_double/double_v1_rom_shim.S.obj
                0x1000496c                ddiv_shim
 .text.double2uint_shim
                0x10004b1c        0xe CMakeFiles/repl.dir/C_/Users/pico/pico-sdk/src/rp2_common/pico_double/double_v1_rom_shim.S.obj
                0x10004b1c                double2uint_shim
                0x10004b1e                double2ufix_shim
 *fill*         0x10004b2a        0x2 
 .text.double2uint64_shim
                0x10004b2c       0x70 CMakeFiles/repl.dir/C_/Users/pico/pico-sdk/src/rp2_common/pico_double/double_v1_rom_shim.S.obj
                0x10004b2c                double2uint64_shim
                0x10004b2e                double2ufix64_shim
                0x10004b4e                d2fix_a
 .text.double2float_shim
                0x10004b9c       0x5c CMakeFiles/repl.dir/C_/Users/pico/pico-sdk/src/rp2_common/pico_double/double_v1_rom_shim.S.obj
                0x10004b9c                double2float_shim
 .text.dunpacks
                0x10004bf8       0x3c CMakeFiles/repl.dir/C_/Users/pico/pico-sdk/src/rp2_common/pico_double/double_v1_rom_shim.S.obj
                0x10004bf8                dunpacks
 .text.__aeabi_lmul
                0x10004c34       0x32 CMakeFiles/repl.dir/C_/Users/pico/pico-sdk/src/rp2_common/pico_int64_ops/pico_int64_ops_aeabi.S.obj
                0x10004c34                __wrap___aeabi_lmul
 *fill*         0x10004c66        0x2 
 .text.__wrap___aeabi_farithmetic
                0x10004c68       0x48 CMakeFiles/repl.dir/C_/Users/pico/pico-sdk/src/rp2_common/pico_float/float_aeabi.S.obj
                0x10004c68                __wrap___aeabi_frsub
                0x10004c6e                __wrap___aeabi_fsub
                0x10004c74                __wrap___aeabi_fadd
                0x10004c7a                __wrap___aeabi_fdiv
                0x10004ca2                __wrap___aeabi_fmul
 .text.__wrap___aeabi_ui2f
                0x10004cb0        0xa CMakeFiles/repl.dir/C_/Users/pico/pico-sdk/src/rp2_common/pico_float/float_aeabi.S.obj
                0x10004cb0                __wrap___aeabi_ui2f
 *fill*         0x10004cba        0x2 
 .text.__wrap___aeabi_i2f
                0x10004cbc       0x44 CMakeFiles/repl.dir/C_/Users/pico/pico-sdk/src/rp2_common/pico_float/float_aeabi.S.obj
                0x10004cbc                __wrap___aeabi_i2f
 .text.__wrap___aeabi_f2uiz
                0x10004d00        0xc CMakeFiles/repl.dir/C_/Users/pico/pico-sdk/src/rp2_common/pico_float/float_aeabi.S.obj
                0x10004d00                __wrap___aeabi_f2uiz
 .text.__aeabi_float_init
                0x10004d0c       0x68 CMakeFiles/repl.dir/C_/Users/pico/pico-sdk/src/rp2_common/pico_float/float_init_rom.c.obj
                0x10004d0c                __aeabi_float_init
 .text.float_table_shim_on_use_helper
                0x10004d74       0x2c CMakeFiles/repl.dir/C_/Users/pico/pico-sdk/src/rp2_common/pico_float/float_v1_rom_shim.S.obj
                0x10004d74                float_table_shim_on_use_helper
 .text          0x10004da0       0x10 CMakeFiles/repl.dir/C_/Users/pico/pico-sdk/src/rp2_common/pico_mem_ops/mem_ops_aeabi.S.obj
                0x10004da0                __aeabi_mem_init
 .text.memset   0x10004db0        0xc CMakeFiles/repl.dir/C_/Users/pico/pico-sdk/src/rp2_common/pico_mem_ops/mem_ops_aeabi.S.obj
                0x10004db0                __wrap_memset
 .text.memcpy   0x10004dbc        0xc CMakeFiles/repl.dir/C_/Users/pico/pico-sdk/src/rp2_common/pico_mem_ops/mem_ops_aeabi.S.obj
                0x10004dbc                __wrap_memcpy
                0x10004dbc                __wrap___aeabi_memcpy
 .text.stdio_out_chars_crlf
                0x10004dc8       0xbc CMakeFiles/repl.dir/C_/Users/pico/pico-sdk/src/rp2_common/pico_stdio/stdio.c.obj
 .text.stdio_buffered_printer
                0x10004e84       0x64 CMakeFiles/repl.dir/C_/Users/pico/pico-sdk/src/rp2_common/pico_stdio/stdio.c.obj
 .text.__wrap_putchar
                0x10004ee8       0x98 CMakeFiles/repl.dir/C_/Users/pico/pico-sdk/src/rp2_common/pico_stdio/stdio.c.obj
                0x10004ee8                __wrap_putchar
 .text.__wrap_puts
                0x10004f80       0xdc CMakeFiles/repl.dir/C_/Users/pico/pico-sdk/src/rp2_common/pico_stdio/stdio.c.obj
                0x10004f80                __wrap_puts
 .text._read    0x1000505c       0x90 CMakeFiles/repl.dir/C_/Users/pico/pico-sdk/src/rp2_common/pico_stdio/stdio.c.obj
                0x1000505c                _read
 .text._write   0x100050ec       0xac CMakeFiles/repl.dir/C_/Users/pico/pico-sdk/src/rp2_common/pico_stdio/stdio.c.obj
                0x100050ec                _write
 .text.stdio_set_driver_enabled
                0x10005198       0x30 CMakeFiles/repl.dir/C_/Users/pico/pico-sdk/src/rp2_common/pico_stdio/stdio.c.obj
                0x10005198                stdio_set_driver_enabled
 .text.__wrap_vprintf
                0x100051c8       0xd0 CMakeFiles/repl.dir/C_/Users/pico/pico-sdk/src/rp2_common/pico_stdio/stdio.c.obj
                0x100051c8                __wrap_vprintf
 .text.__wrap_printf
                0x10005298       0x18 CMakeFiles/repl.dir/C_/Users/pico/pico-sdk/src/rp2_common/pico_stdio/stdio.c.obj
                0x10005298                __wrap_printf
 .text.stdio_init_all
                0x100052b0        0x8 CMakeFiles/repl.dir/C_/Users/pico/pico-sdk/src/rp2_common/pico_stdio/stdio.c.obj
                0x100052b0                stdio_init_all
 .text.getchar_timeout_us
                0x100052b8       0x98 CMakeFiles/repl.dir/C_/Users/pico/pico-sdk/src/rp2_common/pico_stdio/stdio.c.obj
                0x100052b8                getchar_timeout_us
 .text.resetd_init
                0x10005350        0x4 CMakeFiles/repl.dir/C_/Users/pico/pico-sdk/src/rp2_common/pico_stdio_usb/reset_interface.c.obj
 .text.resetd_reset
                0x10005354        0xc CMakeFiles/repl.dir/C_/Users/pico/pico-sdk/src/rp2_common/pico_stdio_usb/reset_interface.c.obj
 .text.resetd_xfer_cb
                0x10005360        0x4 CMakeFiles/repl.dir/C_/Users/pico/pico-sdk/src/rp2_common/pico_stdio_usb/reset_interface.c.obj
 .text.resetd_open
                0x10005364       0x28 CMakeFiles/repl.dir/C_/Users/pico/pico-sdk/src/rp2_common/pico_stdio_usb/reset_interface.c.obj
 .text.resetd_control_xfer_cb
                0x1000538c       0x64 CMakeFiles/repl.dir/C_/Users/pico/pico-sdk/src/rp2_common/pico_stdio_usb/reset_interface.c.obj
 .text.usbd_app_driver_get_cb
                0x100053f0        0xc CMakeFiles/repl.dir/C_/Users/pico/pico-sdk/src/rp2_common/pico_stdio_usb/reset_interface.c.obj
                0x100053f0                usbd_app_driver_get_cb
 .text.tud_cdc_line_coding_cb
                0x100053fc       0x34 CMakeFiles/repl.dir/C_/Users/pico/pico-sdk/src/rp2_common/pico_stdio_usb/reset_interface.c.obj
                0x100053fc                tud_cdc_line_coding_cb
 .text.stdio_usb_in_chars
                0x10005430       0x68 CMakeFiles/repl.dir/C_/Users/pico/pico-sdk/src/rp2_common/pico_stdio_usb/stdio_usb.c.obj
                0x10005430                stdio_usb_in_chars
 .text.timer_task
                0x10005498       0x18 CMakeFiles/repl.dir/C_/Users/pico/pico-sdk/src/rp2_common/pico_stdio_usb/stdio_usb.c.obj
 .text.usb_irq  0x100054b0       0x10 CMakeFiles/repl.dir/C_/Users/pico/pico-sdk/src/rp2_common/pico_stdio_usb/stdio_usb.c.obj
 .text.low_priority_worker_irq
                0x100054c0       0x20 CMakeFiles/repl.dir/C_/Users/pico/pico-sdk/src/rp2_common/pico_stdio_usb/stdio_usb.c.obj
 .text.stdio_usb_out_chars
                0x100054e0       0xf0 CMakeFiles/repl.dir/C_/Users/pico/pico-sdk/src/rp2_common/pico_stdio_usb/stdio_usb.c.obj
 .text.stdio_usb_init
                0x100055d0       0xb0 CMakeFiles/repl.dir/C_/Users/pico/pico-sdk/src/rp2_common/pico_stdio_usb/stdio_usb.c.obj
                0x100055d0                stdio_usb_init
 .text.tud_descriptor_device_cb
                0x10005680        0x8 CMakeFiles/repl.dir/C_/Users/pico/pico-sdk/src/rp2_common/pico_stdio_usb/stdio_usb_descriptors.c.obj
                0x10005680                tud_descriptor_device_cb
 .text.tud_descriptor_configuration_cb
                0x10005688        0x8 CMakeFiles/repl.dir/C_/Users/pico/pico-sdk/src/rp2_common/pico_stdio_usb/stdio_usb_descriptors.c.obj
                0x10005688                tud_descriptor_configuration_cb
 .text.tud_descriptor_string_cb
                0x10005690       0x70 CMakeFiles/repl.dir/C_/Users/pico/pico-sdk/src/rp2_common/pico_stdio_usb/stdio_usb_descriptors.c.obj
                0x10005690                tud_descriptor_string_cb
 .text.dcd_rp2040_irq
                0x10005700      0x234 CMakeFiles/repl.dir/C_/Users/pico/pico-sdk/lib/tinyusb/src/portable/raspberrypi/rp2040/dcd_rp2040.c.obj
 .text.dcd_int_enable
                0x10005934        0xc CMakeFiles/repl.dir/C_/Users/pico/pico-sdk/lib/tinyusb/src/portable/raspberrypi/rp2040/dcd_rp2040.c.obj
                0x10005934                dcd_int_enable
 .text.dcd_set_address
                0x10005940       0x14 CMakeFiles/repl.dir/C_/Users/pico/pico-sdk/lib/tinyusb/src/portable/raspberrypi/rp2040/dcd_rp2040.c.obj
                0x10005940                dcd_set_address
 .text.dcd_connect
                0x10005954       0x10 CMakeFiles/repl.dir/C_/Users/pico/pico-sdk/lib/tinyusb/src/portable/raspberrypi/rp2040/dcd_rp2040.c.obj
                0x10005954                dcd_connect
 .text.dcd_init
                0x10005964      0x148 CMakeFiles/repl.dir/C_/Users/pico/pico-sdk/lib/tinyusb/src/portable/raspberrypi/rp2040/dcd_rp2040.c.obj
                0x10005964                dcd_init
 .text.dcd_edpt0_status_complete
                0x10005aac       0x1c CMakeFiles/repl.dir/C_/Users/pico/pico-sdk/lib/tinyusb/src/portable/raspberrypi/rp2040/dcd_rp2040.c.obj
                0x10005aac                dcd_edpt0_status_complete
 .text.dcd_edpt_open
                0x10005ac8      0x10c CMakeFiles/repl.dir/C_/Users/pico/pico-sdk/lib/tinyusb/src/portable/raspberrypi/rp2040/dcd_rp2040.c.obj
                0x10005ac8                dcd_edpt_open
 .text.dcd_edpt_close_all
                0x10005bd4       0xbc CMakeFiles/repl.dir/C_/Users/pico/pico-sdk/lib/tinyusb/src/portable/raspberrypi/rp2040/dcd_rp2040.c.obj
                0x10005bd4                dcd_edpt_close_all
 .text.dcd_edpt_xfer
                0x10005c90       0x24 CMakeFiles/repl.dir/C_/Users/pico/pico-sdk/lib/tinyusb/src/portable/raspberrypi/rp2040/dcd_rp2040.c.obj
                0x10005c90                dcd_edpt_xfer
 .text.dcd_edpt_stall
                0x10005cb4       0x38 CMakeFiles/repl.dir/C_/Users/pico/pico-sdk/lib/tinyusb/src/portable/raspberrypi/rp2040/dcd_rp2040.c.obj
                0x10005cb4                dcd_edpt_stall
 .text.dcd_edpt_clear_stall
                0x10005cec       0x2c CMakeFiles/repl.dir/C_/Users/pico/pico-sdk/lib/tinyusb/src/portable/raspberrypi/rp2040/dcd_rp2040.c.obj
                0x10005cec                dcd_edpt_clear_stall
 .text.rp2040_usb_init
                0x10005d18       0x4c CMakeFiles/repl.dir/C_/Users/pico/pico-sdk/lib/tinyusb/src/portable/raspberrypi/rp2040/rp2040_usb.c.obj
                0x10005d18                rp2040_usb_init
 .text.hw_endpoint_reset_transfer
                0x10005d64        0xc CMakeFiles/repl.dir/C_/Users/pico/pico-sdk/lib/tinyusb/src/portable/raspberrypi/rp2040/rp2040_usb.c.obj
                0x10005d64                hw_endpoint_reset_transfer
 .text._hw_endpoint_buffer_control_update32
                0x10005d70       0x58 CMakeFiles/repl.dir/C_/Users/pico/pico-sdk/lib/tinyusb/src/portable/raspberrypi/rp2040/rp2040_usb.c.obj
                0x10005d70                _hw_endpoint_buffer_control_update32
 .text.hw_endpoint_xfer_start
                0x10005dc8      0x154 CMakeFiles/repl.dir/C_/Users/pico/pico-sdk/lib/tinyusb/src/portable/raspberrypi/rp2040/rp2040_usb.c.obj
                0x10005dc8                hw_endpoint_xfer_start
 .text.hw_endpoint_xfer_continue
                0x10005f1c      0x1f8 CMakeFiles/repl.dir/C_/Users/pico/pico-sdk/lib/tinyusb/src/portable/raspberrypi/rp2040/rp2040_usb.c.obj
                0x10005f1c                hw_endpoint_xfer_continue
 .text.tud_mounted
                0x10006114       0x10 CMakeFiles/repl.dir/C_/Users/pico/pico-sdk/lib/tinyusb/src/device/usbd.c.obj
                0x10006114                tud_mounted
 .text.tud_suspended
                0x10006124       0x10 CMakeFiles/repl.dir/C_/Users/pico/pico-sdk/lib/tinyusb/src/device/usbd.c.obj
                0x10006124                tud_suspended
 .text.tud_inited
                0x10006134        0xc CMakeFiles/repl.dir/C_/Users/pico/pico-sdk/lib/tinyusb/src/device/usbd.c.obj
                0x10006134                tud_inited
 .text.tud_init
                0x10006140       0xd8 CMakeFiles/repl.dir/C_/Users/pico/pico-sdk/lib/tinyusb/src/device/usbd.c.obj
                0x10006140                tud_init
 .text.tud_task
                0x10006218      0x950 CMakeFiles/repl.dir/C_/Users/pico/pico-sdk/lib/tinyusb/src/device/usbd.c.obj
                0x10006218                tud_task
 .text.dcd_event_bus_signal
                0x10006b68      0x120 CMakeFiles/repl.dir/C_/Users/pico/pico-sdk/lib/tinyusb/src/device/usbd.c.obj
                0x10006b68                dcd_event_bus_signal
 .text.dcd_event_bus_reset
                0x10006c88       0x54 CMakeFiles/repl.dir/C_/Users/pico/pico-sdk/lib/tinyusb/src/device/usbd.c.obj
                0x10006c88                dcd_event_bus_reset
 .text.dcd_event_setup_received
                0x10006cdc       0x5c CMakeFiles/repl.dir/C_/Users/pico/pico-sdk/lib/tinyusb/src/device/usbd.c.obj
                0x10006cdc                dcd_event_setup_received
 .text.dcd_event_xfer_complete
                0x10006d38       0x68 CMakeFiles/repl.dir/C_/Users/pico/pico-sdk/lib/tinyusb/src/device/usbd.c.obj
                0x10006d38                dcd_event_xfer_complete
 .text.usbd_open_edpt_pair
                0x10006da0       0xb0 CMakeFiles/repl.dir/C_/Users/pico/pico-sdk/lib/tinyusb/src/device/usbd.c.obj
                0x10006da0                usbd_open_edpt_pair
 .text.usbd_edpt_open
                0x10006e50       0x30 CMakeFiles/repl.dir/C_/Users/pico/pico-sdk/lib/tinyusb/src/device/usbd.c.obj
                0x10006e50                usbd_edpt_open
 .text.usbd_edpt_claim
                0x10006e80       0x5c CMakeFiles/repl.dir/C_/Users/pico/pico-sdk/lib/tinyusb/src/device/usbd.c.obj
                0x10006e80                usbd_edpt_claim
 .text.usbd_edpt_release
                0x10006edc       0x4c CMakeFiles/repl.dir/C_/Users/pico/pico-sdk/lib/tinyusb/src/device/usbd.c.obj
                0x10006edc                usbd_edpt_release
 .text.usbd_edpt_xfer
                0x10006f28       0x48 CMakeFiles/repl.dir/C_/Users/pico/pico-sdk/lib/tinyusb/src/device/usbd.c.obj
                0x10006f28                usbd_edpt_xfer
 .text.tud_control_status
                0x10006f70       0x30 CMakeFiles/repl.dir/C_/Users/pico/pico-sdk/lib/tinyusb/src/device/usbd_control.c.obj
                0x10006f70                tud_control_status
 .text.tud_control_xfer
                0x10006fa0       0xac CMakeFiles/repl.dir/C_/Users/pico/pico-sdk/lib/tinyusb/src/device/usbd_control.c.obj
                0x10006fa0                tud_control_xfer
 .text.usbd_control_reset
                0x1000704c       0x14 CMakeFiles/repl.dir/C_/Users/pico/pico-sdk/lib/tinyusb/src/device/usbd_control.c.obj
                0x1000704c                usbd_control_reset
 .text.usbd_control_set_complete_callback
                0x10007060        0xc CMakeFiles/repl.dir/C_/Users/pico/pico-sdk/lib/tinyusb/src/device/usbd_control.c.obj
                0x10007060                usbd_control_set_complete_callback
 .text.usbd_control_set_request
                0x1000706c       0x1c CMakeFiles/repl.dir/C_/Users/pico/pico-sdk/lib/tinyusb/src/device/usbd_control.c.obj
                0x1000706c                usbd_control_set_request
 .text.usbd_control_xfer_cb
                0x10007088       0xf8 CMakeFiles/repl.dir/C_/Users/pico/pico-sdk/lib/tinyusb/src/device/usbd_control.c.obj
                0x10007088                usbd_control_xfer_cb
 .text.tud_cdc_n_connected
                0x10007180       0x30 CMakeFiles/repl.dir/C_/Users/pico/pico-sdk/lib/tinyusb/src/class/cdc/cdc_device.c.obj
                0x10007180                tud_cdc_n_connected
 .text.tud_cdc_n_available
                0x100071b0       0x1c CMakeFiles/repl.dir/C_/Users/pico/pico-sdk/lib/tinyusb/src/class/cdc/cdc_device.c.obj
                0x100071b0                tud_cdc_n_available
 .text.tud_cdc_n_read
                0x100071cc       0x70 CMakeFiles/repl.dir/C_/Users/pico/pico-sdk/lib/tinyusb/src/class/cdc/cdc_device.c.obj
                0x100071cc                tud_cdc_n_read
 .text.tud_cdc_n_write
                0x1000723c       0x90 CMakeFiles/repl.dir/C_/Users/pico/pico-sdk/lib/tinyusb/src/class/cdc/cdc_device.c.obj
                0x1000723c                tud_cdc_n_write
 .text.tud_cdc_n_write_flush
                0x100072cc       0x78 CMakeFiles/repl.dir/C_/Users/pico/pico-sdk/lib/tinyusb/src/class/cdc/cdc_device.c.obj
                0x100072cc                tud_cdc_n_write_flush
 .text.tud_cdc_n_write_available
                0x10007344       0x1c CMakeFiles/repl.dir/C_/Users/pico/pico-sdk/lib/tinyusb/src/class/cdc/cdc_device.c.obj
                0x10007344                tud_cdc_n_write_available
 .text.cdcd_init
                0x10007360       0x7c CMakeFiles/repl.dir/C_/Users/pico/pico-sdk/lib/tinyusb/src/class/cdc/cdc_device.c.obj
                0x10007360                cdcd_init
 .text.cdcd_reset
                0x100073dc       0x2c CMakeFiles/repl.dir/C_/Users/pico/pico-sdk/lib/tinyusb/src/class/cdc/cdc_device.c.obj
                0x100073dc                cdcd_reset
 .text.cdcd_open
                0x10007408       0xe8 CMakeFiles/repl.dir/C_/Users/pico/pico-sdk/lib/tinyusb/src/class/cdc/cdc_device.c.obj
                0x10007408                cdcd_open
 .text.cdcd_control_xfer_cb
                0x100074f0       0xe0 CMakeFiles/repl.dir/C_/Users/pico/pico-sdk/lib/tinyusb/src/class/cdc/cdc_device.c.obj
                0x100074f0                cdcd_control_xfer_cb
 .text.cdcd_xfer_cb
                0x100075d0      0x194 CMakeFiles/repl.dir/C_/Users/pico/pico-sdk/lib/tinyusb/src/class/cdc/cdc_device.c.obj
                0x100075d0                cdcd_xfer_cb
 .text.tusb_init
                0x10007764        0xc CMakeFiles/repl.dir/C_/Users/pico/pico-sdk/lib/tinyusb/src/tusb.c.obj
                0x10007764                tusb_init
 .text.tusb_inited
                0x10007770        0x8 CMakeFiles/repl.dir/C_/Users/pico/pico-sdk/lib/tinyusb/src/tusb.c.obj
                0x10007770                tusb_inited
 .text.tu_edpt_validate
                0x10007778       0x74 CMakeFiles/repl.dir/C_/Users/pico/pico-sdk/lib/tinyusb/src/tusb.c.obj
                0x10007778                tu_edpt_validate
 .text.tu_edpt_bind_driver
                0x100077ec       0x3c CMakeFiles/repl.dir/C_/Users/pico/pico-sdk/lib/tinyusb/src/tusb.c.obj
                0x100077ec                tu_edpt_bind_driver
 .text.tu_fifo_config
                0x10007828       0x78 CMakeFiles/repl.dir/C_/Users/pico/pico-sdk/lib/tinyusb/src/common/tusb_fifo.c.obj
                0x10007828                tu_fifo_config
 .text.tu_fifo_count
                0x100078a0       0x24 CMakeFiles/repl.dir/C_/Users/pico/pico-sdk/lib/tinyusb/src/common/tusb_fifo.c.obj
                0x100078a0                tu_fifo_count
 .text.tu_fifo_empty
                0x100078c4       0x10 CMakeFiles/repl.dir/C_/Users/pico/pico-sdk/lib/tinyusb/src/common/tusb_fifo.c.obj
                0x100078c4                tu_fifo_empty
 .text.tu_fifo_remaining
                0x100078d4       0x20 CMakeFiles/repl.dir/C_/Users/pico/pico-sdk/lib/tinyusb/src/common/tusb_fifo.c.obj
                0x100078d4                tu_fifo_remaining
 .text.tu_fifo_read
                0x100078f4       0x9c CMakeFiles/repl.dir/C_/Users/pico/pico-sdk/lib/tinyusb/src/common/tusb_fifo.c.obj
                0x100078f4                tu_fifo_read
 .text.tu_fifo_read_n
                0x10007990       0xfc CMakeFiles/repl.dir/C_/Users/pico/pico-sdk/lib/tinyusb/src/common/tusb_fifo.c.obj
                0x10007990                tu_fifo_read_n
 .text.tu_fifo_write
                0x10007a8c       0x88 CMakeFiles/repl.dir/C_/Users/pico/pico-sdk/lib/tinyusb/src/common/tusb_fifo.c.obj
                0x10007a8c                tu_fifo_write
 .text.tu_fifo_write_n
                0x10007b14       0xec CMakeFiles/repl.dir/C_/Users/pico/pico-sdk/lib/tinyusb/src/common/tusb_fifo.c.obj
                0x10007b14                tu_fifo_write_n
 .text.tu_fifo_clear
                0x10007c00       0x4c CMakeFiles/repl.dir/C_/Users/pico/pico-sdk/lib/tinyusb/src/common/tusb_fifo.c.obj
                0x10007c00                tu_fifo_clear
 .text.tu_fifo_set_overwritable
                0x10007c4c       0x3c CMakeFiles/repl.dir/C_/Users/pico/pico-sdk/lib/tinyusb/src/common/tusb_fifo.c.obj
                0x10007c4c                tu_fifo_set_overwritable
 .text.startup._retrieve_unique_id_on_boot
                0x10007c88       0x10 CMakeFiles/repl.dir/C_/Users/pico/pico-sdk/src/rp2_common/pico_unique_id/unique_id.c.obj
 .text.pico_get_unique_board_id_string
                0x10007c98      0x1c0 CMakeFiles/repl.dir/C_/Users/pico/pico-sdk/src/rp2_common/pico_unique_id/unique_id.c.obj
                0x10007c98                pico_get_unique_board_id_string
 .text.flash_get_unique_id
                0x10007e58       0x3c CMakeFiles/repl.dir/C_/Users/pico/pico-sdk/src/rp2_common/hardware_flash/flash.c.obj
                0x10007e58                flash_get_unique_id
 .text.pio_add_program
                0x10007e94       0xd0 CMakeFiles/repl.dir/C_/Users/pico/pico-sdk/src/rp2_common/hardware_pio/pio.c.obj
                0x10007e94                pio_add_program
 .text.pio_sm_set_consecutive_pindirs
                0x10007f64       0x90 CMakeFiles/repl.dir/C_/Users/pico/pico-sdk/src/rp2_common/hardware_pio/pio.c.obj
                0x10007f64                pio_sm_set_consecutive_pindirs
 .text.pio_sm_init
                0x10007ff4       0x90 CMakeFiles/repl.dir/C_/Users/pico/pico-sdk/src/rp2_common/hardware_pio/pio.c.obj
                0x10007ff4                pio_sm_init
 .text._calloc_r
                0x10008084       0x58 c:/progra~2/gnutoo~1/62017-~1/bin/../lib/gcc/arm-none-eabi/6.3.1/../../../../arm-none-eabi/lib/thumb/v6-m\libc.a(lib_a-callocr.o)
                0x10008084                _calloc_r
 .text._malloc_r
                0x100080dc      0x568 c:/progra~2/gnutoo~1/62017-~1/bin/../lib/gcc/arm-none-eabi/6.3.1/../../../../arm-none-eabi/lib/thumb/v6-m\libc.a(lib_a-mallocr.o)
                0x100080dc                _malloc_r
 .text.__malloc_lock
                0x10008644       0x10 c:/progra~2/gnutoo~1/62017-~1/bin/../lib/gcc/arm-none-eabi/6.3.1/../../../../arm-none-eabi/lib/thumb/v6-m\libc.a(lib_a-mlock.o)
                0x10008644                __malloc_lock
 .text.__malloc_unlock
                0x10008654       0x10 c:/progra~2/gnutoo~1/62017-~1/bin/../lib/gcc/arm-none-eabi/6.3.1/../../../../arm-none-eabi/lib/thumb/v6-m\libc.a(lib_a-mlock.o)
                0x10008654                __malloc_unlock
 .text._realloc_r
                0x10008664      0x37c c:/progra~2/gnutoo~1/62017-~1/bin/../lib/gcc/arm-none-eabi/6.3.1/../../../../arm-none-eabi/lib/thumb/v6-m\libc.a(lib_a-reallocr.o)
                0x10008664                _realloc_r
 .text._sbrk_r  0x100089e0       0x24 c:/progra~2/gnutoo~1/62017-~1/bin/../lib/gcc/arm-none-eabi/6.3.1/../../../../arm-none-eabi/lib/thumb/v6-m\libc.a(lib_a-sbrkr.o)
                0x100089e0                _sbrk_r
 .text.sscanf   0x10008a04       0x50 c:/progra~2/gnutoo~1/62017-~1/bin/../lib/gcc/arm-none-eabi/6.3.1/../../../../arm-none-eabi/lib/thumb/v6-m\libc.a(lib_a-sscanf.o)
                0x10008a04                sscanf
 .text.__sread  0x10008a54       0x28 c:/progra~2/gnutoo~1/62017-~1/bin/../lib/gcc/arm-none-eabi/6.3.1/../../../../arm-none-eabi/lib/thumb/v6-m\libc.a(lib_a-stdio.o)
                0x10008a54                __sread
 .text.__seofread
                0x10008a7c        0x4 c:/progra~2/gnutoo~1/62017-~1/bin/../lib/gcc/arm-none-eabi/6.3.1/../../../../arm-none-eabi/lib/thumb/v6-m\libc.a(lib_a-stdio.o)
                0x10008a7c                __seofread
 .text.__swrite
                0x10008a80       0x3c c:/progra~2/gnutoo~1/62017-~1/bin/../lib/gcc/arm-none-eabi/6.3.1/../../../../arm-none-eabi/lib/thumb/v6-m\libc.a(lib_a-stdio.o)
                0x10008a80                __swrite
 .text.__sseek  0x10008abc       0x2c c:/progra~2/gnutoo~1/62017-~1/bin/../lib/gcc/arm-none-eabi/6.3.1/../../../../arm-none-eabi/lib/thumb/v6-m\libc.a(lib_a-stdio.o)
                0x10008abc                __sseek
 .text.__sclose
                0x10008ae8        0xc c:/progra~2/gnutoo~1/62017-~1/bin/../lib/gcc/arm-none-eabi/6.3.1/../../../../arm-none-eabi/lib/thumb/v6-m\libc.a(lib_a-stdio.o)
                0x10008ae8                __sclose
 .text.strlen   0x10008af4       0x64 c:/progra~2/gnutoo~1/62017-~1/bin/../lib/gcc/arm-none-eabi/6.3.1/../../../../arm-none-eabi/lib/thumb/v6-m\libc.a(lib_a-strlen-stub.o)
                0x10008af4                strlen
 .text._strtol_l.isra.0
                0x10008b58      0x130 c:/progra~2/gnutoo~1/62017-~1/bin/../lib/gcc/arm-none-eabi/6.3.1/../../../../arm-none-eabi/lib/thumb/v6-m\libc.a(lib_a-strtol.o)
 .text._strtol_r
                0x10008c88       0x24 c:/progra~2/gnutoo~1/62017-~1/bin/../lib/gcc/arm-none-eabi/6.3.1/../../../../arm-none-eabi/lib/thumb/v6-m\libc.a(lib_a-strtol.o)
                0x10008c88                _strtol_r
 .text.strtol   0x10008cac       0x2c c:/progra~2/gnutoo~1/62017-~1/bin/../lib/gcc/arm-none-eabi/6.3.1/../../../../arm-none-eabi/lib/thumb/v6-m\libc.a(lib_a-strtol.o)
                0x10008cac                strtol
 .text.__ssvfscanf_r
                0x10008cd8      0xdd0 c:/progra~2/gnutoo~1/62017-~1/bin/../lib/gcc/arm-none-eabi/6.3.1/../../../../arm-none-eabi/lib/thumb/v6-m\libc.a(lib_a-svfscanf.o)
                0x10008cd8                __ssvfscanf_r
 .text.__swbuf_r
                0x10009aa8       0xbc c:/progra~2/gnutoo~1/62017-~1/bin/../lib/gcc/arm-none-eabi/6.3.1/../../../../arm-none-eabi/lib/thumb/v6-m\libc.a(lib_a-wbuf.o)
                0x10009aa8                __swbuf_r
 .text._write_r
                0x10009b64       0x28 c:/progra~2/gnutoo~1/62017-~1/bin/../lib/gcc/arm-none-eabi/6.3.1/../../../../arm-none-eabi/lib/thumb/v6-m\libc.a(lib_a-writer.o)
                0x10009b64                _write_r
 .text.__swsetup_r
                0x10009b8c       0xd4 c:/progra~2/gnutoo~1/62017-~1/bin/../lib/gcc/arm-none-eabi/6.3.1/../../../../arm-none-eabi/lib/thumb/v6-m\libc.a(lib_a-wsetup.o)
                0x10009b8c                __swsetup_r
 .text._close_r
                0x10009c60       0x24 c:/progra~2/gnutoo~1/62017-~1/bin/../lib/gcc/arm-none-eabi/6.3.1/../../../../arm-none-eabi/lib/thumb/v6-m\libc.a(lib_a-closer.o)
                0x10009c60                _close_r
 .text.__sflush_r
                0x10009c84      0x150 c:/progra~2/gnutoo~1/62017-~1/bin/../lib/gcc/arm-none-eabi/6.3.1/../../../../arm-none-eabi/lib/thumb/v6-m\libc.a(lib_a-fflush.o)
                0x10009c84                __sflush_r
 .text._fflush_r
                0x10009dd4       0x54 c:/progra~2/gnutoo~1/62017-~1/bin/../lib/gcc/arm-none-eabi/6.3.1/../../../../arm-none-eabi/lib/thumb/v6-m\libc.a(lib_a-fflush.o)
                0x10009dd4                _fflush_r
 .text._cleanup_r
                0x10009e28       0x10 c:/progra~2/gnutoo~1/62017-~1/bin/../lib/gcc/arm-none-eabi/6.3.1/../../../../arm-none-eabi/lib/thumb/v6-m\libc.a(lib_a-findfp.o)
                0x10009e28                _cleanup_r
 .text.std.isra.0
                0x10009e38       0x50 c:/progra~2/gnutoo~1/62017-~1/bin/../lib/gcc/arm-none-eabi/6.3.1/../../../../arm-none-eabi/lib/thumb/v6-m\libc.a(lib_a-findfp.o)
 .text.__sinit  0x10009e88       0x60 c:/progra~2/gnutoo~1/62017-~1/bin/../lib/gcc/arm-none-eabi/6.3.1/../../../../arm-none-eabi/lib/thumb/v6-m\libc.a(lib_a-findfp.o)
                0x10009e88                __sinit
 .text.__sfp_lock_acquire
                0x10009ee8       0x10 c:/progra~2/gnutoo~1/62017-~1/bin/../lib/gcc/arm-none-eabi/6.3.1/../../../../arm-none-eabi/lib/thumb/v6-m\libc.a(lib_a-findfp.o)
                0x10009ee8                __sfp_lock_acquire
 .text.__sfp_lock_release
                0x10009ef8       0x10 c:/progra~2/gnutoo~1/62017-~1/bin/../lib/gcc/arm-none-eabi/6.3.1/../../../../arm-none-eabi/lib/thumb/v6-m\libc.a(lib_a-findfp.o)
                0x10009ef8                __sfp_lock_release
 .text._malloc_trim_r
                0x10009f08       0xa0 c:/progra~2/gnutoo~1/62017-~1/bin/../lib/gcc/arm-none-eabi/6.3.1/../../../../arm-none-eabi/lib/thumb/v6-m\libc.a(lib_a-freer.o)
                0x10009f08                _malloc_trim_r
 .text._free_r  0x10009fa8      0x1bc c:/progra~2/gnutoo~1/62017-~1/bin/../lib/gcc/arm-none-eabi/6.3.1/../../../../arm-none-eabi/lib/thumb/v6-m\libc.a(lib_a-freer.o)
                0x10009fa8                _free_r
 .text._fwalk_reent
                0x1000a164       0x4c c:/progra~2/gnutoo~1/62017-~1/bin/../lib/gcc/arm-none-eabi/6.3.1/../../../../arm-none-eabi/lib/thumb/v6-m\libc.a(lib_a-fwalk.o)
                0x1000a164                _fwalk_reent
 .text.iswspace
                0x1000a1b0       0x18 c:/progra~2/gnutoo~1/62017-~1/bin/../lib/gcc/arm-none-eabi/6.3.1/../../../../arm-none-eabi/lib/thumb/v6-m\libc.a(lib_a-iswspace.o)
                0x1000a1b0                iswspace
 .text.__locale_mb_cur_max
                0x1000a1c8       0x20 c:/progra~2/gnutoo~1/62017-~1/bin/../lib/gcc/arm-none-eabi/6.3.1/../../../../arm-none-eabi/lib/thumb/v6-m\libc.a(lib_a-locale.o)
                0x1000a1c8                __locale_mb_cur_max
 .text.__locale_ctype_ptr_l
                0x1000a1e8        0x8 c:/progra~2/gnutoo~1/62017-~1/bin/../lib/gcc/arm-none-eabi/6.3.1/../../../../arm-none-eabi/lib/thumb/v6-m\libc.a(lib_a-locale.o)
                0x1000a1e8                __locale_ctype_ptr_l
 .text.__locale_ctype_ptr
                0x1000a1f0       0x1c c:/progra~2/gnutoo~1/62017-~1/bin/../lib/gcc/arm-none-eabi/6.3.1/../../../../arm-none-eabi/lib/thumb/v6-m\libc.a(lib_a-locale.o)
                0x1000a1f0                __locale_ctype_ptr
 .text.__localeconv_l
                0x1000a20c        0x4 c:/progra~2/gnutoo~1/62017-~1/bin/../lib/gcc/arm-none-eabi/6.3.1/../../../../arm-none-eabi/lib/thumb/v6-m\libc.a(lib_a-localeconv.o)
                0x1000a20c                __localeconv_l
 .text._localeconv_r
                0x1000a210       0x1c c:/progra~2/gnutoo~1/62017-~1/bin/../lib/gcc/arm-none-eabi/6.3.1/../../../../arm-none-eabi/lib/thumb/v6-m\libc.a(lib_a-localeconv.o)
                0x1000a210                _localeconv_r
 .text.__retarget_lock_init_recursive
                0x1000a22c        0x4 c:/progra~2/gnutoo~1/62017-~1/bin/../lib/gcc/arm-none-eabi/6.3.1/../../../../arm-none-eabi/lib/thumb/v6-m\libc.a(lib_a-lock.o)
                0x1000a22c                __retarget_lock_init_recursive
 .text.__retarget_lock_close_recursive
                0x1000a230        0x4 c:/progra~2/gnutoo~1/62017-~1/bin/../lib/gcc/arm-none-eabi/6.3.1/../../../../arm-none-eabi/lib/thumb/v6-m\libc.a(lib_a-lock.o)
                0x1000a230                __retarget_lock_close_recursive
 .text.__retarget_lock_acquire_recursive
                0x1000a234        0x4 c:/progra~2/gnutoo~1/62017-~1/bin/../lib/gcc/arm-none-eabi/6.3.1/../../../../arm-none-eabi/lib/thumb/v6-m\libc.a(lib_a-lock.o)
                0x1000a234                __retarget_lock_acquire_recursive
 .text.__retarget_lock_release_recursive
                0x1000a238        0x4 c:/progra~2/gnutoo~1/62017-~1/bin/../lib/gcc/arm-none-eabi/6.3.1/../../../../arm-none-eabi/lib/thumb/v6-m\libc.a(lib_a-lock.o)
                0x1000a238                __retarget_lock_release_recursive
 .text._lseek_r
                0x1000a23c       0x28 c:/progra~2/gnutoo~1/62017-~1/bin/../lib/gcc/arm-none-eabi/6.3.1/../../../../arm-none-eabi/lib/thumb/v6-m\libc.a(lib_a-lseekr.o)
                0x1000a23c                _lseek_r
 .text.__swhatbuf_r
                0x1000a264       0x60 c:/progra~2/gnutoo~1/62017-~1/bin/../lib/gcc/arm-none-eabi/6.3.1/../../../../arm-none-eabi/lib/thumb/v6-m\libc.a(lib_a-makebuf.o)
                0x1000a264                __swhatbuf_r
 .text.__smakebuf_r
                0x1000a2c4       0x90 c:/progra~2/gnutoo~1/62017-~1/bin/../lib/gcc/arm-none-eabi/6.3.1/../../../../arm-none-eabi/lib/thumb/v6-m\libc.a(lib_a-makebuf.o)
                0x1000a2c4                __smakebuf_r
 .text._mbrtowc_r
                0x1000a354       0x64 c:/progra~2/gnutoo~1/62017-~1/bin/../lib/gcc/arm-none-eabi/6.3.1/../../../../arm-none-eabi/lib/thumb/v6-m\libc.a(lib_a-mbrtowc.o)
                0x1000a354                _mbrtowc_r
 .text.__ascii_mbtowc
                0x1000a3b8       0x2c c:/progra~2/gnutoo~1/62017-~1/bin/../lib/gcc/arm-none-eabi/6.3.1/../../../../arm-none-eabi/lib/thumb/v6-m\libc.a(lib_a-mbtowc_r.o)
                0x1000a3b8                __ascii_mbtowc
 .text._read_r  0x1000a3e4       0x28 c:/progra~2/gnutoo~1/62017-~1/bin/../lib/gcc/arm-none-eabi/6.3.1/../../../../arm-none-eabi/lib/thumb/v6-m\libc.a(lib_a-readr.o)
                0x1000a3e4                _read_r
 .text.__sccl   0x1000a40c       0x6c c:/progra~2/gnutoo~1/62017-~1/bin/../lib/gcc/arm-none-eabi/6.3.1/../../../../arm-none-eabi/lib/thumb/v6-m\libc.a(lib_a-sccl.o)
                0x1000a40c                __sccl
 .text.nanf     0x1000a478        0x8 c:/progra~2/gnutoo~1/62017-~1/bin/../lib/gcc/arm-none-eabi/6.3.1/../../../../arm-none-eabi/lib/thumb/v6-m\libc.a(lib_a-sf_nan.o)
                0x1000a478                nanf
 .text.unlikely.sulp
                0x1000a480       0x30 c:/progra~2/gnutoo~1/62017-~1/bin/../lib/gcc/arm-none-eabi/6.3.1/../../../../arm-none-eabi/lib/thumb/v6-m\libc.a(lib_a-strtod.o)
 .text._strtod_l
                0x1000a4b0      0xe98 c:/progra~2/gnutoo~1/62017-~1/bin/../lib/gcc/arm-none-eabi/6.3.1/../../../../arm-none-eabi/lib/thumb/v6-m\libc.a(lib_a-strtod.o)
                0x1000a4b0                _strtod_l
 .text._strtod_r
                0x1000b348       0x20 c:/progra~2/gnutoo~1/62017-~1/bin/../lib/gcc/arm-none-eabi/6.3.1/../../../../arm-none-eabi/lib/thumb/v6-m\libc.a(lib_a-strtod.o)
                0x1000b348                _strtod_r
 .text._strtoll_l.isra.0
                0x1000b368      0x1bc c:/progra~2/gnutoo~1/62017-~1/bin/../lib/gcc/arm-none-eabi/6.3.1/../../../../arm-none-eabi/lib/thumb/v6-m\libc.a(lib_a-strtoll.o)
 .text._strtoll_r
                0x1000b524       0x24 c:/progra~2/gnutoo~1/62017-~1/bin/../lib/gcc/arm-none-eabi/6.3.1/../../../../arm-none-eabi/lib/thumb/v6-m\libc.a(lib_a-strtoll.o)
                0x1000b524                _strtoll_r
 .text._strtoul_l.isra.0
                0x1000b548      0x14c c:/progra~2/gnutoo~1/62017-~1/bin/../lib/gcc/arm-none-eabi/6.3.1/../../../../arm-none-eabi/lib/thumb/v6-m\libc.a(lib_a-strtoul.o)
 .text._strtoul_r
                0x1000b694       0x24 c:/progra~2/gnutoo~1/62017-~1/bin/../lib/gcc/arm-none-eabi/6.3.1/../../../../arm-none-eabi/lib/thumb/v6-m\libc.a(lib_a-strtoul.o)
                0x1000b694                _strtoul_r
 .text._strtoull_l.isra.0
                0x1000b6b8      0x1c4 c:/progra~2/gnutoo~1/62017-~1/bin/../lib/gcc/arm-none-eabi/6.3.1/../../../../arm-none-eabi/lib/thumb/v6-m\libc.a(lib_a-strtoull.o)
 .text._strtoull_r
                0x1000b87c       0x24 c:/progra~2/gnutoo~1/62017-~1/bin/../lib/gcc/arm-none-eabi/6.3.1/../../../../arm-none-eabi/lib/thumb/v6-m\libc.a(lib_a-strtoull.o)
                0x1000b87c                _strtoull_r
 .text._sungetc_r
                0x1000b8a0       0x84 c:/progra~2/gnutoo~1/62017-~1/bin/../lib/gcc/arm-none-eabi/6.3.1/../../../../arm-none-eabi/lib/thumb/v6-m\libc.a(lib_a-svfiscanf.o)
                0x1000b8a0                _sungetc_r
 .text.__ssrefill_r
                0x1000b924       0x40 c:/progra~2/gnutoo~1/62017-~1/bin/../lib/gcc/arm-none-eabi/6.3.1/../../../../arm-none-eabi/lib/thumb/v6-m\libc.a(lib_a-svfiscanf.o)
                0x1000b924                __ssrefill_r
 .text._sfread_r
                0x1000b964       0x90 c:/progra~2/gnutoo~1/62017-~1/bin/../lib/gcc/arm-none-eabi/6.3.1/../../../../arm-none-eabi/lib/thumb/v6-m\libc.a(lib_a-svfiscanf.o)
                0x1000b964                _sfread_r
 .text.__submore
                0x1000b9f4       0x84 c:/progra~2/gnutoo~1/62017-~1/bin/../lib/gcc/arm-none-eabi/6.3.1/../../../../arm-none-eabi/lib/thumb/v6-m\libc.a(lib_a-ungetc.o)
                0x1000b9f4                __submore
 .text.__ascii_wctomb
                0x1000ba78       0x1c c:/progra~2/gnutoo~1/62017-~1/bin/../lib/gcc/arm-none-eabi/6.3.1/../../../../arm-none-eabi/lib/thumb/v6-m\libc.a(lib_a-wctomb_r.o)
                0x1000ba78                __ascii_wctomb
 .text._fclose_r
                0x1000ba94       0xcc c:/progra~2/gnutoo~1/62017-~1/bin/../lib/gcc/arm-none-eabi/6.3.1/../../../../arm-none-eabi/lib/thumb/v6-m\libc.a(lib_a-fclose.o)
                0x1000ba94                _fclose_r
 .text._fstat_r
                0x1000bb60       0x28 c:/progra~2/gnutoo~1/62017-~1/bin/../lib/gcc/arm-none-eabi/6.3.1/../../../../arm-none-eabi/lib/thumb/v6-m\libc.a(lib_a-fstatr.o)
                0x1000bb60                _fstat_r
 .text.rshift   0x1000bb88       0xac c:/progra~2/gnutoo~1/62017-~1/bin/../lib/gcc/arm-none-eabi/6.3.1/../../../../arm-none-eabi/lib/thumb/v6-m\libc.a(lib_a-gdtoa-gethex.o)
 .text.__gethex
                0x1000bc34      0x528 c:/progra~2/gnutoo~1/62017-~1/bin/../lib/gcc/arm-none-eabi/6.3.1/../../../../arm-none-eabi/lib/thumb/v6-m\libc.a(lib_a-gdtoa-gethex.o)
                0x1000bc34                __gethex
 .text.__match  0x1000c15c       0x2c c:/progra~2/gnutoo~1/62017-~1/bin/../lib/gcc/arm-none-eabi/6.3.1/../../../../arm-none-eabi/lib/thumb/v6-m\libc.a(lib_a-gdtoa-hexnan.o)
                0x1000c15c                __match
 .text.__hexnan
                0x1000c188      0x1a8 c:/progra~2/gnutoo~1/62017-~1/bin/../lib/gcc/arm-none-eabi/6.3.1/../../../../arm-none-eabi/lib/thumb/v6-m\libc.a(lib_a-gdtoa-hexnan.o)
                0x1000c188                __hexnan
 .text._isatty_r
                0x1000c330       0x24 c:/progra~2/gnutoo~1/62017-~1/bin/../lib/gcc/arm-none-eabi/6.3.1/../../../../arm-none-eabi/lib/thumb/v6-m\libc.a(lib_a-isattyr.o)
                0x1000c330                _isatty_r
 .text._Balloc  0x1000c354       0x50 c:/progra~2/gnutoo~1/62017-~1/bin/../lib/gcc/arm-none-eabi/6.3.1/../../../../arm-none-eabi/lib/thumb/v6-m\libc.a(lib_a-mprec.o)
                0x1000c354                _Balloc
 .text._Bfree   0x1000c3a4       0x14 c:/progra~2/gnutoo~1/62017-~1/bin/../lib/gcc/arm-none-eabi/6.3.1/../../../../arm-none-eabi/lib/thumb/v6-m\libc.a(lib_a-mprec.o)
                0x1000c3a4                _Bfree
 .text.__multadd
                0x1000c3b8       0x8c c:/progra~2/gnutoo~1/62017-~1/bin/../lib/gcc/arm-none-eabi/6.3.1/../../../../arm-none-eabi/lib/thumb/v6-m\libc.a(lib_a-mprec.o)
                0x1000c3b8                __multadd
 .text.__s2b    0x1000c444       0x94 c:/progra~2/gnutoo~1/62017-~1/bin/../lib/gcc/arm-none-eabi/6.3.1/../../../../arm-none-eabi/lib/thumb/v6-m\libc.a(lib_a-mprec.o)
                0x1000c444                __s2b
 .text.__hi0bits
                0x1000c4d8       0x34 c:/progra~2/gnutoo~1/62017-~1/bin/../lib/gcc/arm-none-eabi/6.3.1/../../../../arm-none-eabi/lib/thumb/v6-m\libc.a(lib_a-mprec.o)
                0x1000c4d8                __hi0bits
 .text.__lo0bits
                0x1000c50c       0x5c c:/progra~2/gnutoo~1/62017-~1/bin/../lib/gcc/arm-none-eabi/6.3.1/../../../../arm-none-eabi/lib/thumb/v6-m\libc.a(lib_a-mprec.o)
                0x1000c50c                __lo0bits
 .text.__i2b    0x1000c568       0x14 c:/progra~2/gnutoo~1/62017-~1/bin/../lib/gcc/arm-none-eabi/6.3.1/../../../../arm-none-eabi/lib/thumb/v6-m\libc.a(lib_a-mprec.o)
                0x1000c568                __i2b
 .text.__multiply
                0x1000c57c      0x154 c:/progra~2/gnutoo~1/62017-~1/bin/../lib/gcc/arm-none-eabi/6.3.1/../../../../arm-none-eabi/lib/thumb/v6-m\libc.a(lib_a-mprec.o)
                0x1000c57c                __multiply
 .text.__pow5mult
                0x1000c6d0       0xc0 c:/progra~2/gnutoo~1/62017-~1/bin/../lib/gcc/arm-none-eabi/6.3.1/../../../../arm-none-eabi/lib/thumb/v6-m\libc.a(lib_a-mprec.o)
                0x1000c6d0                __pow5mult
 .text.__lshift
                0x1000c790       0xc0 c:/progra~2/gnutoo~1/62017-~1/bin/../lib/gcc/arm-none-eabi/6.3.1/../../../../arm-none-eabi/lib/thumb/v6-m\libc.a(lib_a-mprec.o)
                0x1000c790                __lshift
 .text.__mcmp   0x1000c850       0x34 c:/progra~2/gnutoo~1/62017-~1/bin/../lib/gcc/arm-none-eabi/6.3.1/../../../../arm-none-eabi/lib/thumb/v6-m\libc.a(lib_a-mprec.o)
                0x1000c850                __mcmp
 .text.__mdiff  0x1000c884      0x138 c:/progra~2/gnutoo~1/62017-~1/bin/../lib/gcc/arm-none-eabi/6.3.1/../../../../arm-none-eabi/lib/thumb/v6-m\libc.a(lib_a-mprec.o)
                0x1000c884                __mdiff
 .text.__ulp    0x1000c9bc       0x4c c:/progra~2/gnutoo~1/62017-~1/bin/../lib/gcc/arm-none-eabi/6.3.1/../../../../arm-none-eabi/lib/thumb/v6-m\libc.a(lib_a-mprec.o)
                0x1000c9bc                __ulp
 .text.__b2d    0x1000ca08       0xd8 c:/progra~2/gnutoo~1/62017-~1/bin/../lib/gcc/arm-none-eabi/6.3.1/../../../../arm-none-eabi/lib/thumb/v6-m\libc.a(lib_a-mprec.o)
                0x1000ca08                __b2d
 .text.__d2b    0x1000cae0       0xbc c:/progra~2/gnutoo~1/62017-~1/bin/../lib/gcc/arm-none-eabi/6.3.1/../../../../arm-none-eabi/lib/thumb/v6-m\libc.a(lib_a-mprec.o)
                0x1000cae0                __d2b
 .text.__ratio  0x1000cb9c       0x74 c:/progra~2/gnutoo~1/62017-~1/bin/../lib/gcc/arm-none-eabi/6.3.1/../../../../arm-none-eabi/lib/thumb/v6-m\libc.a(lib_a-mprec.o)
                0x1000cb9c                __ratio
 .text.__copybits
                0x1000cc10       0x40 c:/progra~2/gnutoo~1/62017-~1/bin/../lib/gcc/arm-none-eabi/6.3.1/../../../../arm-none-eabi/lib/thumb/v6-m\libc.a(lib_a-mprec.o)
                0x1000cc10                __copybits
 .text.__any_on
                0x1000cc50       0x60 c:/progra~2/gnutoo~1/62017-~1/bin/../lib/gcc/arm-none-eabi/6.3.1/../../../../arm-none-eabi/lib/thumb/v6-m\libc.a(lib_a-mprec.o)
                0x1000cc50                __any_on
 .text.strncmp  0x1000ccb0       0x94 c:/progra~2/gnutoo~1/62017-~1/bin/../lib/gcc/arm-none-eabi/6.3.1/../../../../arm-none-eabi/lib/thumb/v6-m\libc.a(lib_a-strncmp.o)
                0x1000ccb0                strncmp
 .text._close   0x1000cd44       0x10 c:/progra~2/gnutoo~1/62017-~1/bin/../lib/gcc/arm-none-eabi/6.3.1/../../../../arm-none-eabi/lib/thumb/v6-m\libnosys.a(close.o)
                0x1000cd44                _close
 .text._fstat   0x1000cd54       0x10 c:/progra~2/gnutoo~1/62017-~1/bin/../lib/gcc/arm-none-eabi/6.3.1/../../../../arm-none-eabi/lib/thumb/v6-m\libnosys.a(fstat.o)
                0x1000cd54                _fstat
 .text._isatty  0x1000cd64       0x10 c:/progra~2/gnutoo~1/62017-~1/bin/../lib/gcc/arm-none-eabi/6.3.1/../../../../arm-none-eabi/lib/thumb/v6-m\libnosys.a(isatty.o)
                0x1000cd64                _isatty
 .text._lseek   0x1000cd74       0x10 c:/progra~2/gnutoo~1/62017-~1/bin/../lib/gcc/arm-none-eabi/6.3.1/../../../../arm-none-eabi/lib/thumb/v6-m\libnosys.a(lseek.o)
                0x1000cd74                _lseek
 *(.fini)
 .fini          0x1000cd84        0x4 c:/progra~2/gnutoo~1/62017-~1/bin/../lib/gcc/arm-none-eabi/6.3.1/thumb/v6-m/crti.o
                0x1000cd84                _fini
 .fini.__stub   0x1000cd88       0x80 linker stubs
 *crtbegin.o(.ctors)
 *crtbegin?.o(.ctors)
 *(EXCLUDE_FILE(*crtend.o *crtend?.o) .ctors)
 *(SORT(.ctors.*))
 *(.ctors)
 *crtbegin.o(.dtors)
 *crtbegin?.o(.dtors)
 *(EXCLUDE_FILE(*crtend.o *crtend?.o) .dtors)
 *(SORT(.dtors.*))
 *(.dtors)
 *(.eh_frame*)
 .eh_frame      0x1000ce08        0x0 c:/progra~2/gnutoo~1/62017-~1/bin/../lib/gcc/arm-none-eabi/6.3.1/thumb/v6-m/crtbegin.o
                0x1000ce08                . = ALIGN (0x4)

.glue_7         0x1000ce08        0x0
 .glue_7        0x1000ce08        0x0 linker stubs

.glue_7t        0x1000ce08        0x0
 .glue_7t       0x1000ce08        0x0 linker stubs

.vfp11_veneer   0x1000ce08        0x0
 .vfp11_veneer  0x1000ce08        0x0 linker stubs

.v4_bx          0x1000ce08        0x0
 .v4_bx         0x1000ce08        0x0 linker stubs

.iplt           0x1000ce08        0x0
 .iplt          0x1000ce08        0x0 c:/progra~2/gnutoo~1/62017-~1/bin/../lib/gcc/arm-none-eabi/6.3.1/thumb/v6-m/crtbegin.o

.rodata         0x1000ce08      0xf24
 *(EXCLUDE_FILE(*libm.a: *libc.a:*lib_a-mem*.o *libgcc.a:) .rodata*)
 .rodata.color_table
                0x1000ce08       0x20 CMakeFiles/repl.dir/sequencer.c.obj
                0x1000ce08                color_table
 .rodata.main.str1.4
                0x1000ce28       0x10 CMakeFiles/repl.dir/sequencer.c.obj
 .rodata.str1.4
                0x1000ce38       0x1d CMakeFiles/repl.dir/sequencer.c.obj
 *fill*         0x1000ce55        0x3 
 .rodata.Rread.str1.4
                0x1000ce58       0x3d CMakeFiles/repl.dir/repl.c.obj
 *fill*         0x1000ce95        0x3 
 .rodata.Rwrite.str1.4
                0x1000ce98        0xd CMakeFiles/repl.dir/repl.c.obj
 *fill*         0x1000cea5        0x3 
 .rodata.access_register.str1.4
                0x1000cea8       0x28 CMakeFiles/repl.dir/repl.c.obj
 .rodata.input_value.str1.4
                0x1000ced0       0x24 CMakeFiles/repl.dir/repl.c.obj
 .rodata.render_to_console.str1.4
                0x1000cef4       0x2e CMakeFiles/repl.dir/repl.c.obj
 *fill*         0x1000cf22        0x2 
 .rodata.ws2812_program
                0x1000cf24        0x6 CMakeFiles/repl.dir/ws2812.c.obj
 *fill*         0x1000cf2a        0x2 
 .rodata.ws2812_program_instructions
                0x1000cf2c        0x8 CMakeFiles/repl.dir/ws2812.c.obj
 .rodata.spin_lock_claim_unused.str1.4
                0x1000cf34       0x1b CMakeFiles/repl.dir/C_/Users/pico/pico-sdk/src/rp2_common/hardware_sync/sync.c.obj
 *fill*         0x1000cf4f        0x1 
 .rodata.user_irq_claim_unused.str1.4
                0x1000cf50       0x1b CMakeFiles/repl.dir/C_/Users/pico/pico-sdk/src/rp2_common/hardware_irq/irq.c.obj
 *fill*         0x1000cf6b        0x5 
 .rodata.at_the_end_of_time
                0x1000cf70        0x8 CMakeFiles/repl.dir/C_/Users/pico/pico-sdk/src/common/pico_time/time.c.obj
                0x1000cf70                at_the_end_of_time
 .rodata.hardware_alarm_claim.str1.4
                0x1000cf78       0x22 CMakeFiles/repl.dir/C_/Users/pico/pico-sdk/src/rp2_common/hardware_timer/timer.c.obj
 *fill*         0x1000cf9a        0x2 
 .rodata.hard_assertion_failure.str1.4
                0x1000cf9c        0xc CMakeFiles/repl.dir/C_/Users/pico/pico-sdk/src/rp2_common/pico_runtime/runtime.c.obj
 .rodata.panic.str1.4
                0x1000cfa8       0x10 CMakeFiles/repl.dir/C_/Users/pico/pico-sdk/src/rp2_common/pico_runtime/runtime.c.obj
                                 0x12 (size before relaxing)
 .rodata._vsnprintf
                0x1000cfb8      0x1e0 CMakeFiles/repl.dir/C_/Users/pico/pico-sdk/src/rp2_common/pico_printf/printf.c.obj
 .rodata._ftoa.str1.4
                0x1000d198       0x15 CMakeFiles/repl.dir/C_/Users/pico/pico-sdk/src/rp2_common/pico_printf/printf.c.obj
 *fill*         0x1000d1ad        0x3 
 .rodata.pow10.5388
                0x1000d1b0       0x50 CMakeFiles/repl.dir/C_/Users/pico/pico-sdk/src/rp2_common/pico_printf/printf.c.obj
 .rodata.__bi_44
                0x1000d200        0xc CMakeFiles/repl.dir/C_/Users/pico/pico-sdk/src/rp2_common/pico_standard_link/binary_info.c.obj
 .rodata.__bi_75
                0x1000d20c        0xc CMakeFiles/repl.dir/C_/Users/pico/pico-sdk/src/rp2_common/pico_standard_link/binary_info.c.obj
 .rodata.__bi_81
                0x1000d218        0xc CMakeFiles/repl.dir/C_/Users/pico/pico-sdk/src/rp2_common/pico_standard_link/binary_info.c.obj
 .rodata.str1.4
                0x1000d224       0x3c CMakeFiles/repl.dir/C_/Users/pico/pico-sdk/src/rp2_common/pico_standard_link/binary_info.c.obj
 .rodata.crlf_str.5834
                0x1000d260        0x2 CMakeFiles/repl.dir/C_/Users/pico/pico-sdk/src/rp2_common/pico_stdio/stdio.c.obj
 *fill*         0x1000d262        0x2 
 .rodata._resetd_driver
                0x1000d264       0x18 CMakeFiles/repl.dir/C_/Users/pico/pico-sdk/src/rp2_common/pico_stdio_usb/reset_interface.c.obj
 .rodata.__bi_118.7128
                0x1000d27c        0xc CMakeFiles/repl.dir/C_/Users/pico/pico-sdk/src/rp2_common/pico_stdio_usb/stdio_usb.c.obj
 .rodata.str1.4
                0x1000d288       0x13 CMakeFiles/repl.dir/C_/Users/pico/pico-sdk/src/rp2_common/pico_stdio_usb/stdio_usb.c.obj
 *fill*         0x1000d29b        0x1 
 .rodata.str1.4
                0x1000d29c       0x2a CMakeFiles/repl.dir/C_/Users/pico/pico-sdk/src/rp2_common/pico_stdio_usb/stdio_usb_descriptors.c.obj
 *fill*         0x1000d2c6        0x2 
 .rodata.usbd_desc_cfg
                0x1000d2c8       0x54 CMakeFiles/repl.dir/C_/Users/pico/pico-sdk/src/rp2_common/pico_stdio_usb/stdio_usb_descriptors.c.obj
 .rodata.usbd_desc_device
                0x1000d31c       0x12 CMakeFiles/repl.dir/C_/Users/pico/pico-sdk/src/rp2_common/pico_stdio_usb/stdio_usb_descriptors.c.obj
 *fill*         0x1000d32e        0x2 
 .rodata.usbd_desc_str
                0x1000d330       0x18 CMakeFiles/repl.dir/C_/Users/pico/pico-sdk/src/rp2_common/pico_stdio_usb/stdio_usb_descriptors.c.obj
 .rodata.dcd_rp2040_irq.str1.4
                0x1000d348       0x14 CMakeFiles/repl.dir/C_/Users/pico/pico-sdk/lib/tinyusb/src/portable/raspberrypi/rp2040/dcd_rp2040.c.obj
 .rodata._hw_endpoint_buffer_control_update32.str1.4
                0x1000d35c       0x1f CMakeFiles/repl.dir/C_/Users/pico/pico-sdk/lib/tinyusb/src/portable/raspberrypi/rp2040/rp2040_usb.c.obj
 *fill*         0x1000d37b        0x1 
 .rodata.hw_endpoint_xfer_continue.str1.4
                0x1000d37c       0x29 CMakeFiles/repl.dir/C_/Users/pico/pico-sdk/lib/tinyusb/src/portable/raspberrypi/rp2040/rp2040_usb.c.obj
 *fill*         0x1000d3a5        0x3 
 .rodata.str1.4
                0x1000d3a8        0x7 CMakeFiles/repl.dir/C_/Users/pico/pico-sdk/lib/tinyusb/src/portable/raspberrypi/rp2040/rp2040_usb.c.obj
 *fill*         0x1000d3af        0x1 
 .rodata.tud_task
                0x1000d3b0       0x8c CMakeFiles/repl.dir/C_/Users/pico/pico-sdk/lib/tinyusb/src/device/usbd.c.obj
 .rodata._usbd_driver
                0x1000d43c       0x18 CMakeFiles/repl.dir/C_/Users/pico/pico-sdk/lib/tinyusb/src/device/usbd.c.obj
 .rodata.pio_add_program.str1.4
                0x1000d454       0x11 CMakeFiles/repl.dir/C_/Users/pico/pico-sdk/src/rp2_common/hardware_pio/pio.c.obj
 *fill*         0x1000d465        0x3 
 .rodata.__ssvfscanf_r
                0x1000d468      0x458 c:/progra~2/gnutoo~1/62017-~1/bin/../lib/gcc/arm-none-eabi/6.3.1/../../../../arm-none-eabi/lib/thumb/v6-m\libc.a(lib_a-svfscanf.o)
 .rodata.__ssvfscanf_r.str1.4
                0x1000d8c0        0x5 c:/progra~2/gnutoo~1/62017-~1/bin/../lib/gcc/arm-none-eabi/6.3.1/../../../../arm-none-eabi/lib/thumb/v6-m\libc.a(lib_a-svfscanf.o)
 *fill*         0x1000d8c5        0x3 
 .rodata.basefix.7294
                0x1000d8c8       0x22 c:/progra~2/gnutoo~1/62017-~1/bin/../lib/gcc/arm-none-eabi/6.3.1/../../../../arm-none-eabi/lib/thumb/v6-m\libc.a(lib_a-svfscanf.o)
 *fill*         0x1000d8ea        0x2 
 .rodata._setlocale_r.str1.4
                0x1000d8ec        0x6 c:/progra~2/gnutoo~1/62017-~1/bin/../lib/gcc/arm-none-eabi/6.3.1/../../../../arm-none-eabi/lib/thumb/v6-m\libc.a(lib_a-locale.o)
                                  0xd (size before relaxing)
 *fill*         0x1000d8f2        0x2 
 .rodata.str1.4
                0x1000d8f4        0x2 c:/progra~2/gnutoo~1/62017-~1/bin/../lib/gcc/arm-none-eabi/6.3.1/../../../../arm-none-eabi/lib/thumb/v6-m\libc.a(lib_a-locale.o)
 .rodata._mbrtowc_r.str1.4
                0x1000d8f6        0x1 c:/progra~2/gnutoo~1/62017-~1/bin/../lib/gcc/arm-none-eabi/6.3.1/../../../../arm-none-eabi/lib/thumb/v6-m\libc.a(lib_a-mbrtowc.o)
 *fill*         0x1000d8f6        0x2 
 .rodata._strtod_l
                0x1000d8f8       0xd0 c:/progra~2/gnutoo~1/62017-~1/bin/../lib/gcc/arm-none-eabi/6.3.1/../../../../arm-none-eabi/lib/thumb/v6-m\libc.a(lib_a-strtod.o)
 .rodata._strtod_l.str1.4
                0x1000d9c8       0x10 c:/progra~2/gnutoo~1/62017-~1/bin/../lib/gcc/arm-none-eabi/6.3.1/../../../../arm-none-eabi/lib/thumb/v6-m\libc.a(lib_a-strtod.o)
                                  0xf (size before relaxing)
 .rodata.fpi.6141
                0x1000d9d8       0x14 c:/progra~2/gnutoo~1/62017-~1/bin/../lib/gcc/arm-none-eabi/6.3.1/../../../../arm-none-eabi/lib/thumb/v6-m\libc.a(lib_a-strtod.o)
 .rodata.fpinan.6177
                0x1000d9ec       0x14 c:/progra~2/gnutoo~1/62017-~1/bin/../lib/gcc/arm-none-eabi/6.3.1/../../../../arm-none-eabi/lib/thumb/v6-m\libc.a(lib_a-strtod.o)
 .rodata.tinytens
                0x1000da00       0x28 c:/progra~2/gnutoo~1/62017-~1/bin/../lib/gcc/arm-none-eabi/6.3.1/../../../../arm-none-eabi/lib/thumb/v6-m\libc.a(lib_a-strtod.o)
 .rodata._ctype_
                0x1000da28      0x101 c:/progra~2/gnutoo~1/62017-~1/bin/../lib/gcc/arm-none-eabi/6.3.1/../../../../arm-none-eabi/lib/thumb/v6-m\libc.a(lib_a-ctype_.o)
                0x1000da28                _ctype_
 *fill*         0x1000db29        0x3 
 .rodata.__hexdig
                0x1000db2c      0x100 c:/progra~2/gnutoo~1/62017-~1/bin/../lib/gcc/arm-none-eabi/6.3.1/../../../../arm-none-eabi/lib/thumb/v6-m\libc.a(lib_a-gdtoa-gethex.o)
                0x1000db2c                __hexdig
 *fill*         0x1000dc2c        0x4 
 .rodata.__mprec_bigtens
                0x1000dc30       0x28 c:/progra~2/gnutoo~1/62017-~1/bin/../lib/gcc/arm-none-eabi/6.3.1/../../../../arm-none-eabi/lib/thumb/v6-m\libc.a(lib_a-mprec.o)
                0x1000dc30                __mprec_bigtens
 .rodata.__mprec_tens
                0x1000dc58       0xc8 c:/progra~2/gnutoo~1/62017-~1/bin/../lib/gcc/arm-none-eabi/6.3.1/../../../../arm-none-eabi/lib/thumb/v6-m\libc.a(lib_a-mprec.o)
                0x1000dc58                __mprec_tens
 .rodata.p05.6055
                0x1000dd20        0xc c:/progra~2/gnutoo~1/62017-~1/bin/../lib/gcc/arm-none-eabi/6.3.1/../../../../arm-none-eabi/lib/thumb/v6-m\libc.a(lib_a-mprec.o)
                0x1000dd2c                . = ALIGN (0x4)
 *(SORT(.flashdata*))
                0x1000dd2c                . = ALIGN (0x4)

.rel.dyn        0x1000dd2c        0x0
 .rel.iplt      0x1000dd2c        0x0 c:/progra~2/gnutoo~1/62017-~1/bin/../lib/gcc/arm-none-eabi/6.3.1/thumb/v6-m/crtbegin.o

.ARM.extab
 *(.ARM.extab* .gnu.linkonce.armextab.*)
                0x1000dd2c                __exidx_start = .

.ARM.exidx
 *(.ARM.exidx* .gnu.linkonce.armexidx.*)
                0x1000dd2c                __exidx_end = .
                0x1000dd2c                . = ALIGN (0x4)
                0x1000dd2c                __binary_info_start = .

.binary_info    0x1000dd2c       0x20
 *(.binary_info.keep.*)
 .binary_info.keep.__bi_ptr22
                0x1000dd2c        0x4 CMakeFiles/repl.dir/C_/Users/pico/pico-sdk/src/rp2_common/pico_standard_link/binary_info.c.obj
 .binary_info.keep.__bi_ptr30
                0x1000dd30        0x4 CMakeFiles/repl.dir/C_/Users/pico/pico-sdk/src/rp2_common/pico_standard_link/binary_info.c.obj
 .binary_info.keep.__bi_ptr38
                0x1000dd34        0x4 CMakeFiles/repl.dir/C_/Users/pico/pico-sdk/src/rp2_common/pico_standard_link/binary_info.c.obj
 .binary_info.keep.__bi_ptr44
                0x1000dd38        0x4 CMakeFiles/repl.dir/C_/Users/pico/pico-sdk/src/rp2_common/pico_standard_link/binary_info.c.obj
 .binary_info.keep.__bi_ptr50
                0x1000dd3c        0x4 CMakeFiles/repl.dir/C_/Users/pico/pico-sdk/src/rp2_common/pico_standard_link/binary_info.c.obj
 .binary_info.keep.__bi_ptr75
                0x1000dd40        0x4 CMakeFiles/repl.dir/C_/Users/pico/pico-sdk/src/rp2_common/pico_standard_link/binary_info.c.obj
 .binary_info.keep.__bi_ptr81
                0x1000dd44        0x4 CMakeFiles/repl.dir/C_/Users/pico/pico-sdk/src/rp2_common/pico_standard_link/binary_info.c.obj
 *(.binary_info.*)
 .binary_info.__bi_ptr118
                0x1000dd48        0x4 CMakeFiles/repl.dir/C_/Users/pico/pico-sdk/src/rp2_common/pico_stdio_usb/stdio_usb.c.obj
                0x1000dd4c                __binary_info_end = .
                0x1000dd4c                . = ALIGN (0x4)
                0x1000dd4c                __etext = .

.ram_vector_table
                0x20000000       0xc0
 *(.ram_vector_table)
 .ram_vector_table
                0x20000000       0xc0 CMakeFiles/repl.dir/C_/Users/pico/pico-sdk/src/rp2_common/pico_runtime/runtime.c.obj
                0x20000000                ram_vector_table

.data           0x200000c0      0xe0c load address 0x1000dd4c
                0x200000c0                __data_start__ = .
 *(vtable)
 *(.time_critical*)
 .time_critical.mutex_enter_blocking
                0x200000c0       0x48 CMakeFiles/repl.dir/C_/Users/pico/pico-sdk/src/common/pico_sync/mutex.c.obj
                0x200000c0                mutex_enter_blocking
 .time_critical.mutex_try_enter
                0x20000108       0x48 CMakeFiles/repl.dir/C_/Users/pico/pico-sdk/src/common/pico_sync/mutex.c.obj
                0x20000108                mutex_try_enter
 .time_critical.mutex_enter_timeout_ms
                0x20000150       0xa4 CMakeFiles/repl.dir/C_/Users/pico/pico-sdk/src/common/pico_sync/mutex.c.obj
                0x20000150                mutex_enter_timeout_ms
 .time_critical.mutex_exit
                0x200001f4       0x28 CMakeFiles/repl.dir/C_/Users/pico/pico-sdk/src/common/pico_sync/mutex.c.obj
                0x200001f4                mutex_exit
 .time_critical.flash_init_boot2_copyout
                0x2000021c       0x34 CMakeFiles/repl.dir/C_/Users/pico/pico-sdk/src/rp2_common/hardware_flash/flash.c.obj
 .time_critical.flash_enable_xip_via_boot2
                0x20000250       0x10 CMakeFiles/repl.dir/C_/Users/pico/pico-sdk/src/rp2_common/hardware_flash/flash.c.obj
 .time_critical.flash_cs_force
                0x20000260       0x38 CMakeFiles/repl.dir/C_/Users/pico/pico-sdk/src/rp2_common/hardware_flash/flash.c.obj
 .time_critical.flash_do_cmd
                0x20000298       0xac CMakeFiles/repl.dir/C_/Users/pico/pico-sdk/src/rp2_common/hardware_flash/flash.c.obj
                0x20000298                flash_do_cmd
 *(.text*)
 .text          0x20000344        0x4 c:/progra~2/gnutoo~1/62017-~1/bin/../lib/gcc/arm-none-eabi/6.3.1/thumb/v6-m\libgcc.a(_dvmd_tls.o)
                0x20000344                __aeabi_idiv0
                0x20000344                __aeabi_ldiv0
 .text.memmove  0x20000348       0xa0 c:/progra~2/gnutoo~1/62017-~1/bin/../lib/gcc/arm-none-eabi/6.3.1/../../../../arm-none-eabi/lib/thumb/v6-m\libc.a(lib_a-memmove.o)
                0x20000348                memmove
 .text.memmove.__stub
                0x200003e8       0x30 linker stubs
                0x20000418                . = ALIGN (0x4)
 *(.rodata*)
                0x20000418                . = ALIGN (0x4)
 *(.data*)
 .data.addr     0x20000418        0xa CMakeFiles/repl.dir/repl.c.obj
                0x20000418                addr
 *fill*         0x20000422        0x2 
 .data.msg      0x20000424        0x9 CMakeFiles/repl.dir/repl.c.obj
                0x20000424                msg
 .data.striped_spin_lock_num
                0x2000042d        0x1 CMakeFiles/repl.dir/C_/Users/pico/pico-sdk/src/rp2_common/hardware_sync/sync.c.obj
 *fill*         0x2000042e        0x2 
 .data          0x20000430       0x48 CMakeFiles/repl.dir/C_/Users/pico/pico-sdk/src/rp2_common/hardware_irq/irq_handler_chain.S.obj
                0x20000430                irq_handler_chain_slots
                0x20000460                irq_handler_chain_first_slot
                0x2000046a                irq_handler_chain_remove_tail
 .data.default_alarm_pool
                0x20000478       0x18 CMakeFiles/repl.dir/C_/Users/pico/pico-sdk/src/common/pico_time/time.c.obj
 .data.default_alarm_pool_heap
                0x20000490       0x10 CMakeFiles/repl.dir/C_/Users/pico/pico-sdk/src/common/pico_time/time.c.obj
 .data.aeabi_bits_funcs
                0x200004a0       0x10 CMakeFiles/repl.dir/C_/Users/pico/pico-sdk/src/rp2_common/pico_bit_ops/bit_ops_aeabi.S.obj
                0x200004a0                aeabi_bits_funcs
                0x200004b0                aeabi_bits_funcs_end
 .data.aeabi_mem_funcs
                0x200004b0       0x10 CMakeFiles/repl.dir/C_/Users/pico/pico-sdk/src/rp2_common/pico_mem_ops/mem_ops_aeabi.S.obj
                0x200004b0                aeabi_mem_funcs
                0x200004c0                aeabi_mem_funcs_end
 .data.stdio_usb
                0x200004c0       0x14 CMakeFiles/repl.dir/C_/Users/pico/pico-sdk/src/rp2_common/pico_stdio_usb/stdio_usb.c.obj
                0x200004c0                stdio_usb
 .data.ep_dir_string
                0x200004d4        0x8 CMakeFiles/repl.dir/C_/Users/pico/pico-sdk/lib/tinyusb/src/portable/raspberrypi/rp2040/rp2040_usb.c.obj
                0x200004d4                ep_dir_string
 .data._usbd_qdef
                0x200004dc       0x24 CMakeFiles/repl.dir/C_/Users/pico/pico-sdk/lib/tinyusb/src/device/usbd.c.obj
                0x200004dc                _usbd_qdef
 .data._impure_ptr
                0x20000500        0x4 c:/progra~2/gnutoo~1/62017-~1/bin/../lib/gcc/arm-none-eabi/6.3.1/../../../../arm-none-eabi/lib/thumb/v6-m\libc.a(lib_a-impure.o)
                0x20000500                _impure_ptr
 *fill*         0x20000504        0x4 
 .data.impure_data
                0x20000508      0x428 c:/progra~2/gnutoo~1/62017-~1/bin/../lib/gcc/arm-none-eabi/6.3.1/../../../../arm-none-eabi/lib/thumb/v6-m\libc.a(lib_a-impure.o)
 .data.__malloc_av_
                0x20000930      0x408 c:/progra~2/gnutoo~1/62017-~1/bin/../lib/gcc/arm-none-eabi/6.3.1/../../../../arm-none-eabi/lib/thumb/v6-m\libc.a(lib_a-mallocr.o)
                0x20000930                __malloc_av_
 .data.__malloc_sbrk_base
                0x20000d38        0x4 c:/progra~2/gnutoo~1/62017-~1/bin/../lib/gcc/arm-none-eabi/6.3.1/../../../../arm-none-eabi/lib/thumb/v6-m\libc.a(lib_a-mallocr.o)
                0x20000d38                __malloc_sbrk_base
 .data.__malloc_trim_threshold
                0x20000d3c        0x4 c:/progra~2/gnutoo~1/62017-~1/bin/../lib/gcc/arm-none-eabi/6.3.1/../../../../arm-none-eabi/lib/thumb/v6-m\libc.a(lib_a-mallocr.o)
                0x20000d3c                __malloc_trim_threshold
 .data.__global_locale
                0x20000d40      0x16c c:/progra~2/gnutoo~1/62017-~1/bin/../lib/gcc/arm-none-eabi/6.3.1/../../../../arm-none-eabi/lib/thumb/v6-m\libc.a(lib_a-locale.o)
                0x20000d40                __global_locale
                0x20000eac                . = ALIGN (0x4)
 *(.after_data.*)
                0x20000eac                . = ALIGN (0x4)
                0x20000eac                PROVIDE (__mutex_array_start, .)
 *(SORT(.mutex_array.*))
 *(.mutex_array)
 .mutex_array   0x20000eac        0x8 CMakeFiles/repl.dir/C_/Users/pico/pico-sdk/src/rp2_common/pico_stdio/stdio.c.obj
                0x20000eb4                PROVIDE (__mutex_array_end, .)
                0x20000eb4                . = ALIGN (0x4)
                0x20000eb4                PROVIDE (__preinit_array_start, .)
 *(SORT(.preinit_array.*))
 .preinit_array.00001
                0x20000eb4        0x4 CMakeFiles/repl.dir/C_/Users/pico/pico-sdk/src/rp2_common/pico_mem_ops/mem_ops_aeabi.S.obj
 .preinit_array.00010
                0x20000eb8        0x4 CMakeFiles/repl.dir/C_/Users/pico/pico-sdk/src/rp2_common/pico_bit_ops/bit_ops_aeabi.S.obj
 .preinit_array.00020
                0x20000ebc        0x4 CMakeFiles/repl.dir/C_/Users/pico/pico-sdk/src/rp2_common/pico_double/double_aeabi.S.obj
 .preinit_array.00020
                0x20000ec0        0x4 CMakeFiles/repl.dir/C_/Users/pico/pico-sdk/src/rp2_common/pico_float/float_aeabi.S.obj
 *(.preinit_array)
                0x20000ec4                PROVIDE (__preinit_array_end, .)
                0x20000ec4                . = ALIGN (0x4)
                0x20000ec4                PROVIDE (__init_array_start, .)
 *(SORT(.init_array.*))
 *(.init_array)
 .init_array    0x20000ec4        0x4 c:/progra~2/gnutoo~1/62017-~1/bin/../lib/gcc/arm-none-eabi/6.3.1/thumb/v6-m/crtbegin.o
 .init_array    0x20000ec8        0x4 CMakeFiles/repl.dir/C_/Users/pico/pico-sdk/src/rp2_common/pico_unique_id/unique_id.c.obj
                0x20000ecc                PROVIDE (__init_array_end, .)
                0x20000ecc                . = ALIGN (0x4)
                [!provide]                PROVIDE (__fini_array_start, .)
 *(SORT(.fini_array.*))
 *(.fini_array)
                [!provide]                PROVIDE (__fini_array_end, .)
 *(.jcr)
 .jcr           0x20000ecc        0x0 c:/progra~2/gnutoo~1/62017-~1/bin/../lib/gcc/arm-none-eabi/6.3.1/thumb/v6-m/crtbegin.o
                0x20000ecc                . = ALIGN (0x4)
                0x20000ecc                __data_end__ = .

.igot.plt       0x20000ecc        0x0 load address 0x1000eb58
 .igot.plt      0x20000ecc        0x0 c:/progra~2/gnutoo~1/62017-~1/bin/../lib/gcc/arm-none-eabi/6.3.1/thumb/v6-m/crtbegin.o

.uninitialized_data
                0x20000ecc        0x0 load address 0x1000eb58
                0x20000ecc                . = ALIGN (0x4)
 *(.uninitialized_data*)

.scratch_x      0x20040000        0x0 load address 0x1000eb58
                0x20040000                __scratch_x_start__ = .
 *(.scratch_x.*)
                0x20040000                . = ALIGN (0x4)
                0x20040000                __scratch_x_end__ = .
                0x1000eb58                __scratch_x_source__ = LOADADDR (.scratch_x)

.scratch_y      0x20041000        0x0 load address 0x1000eb58
                0x20041000                __scratch_y_start__ = .
 *(.scratch_y.*)
                0x20041000                . = ALIGN (0x4)
                0x20041000                __scratch_y_end__ = .
                0x1000eb58                __scratch_y_source__ = LOADADDR (.scratch_y)

.bss            0x20000ed0      0xe00
                0x20000ed0                . = ALIGN (0x4)
                0x20000ed0                __bss_start__ = .
 *(SORT(.bss*))
 .bss.default_alarm_pool_entries
                0x20000ed0      0x100 CMakeFiles/repl.dir/C_/Users/pico/pico-sdk/src/common/pico_time/time.c.obj
 .bss.last_avail_time.7107
                0x20000fd0        0x8 CMakeFiles/repl.dir/C_/Users/pico/pico-sdk/src/rp2_common/pico_stdio_usb/stdio_usb.c.obj
 .bss           0x20000fd8       0x1c c:/progra~2/gnutoo~1/62017-~1/bin/../lib/gcc/arm-none-eabi/6.3.1/thumb/v6-m/crtbegin.o
 .bss.__malloc_current_mallinfo
                0x20000ff4       0x28 c:/progra~2/gnutoo~1/62017-~1/bin/../lib/gcc/arm-none-eabi/6.3.1/../../../../arm-none-eabi/lib/thumb/v6-m\libc.a(lib_a-mallocr.o)
                0x20000ff4                __malloc_current_mallinfo
 .bss.__malloc_max_sbrked_mem
                0x2000101c        0x4 c:/progra~2/gnutoo~1/62017-~1/bin/../lib/gcc/arm-none-eabi/6.3.1/../../../../arm-none-eabi/lib/thumb/v6-m\libc.a(lib_a-mallocr.o)
                0x2000101c                __malloc_max_sbrked_mem
 .bss.__malloc_max_total_mem
                0x20001020        0x4 c:/progra~2/gnutoo~1/62017-~1/bin/../lib/gcc/arm-none-eabi/6.3.1/../../../../arm-none-eabi/lib/thumb/v6-m\libc.a(lib_a-mallocr.o)
                0x20001020                __malloc_max_total_mem
 .bss.__malloc_top_pad
                0x20001024        0x4 c:/progra~2/gnutoo~1/62017-~1/bin/../lib/gcc/arm-none-eabi/6.3.1/../../../../arm-none-eabi/lib/thumb/v6-m\libc.a(lib_a-mallocr.o)
                0x20001024                __malloc_top_pad
 .bss._app_driver
                0x20001028        0x4 CMakeFiles/repl.dir/C_/Users/pico/pico-sdk/lib/tinyusb/src/device/usbd.c.obj
 .bss._cdcd_itf
                0x2000102c      0x2d8 CMakeFiles/repl.dir/C_/Users/pico/pico-sdk/lib/tinyusb/src/class/cdc/cdc_device.c.obj
 .bss._ctrl_xfer
                0x20001304       0x14 CMakeFiles/repl.dir/C_/Users/pico/pico-sdk/lib/tinyusb/src/device/usbd_control.c.obj
 .bss._ubsd_mutexdef
                0x20001318        0x8 CMakeFiles/repl.dir/C_/Users/pico/pico-sdk/lib/tinyusb/src/device/usbd.c.obj
 .bss._usbd_ctrl_buf
                0x20001320       0x40 CMakeFiles/repl.dir/C_/Users/pico/pico-sdk/lib/tinyusb/src/device/usbd_control.c.obj
 .bss._usbd_dev